#
# There is insufficient memory for the Java Runtime Environment to continue.
# Native memory allocation (malloc) failed to allocate 747136 bytes. Error detail: Chunk::new
# Possible reasons:
#   The system is out of physical RAM or swap space
#   This process is running with CompressedOops enabled, and the Java Heap may be blocking the growth of the native heap
# Possible solutions:
#   Reduce memory load on the system
#   Increase physical memory or swap space
#   Check if swap backing store is full
#   Decrease Java heap size (-Xmx/-Xms)
#   Decrease number of Java threads
#   Decrease Java thread stack sizes (-Xss)
#   Set larger code cache with -XX:ReservedCodeCacheSize=
#   JVM is running with Unscaled Compressed Oops mode in which the Java heap is
#     placed in the first 4GB address space. The Java Heap base address is the
#     maximum limit for the native heap growth. Please use -XX:HeapBaseMinAddress
#     to set the Java Heap base and to place the Java Heap above 4GB virtual address.
# This output file may be truncated or incomplete.
#
#  Out of Memory Error (arena.cpp:168), pid=15720, tid=16644
#
# JRE version: OpenJDK Runtime Environment Temurin-21.0.8+9 (21.0.8+9) (build 21.0.8+9-LTS)
# Java VM: OpenJDK 64-Bit Server VM Temurin-21.0.8+9 (21.0.8+9-LTS, mixed mode, sharing, tiered, compressed oops, compressed class ptrs, g1 gc, windows-amd64)
# No core dump will be written. Minidumps are not enabled by default on client versions of Windows
#

---------------  S U M M A R Y ------------

Command Line: -Dfile.encoding=UTF-8 -Dstdout.encoding=UTF-8 -Dstderr.encoding=UTF-8 -XX:+ShowCodeDetailsInExceptionMessages shopperStack.ShopperStack1

Host: Intel(R) Core(TM) i5-8350U CPU @ 1.70GHz, 8 cores, 7G,  Windows 11 , 64 bit Build 26100 (10.0.26100.7920)
Time: Wed Apr  8 14:38:26 2026 India Standard Time elapsed time: 11.054301 seconds (0d 0h 0m 11s)

---------------  T H R E A D  ---------------

Current thread (0x00000177dfd1dee0):  JavaThread "C2 CompilerThread0" daemon [_thread_in_native, id=16644, stack(0x00000069b5a00000,0x00000069b5b00000) (1024K)]


Current CompileTask:
C2:11054 1868       4       java.lang.invoke.MethodType::methodType (69 bytes)

Stack: [0x00000069b5a00000,0x00000069b5b00000]
Native frames: (J=compiled Java code, j=interpreted, Vv=VM code, C=native code)
V  [jvm.dll+0x6d2449]
V  [jvm.dll+0x8ae341]
V  [jvm.dll+0x8b08be]
V  [jvm.dll+0x8b0fa3]
V  [jvm.dll+0x280c96]
V  [jvm.dll+0xc581d]
V  [jvm.dll+0xc5d53]
V  [jvm.dll+0x2f539d]
V  [jvm.dll+0x5fa00a]
V  [jvm.dll+0x252092]
V  [jvm.dll+0x24a56e]
V  [jvm.dll+0x2483a4]
V  [jvm.dll+0x1c89ee]
V  [jvm.dll+0x257d4d]
V  [jvm.dll+0x2562ea]
V  [jvm.dll+0x3f2d16]
V  [jvm.dll+0x857e6b]
V  [jvm.dll+0x6d0b0d]
C  [ucrtbase.dll+0x37b0]
C  [KERNEL32.DLL+0x2e8d7]
C  [ntdll.dll+0x8c48c]


---------------  P R O C E S S  ---------------

Threads class SMR info:
_java_thread_list=0x00000177e50c46a0, length=28, elements={
0x00000177c5aab1a0, 0x00000177dfd09600, 0x00000177dfd09c60, 0x00000177dfd13bf0,
0x00000177dfd144d0, 0x00000177dfd16b40, 0x00000177dfd1cc30, 0x00000177dfd1dee0,
0x00000177dfd1e580, 0x00000177e4145380, 0x00000177e415d270, 0x00000177e4a2e880,
0x00000177e4bdba90, 0x00000177e4be4c80, 0x00000177e4be9c70, 0x00000177e4bea2d0,
0x00000177e4be68b0, 0x00000177e4b79010, 0x00000177e4f62160, 0x00000177e4f82d20,
0x00000177e4f805c0, 0x00000177e4f80c50, 0x00000177e4f82000, 0x00000177e4f82690,
0x00000177e4f812e0, 0x00000177e4f7f8a0, 0x00000177e4f7ff30, 0x00000177e4f81970
}

Java Threads: ( => current thread )
  0x00000177c5aab1a0 JavaThread "Forwarding get on session 4c8f52a84117d0d97b33831ef38ecd5a to remote"        [_thread_blocked, id=18764, stack(0x00000069b4c00000,0x00000069b4d00000) (1024K)]
  0x00000177dfd09600 JavaThread "Reference Handler"          daemon [_thread_blocked, id=7792, stack(0x00000069b5400000,0x00000069b5500000) (1024K)]
  0x00000177dfd09c60 JavaThread "Finalizer"                  daemon [_thread_blocked, id=17972, stack(0x00000069b5500000,0x00000069b5600000) (1024K)]
  0x00000177dfd13bf0 JavaThread "Signal Dispatcher"          daemon [_thread_blocked, id=15572, stack(0x00000069b5600000,0x00000069b5700000) (1024K)]
  0x00000177dfd144d0 JavaThread "Attach Listener"            daemon [_thread_blocked, id=9384, stack(0x00000069b5700000,0x00000069b5800000) (1024K)]
  0x00000177dfd16b40 JavaThread "Service Thread"             daemon [_thread_blocked, id=3840, stack(0x00000069b5800000,0x00000069b5900000) (1024K)]
  0x00000177dfd1cc30 JavaThread "Monitor Deflation Thread"   daemon [_thread_blocked, id=19172, stack(0x00000069b5900000,0x00000069b5a00000) (1024K)]
=>0x00000177dfd1dee0 JavaThread "C2 CompilerThread0"         daemon [_thread_in_native, id=16644, stack(0x00000069b5a00000,0x00000069b5b00000) (1024K)]
  0x00000177dfd1e580 JavaThread "C1 CompilerThread0"         daemon [_thread_blocked, id=18952, stack(0x00000069b5b00000,0x00000069b5c00000) (1024K)]
  0x00000177e4145380 JavaThread "Notification Thread"        daemon [_thread_blocked, id=7324, stack(0x00000069b5c00000,0x00000069b5d00000) (1024K)]
  0x00000177e415d270 JavaThread "Common-Cleaner"             daemon [_thread_blocked, id=17880, stack(0x00000069b5d00000,0x00000069b5e00000) (1024K)]
  0x00000177e4a2e880 JavaThread "ForkJoinPool.commonPool-worker-1" daemon [_thread_blocked, id=9832, stack(0x00000069b5e00000,0x00000069b5f00000) (1024K)]
  0x00000177e4bdba90 JavaThread "HttpClient-1-SelectorManager" daemon [_thread_in_native, id=15736, stack(0x00000069b6700000,0x00000069b6800000) (1024K)]
  0x00000177e4be4c80 JavaThread "External Process Output Forwarder - C:\Users\Kavya Rajendran\.cache\selenium\chromedriver\win64\146.0.7680.165\chromedriver.exe" daemon [_thread_in_native, id=5024, stack(0x00000069b6800000,0x00000069b6900000) (1024K)]
  0x00000177e4be9c70 JavaThread "Driver Service Executor"    daemon [_thread_blocked, id=18036, stack(0x00000069b6900000,0x00000069b6a00000) (1024K)]
  0x00000177e4bea2d0 JavaThread "Driver Service Executor"    daemon [_thread_in_native, id=16732, stack(0x00000069b6a00000,0x00000069b6b00000) (1024K)]
  0x00000177e4be68b0 JavaThread "UrlChecker-2"               daemon [_thread_blocked, id=17420, stack(0x00000069b6b00000,0x00000069b6c00000) (1024K)]
  0x00000177e4b79010 JavaThread "Keep-Alive-Timer"           daemon [_thread_blocked, id=3168, stack(0x00000069b5f00000,0x00000069b6000000) (1024K)]
  0x00000177e4f62160 JavaThread "JdkHttpClient-0-0"          daemon [_thread_blocked, id=5908, stack(0x00000069b6d00000,0x00000069b6e00000) (1024K)]
  0x00000177e4f82d20 JavaThread "CompletableFutureDelayScheduler" daemon [_thread_blocked, id=18892, stack(0x00000069b6e00000,0x00000069b6f00000) (1024K)]
  0x00000177e4f805c0 JavaThread "JdkHttpClient-0-1"          daemon [_thread_blocked, id=3492, stack(0x00000069b6f00000,0x00000069b7000000) (1024K)]
  0x00000177e4f80c50 JavaThread "JdkHttpClient-0-2"          daemon [_thread_blocked, id=13792, stack(0x00000069b7000000,0x00000069b7100000) (1024K)]
  0x00000177e4f82000 JavaThread "JdkHttpClient-0-3"          daemon [_thread_blocked, id=17228, stack(0x00000069b7100000,0x00000069b7200000) (1024K)]
  0x00000177e4f82690 JavaThread "HttpClient-2-SelectorManager" daemon [_thread_in_native, id=9588, stack(0x00000069b7200000,0x00000069b7300000) (1024K)]
  0x00000177e4f812e0 JavaThread "JdkHttpClient-1-0"          daemon [_thread_blocked, id=14368, stack(0x00000069b7300000,0x00000069b7400000) (1024K)]
  0x00000177e4f7f8a0 JavaThread "JdkHttpClient-1-1"          daemon [_thread_blocked, id=11400, stack(0x00000069b7400000,0x00000069b7500000) (1024K)]
  0x00000177e4f7ff30 JavaThread "JdkHttpClient-1-2"          daemon [_thread_blocked, id=11940, stack(0x00000069b7500000,0x00000069b7600000) (1024K)]
  0x00000177e4f81970 JavaThread "JdkHttpClient-1-3"          daemon [_thread_blocked, id=7956, stack(0x00000069b7600000,0x00000069b7700000) (1024K)]
Total: 28

Other Threads:
  0x00000177dfcee750 VMThread "VM Thread"                           [id=17360, stack(0x00000069b5300000,0x00000069b5400000) (1024K)]
  0x00000177dfcdc270 WatcherThread "VM Periodic Task Thread"        [id=9808, stack(0x00000069b5200000,0x00000069b5300000) (1024K)]
  0x00000177c7e9b1a0 WorkerThread "GC Thread#0"                     [id=14788, stack(0x00000069b4d00000,0x00000069b4e00000) (1024K)]
  0x00000177e4b7ab30 WorkerThread "GC Thread#1"                     [id=4924, stack(0x00000069b6000000,0x00000069b6100000) (1024K)]
  0x00000177e4b7b2e0 WorkerThread "GC Thread#2"                     [id=17432, stack(0x00000069b6100000,0x00000069b6200000) (1024K)]
  0x00000177e5015600 WorkerThread "GC Thread#3"                     [id=8116, stack(0x00000069b6200000,0x00000069b6300000) (1024K)]
  0x00000177e50159a0 WorkerThread "GC Thread#4"                     [id=19360, stack(0x00000069b6300000,0x00000069b6400000) (1024K)]
  0x00000177e5015d40 WorkerThread "GC Thread#5"                     [id=644, stack(0x00000069b6400000,0x00000069b6500000) (1024K)]
  0x00000177e50168f0 WorkerThread "GC Thread#6"                     [id=9208, stack(0x00000069b6500000,0x00000069b6600000) (1024K)]
  0x00000177e5016c90 WorkerThread "GC Thread#7"                     [id=11352, stack(0x00000069b6600000,0x00000069b6700000) (1024K)]
  0x00000177c7eac8e0 ConcurrentGCThread "G1 Main Marker"            [id=15452, stack(0x00000069b4e00000,0x00000069b4f00000) (1024K)]
  0x00000177c7eb1120 WorkerThread "G1 Conc#0"                       [id=10044, stack(0x00000069b4f00000,0x00000069b5000000) (1024K)]
  0x00000177dfb95370 ConcurrentGCThread "G1 Refine#0"               [id=9036, stack(0x00000069b5000000,0x00000069b5100000) (1024K)]
  0x00000177dfb979a0 ConcurrentGCThread "G1 Service"                [id=4100, stack(0x00000069b5100000,0x00000069b5200000) (1024K)]
Total: 14

Threads with active compile tasks:
C2 CompilerThread0  11185 1868       4       java.lang.invoke.MethodType::methodType (69 bytes)
Total: 1

VM state: not at safepoint (normal execution)

VM Mutex/Monitor currently owned by a thread: None

Heap address: 0x0000000081e00000, size: 2018 MB, Compressed Oops mode: 32-bit

CDS archive(s) mapped at: [0x0000017780000000-0x0000017780c80000-0x0000017780c80000), size 13107200, SharedBaseAddress: 0x0000017780000000, ArchiveRelocationMode: 1.
Compressed class space mapped at: 0x0000017781000000-0x00000177c1000000, reserved size: 1073741824
Narrow klass base: 0x0000017780000000, Narrow klass shift: 0, Narrow klass range: 0x100000000

GC Precious Log:
 CardTable entry size: 512
 Card Set container configuration: InlinePtr #cards 5 size 8 Array Of Cards #cards 12 size 40 Howl #buckets 4 coarsen threshold 1843 Howl Bitmap #cards 512 size 80 coarsen threshold 460 Card regions per heap region 1 cards per card region 2048
 CPUs: 8 total, 8 available
 Memory: 8070M
 Large Page Support: Disabled
 NUMA Support: Disabled
 Compressed Oops: Enabled (32-bit)
 Heap Region Size: 1M
 Heap Min Capacity: 8M
 Heap Initial Capacity: 128M
 Heap Max Capacity: 2018M
 Pre-touch: Disabled
 Parallel Workers: 8
 Concurrent Workers: 2
 Concurrent Refinement Workers: 8
 Periodic GC: Disabled

Heap:
 garbage-first heap   total 131072K, used 28031K [0x0000000081e00000, 0x0000000100000000)
  region size 1024K, 21 young (21504K), 3 survivors (3072K)
 Metaspace       used 12435K, committed 12800K, reserved 1114112K
  class space    used 1499K, committed 1664K, reserved 1048576K

Heap Regions: E=young(eden), S=young(survivor), O=old, HS=humongous(starts), HC=humongous(continues), CS=collection set, F=free, TAMS=top-at-mark-start, PB=parsable bottom
|   0|0x0000000081e00000, 0x0000000081f00000, 0x0000000081f00000|100%|HS|  |TAMS 0x0000000081e00000| PB 0x0000000081e00000| Complete 
|   1|0x0000000081f00000, 0x0000000082000000, 0x0000000082000000|100%|HS|  |TAMS 0x0000000081f00000| PB 0x0000000081f00000| Complete 
|   2|0x0000000082000000, 0x0000000082000000, 0x0000000082100000|  0%| F|  |TAMS 0x0000000082000000| PB 0x0000000082000000| Untracked 
|   3|0x0000000082100000, 0x0000000082200000, 0x0000000082200000|100%| O|  |TAMS 0x0000000082100000| PB 0x0000000082100000| Untracked 
|   4|0x0000000082200000, 0x0000000082300000, 0x0000000082300000|100%| O|  |TAMS 0x0000000082200000| PB 0x0000000082200000| Untracked 
|   5|0x0000000082300000, 0x0000000082400000, 0x0000000082400000|100%| O|  |TAMS 0x0000000082300000| PB 0x0000000082300000| Untracked 
|   6|0x0000000082400000, 0x0000000082500000, 0x0000000082500000|100%| O|  |TAMS 0x0000000082400000| PB 0x0000000082400000| Untracked 
|   7|0x0000000082500000, 0x0000000082600000, 0x0000000082600000|100%| O|  |TAMS 0x0000000082500000| PB 0x0000000082500000| Untracked 
|   8|0x0000000082600000, 0x000000008265ffa0, 0x0000000082700000| 37%| O|  |TAMS 0x0000000082600000| PB 0x0000000082600000| Untracked 
|   9|0x0000000082700000, 0x0000000082700000, 0x0000000082800000|  0%| F|  |TAMS 0x0000000082700000| PB 0x0000000082700000| Untracked 
|  10|0x0000000082800000, 0x0000000082800000, 0x0000000082900000|  0%| F|  |TAMS 0x0000000082800000| PB 0x0000000082800000| Untracked 
|  11|0x0000000082900000, 0x0000000082900000, 0x0000000082a00000|  0%| F|  |TAMS 0x0000000082900000| PB 0x0000000082900000| Untracked 
|  12|0x0000000082a00000, 0x0000000082a00000, 0x0000000082b00000|  0%| F|  |TAMS 0x0000000082a00000| PB 0x0000000082a00000| Untracked 
|  13|0x0000000082b00000, 0x0000000082b00000, 0x0000000082c00000|  0%| F|  |TAMS 0x0000000082b00000| PB 0x0000000082b00000| Untracked 
|  14|0x0000000082c00000, 0x0000000082c00000, 0x0000000082d00000|  0%| F|  |TAMS 0x0000000082c00000| PB 0x0000000082c00000| Untracked 
|  15|0x0000000082d00000, 0x0000000082d00000, 0x0000000082e00000|  0%| F|  |TAMS 0x0000000082d00000| PB 0x0000000082d00000| Untracked 
|  16|0x0000000082e00000, 0x0000000082e00000, 0x0000000082f00000|  0%| F|  |TAMS 0x0000000082e00000| PB 0x0000000082e00000| Untracked 
|  17|0x0000000082f00000, 0x0000000082f00000, 0x0000000083000000|  0%| F|  |TAMS 0x0000000082f00000| PB 0x0000000082f00000| Untracked 
|  18|0x0000000083000000, 0x0000000083000000, 0x0000000083100000|  0%| F|  |TAMS 0x0000000083000000| PB 0x0000000083000000| Untracked 
|  19|0x0000000083100000, 0x0000000083100000, 0x0000000083200000|  0%| F|  |TAMS 0x0000000083100000| PB 0x0000000083100000| Untracked 
|  20|0x0000000083200000, 0x0000000083200000, 0x0000000083300000|  0%| F|  |TAMS 0x0000000083200000| PB 0x0000000083200000| Untracked 
|  21|0x0000000083300000, 0x0000000083300000, 0x0000000083400000|  0%| F|  |TAMS 0x0000000083300000| PB 0x0000000083300000| Untracked 
|  22|0x0000000083400000, 0x0000000083400000, 0x0000000083500000|  0%| F|  |TAMS 0x0000000083400000| PB 0x0000000083400000| Untracked 
|  23|0x0000000083500000, 0x0000000083500000, 0x0000000083600000|  0%| F|  |TAMS 0x0000000083500000| PB 0x0000000083500000| Untracked 
|  24|0x0000000083600000, 0x0000000083600000, 0x0000000083700000|  0%| F|  |TAMS 0x0000000083600000| PB 0x0000000083600000| Untracked 
|  25|0x0000000083700000, 0x0000000083700000, 0x0000000083800000|  0%| F|  |TAMS 0x0000000083700000| PB 0x0000000083700000| Untracked 
|  26|0x0000000083800000, 0x0000000083800000, 0x0000000083900000|  0%| F|  |TAMS 0x0000000083800000| PB 0x0000000083800000| Untracked 
|  27|0x0000000083900000, 0x0000000083900000, 0x0000000083a00000|  0%| F|  |TAMS 0x0000000083900000| PB 0x0000000083900000| Untracked 
|  28|0x0000000083a00000, 0x0000000083a00000, 0x0000000083b00000|  0%| F|  |TAMS 0x0000000083a00000| PB 0x0000000083a00000| Untracked 
|  29|0x0000000083b00000, 0x0000000083b00000, 0x0000000083c00000|  0%| F|  |TAMS 0x0000000083b00000| PB 0x0000000083b00000| Untracked 
|  30|0x0000000083c00000, 0x0000000083c00000, 0x0000000083d00000|  0%| F|  |TAMS 0x0000000083c00000| PB 0x0000000083c00000| Untracked 
|  31|0x0000000083d00000, 0x0000000083d00000, 0x0000000083e00000|  0%| F|  |TAMS 0x0000000083d00000| PB 0x0000000083d00000| Untracked 
|  32|0x0000000083e00000, 0x0000000083e00000, 0x0000000083f00000|  0%| F|  |TAMS 0x0000000083e00000| PB 0x0000000083e00000| Untracked 
|  33|0x0000000083f00000, 0x0000000083f00000, 0x0000000084000000|  0%| F|  |TAMS 0x0000000083f00000| PB 0x0000000083f00000| Untracked 
|  34|0x0000000084000000, 0x0000000084000000, 0x0000000084100000|  0%| F|  |TAMS 0x0000000084000000| PB 0x0000000084000000| Untracked 
|  35|0x0000000084100000, 0x0000000084100000, 0x0000000084200000|  0%| F|  |TAMS 0x0000000084100000| PB 0x0000000084100000| Untracked 
|  36|0x0000000084200000, 0x0000000084200000, 0x0000000084300000|  0%| F|  |TAMS 0x0000000084200000| PB 0x0000000084200000| Untracked 
|  37|0x0000000084300000, 0x0000000084300000, 0x0000000084400000|  0%| F|  |TAMS 0x0000000084300000| PB 0x0000000084300000| Untracked 
|  38|0x0000000084400000, 0x0000000084400000, 0x0000000084500000|  0%| F|  |TAMS 0x0000000084400000| PB 0x0000000084400000| Untracked 
|  39|0x0000000084500000, 0x0000000084500000, 0x0000000084600000|  0%| F|  |TAMS 0x0000000084500000| PB 0x0000000084500000| Untracked 
|  40|0x0000000084600000, 0x0000000084600000, 0x0000000084700000|  0%| F|  |TAMS 0x0000000084600000| PB 0x0000000084600000| Untracked 
|  41|0x0000000084700000, 0x0000000084700000, 0x0000000084800000|  0%| F|  |TAMS 0x0000000084700000| PB 0x0000000084700000| Untracked 
|  42|0x0000000084800000, 0x0000000084800000, 0x0000000084900000|  0%| F|  |TAMS 0x0000000084800000| PB 0x0000000084800000| Untracked 
|  43|0x0000000084900000, 0x0000000084900000, 0x0000000084a00000|  0%| F|  |TAMS 0x0000000084900000| PB 0x0000000084900000| Untracked 
|  44|0x0000000084a00000, 0x0000000084a00000, 0x0000000084b00000|  0%| F|  |TAMS 0x0000000084a00000| PB 0x0000000084a00000| Untracked 
|  45|0x0000000084b00000, 0x0000000084b00000, 0x0000000084c00000|  0%| F|  |TAMS 0x0000000084b00000| PB 0x0000000084b00000| Untracked 
|  46|0x0000000084c00000, 0x0000000084c00000, 0x0000000084d00000|  0%| F|  |TAMS 0x0000000084c00000| PB 0x0000000084c00000| Untracked 
|  47|0x0000000084d00000, 0x0000000084d00000, 0x0000000084e00000|  0%| F|  |TAMS 0x0000000084d00000| PB 0x0000000084d00000| Untracked 
|  48|0x0000000084e00000, 0x0000000084e00000, 0x0000000084f00000|  0%| F|  |TAMS 0x0000000084e00000| PB 0x0000000084e00000| Untracked 
|  49|0x0000000084f00000, 0x0000000084f00000, 0x0000000085000000|  0%| F|  |TAMS 0x0000000084f00000| PB 0x0000000084f00000| Untracked 
|  50|0x0000000085000000, 0x0000000085000000, 0x0000000085100000|  0%| F|  |TAMS 0x0000000085000000| PB 0x0000000085000000| Untracked 
|  51|0x0000000085100000, 0x0000000085100000, 0x0000000085200000|  0%| F|  |TAMS 0x0000000085100000| PB 0x0000000085100000| Untracked 
|  52|0x0000000085200000, 0x0000000085200000, 0x0000000085300000|  0%| F|  |TAMS 0x0000000085200000| PB 0x0000000085200000| Untracked 
|  53|0x0000000085300000, 0x0000000085300000, 0x0000000085400000|  0%| F|  |TAMS 0x0000000085300000| PB 0x0000000085300000| Untracked 
|  54|0x0000000085400000, 0x0000000085400000, 0x0000000085500000|  0%| F|  |TAMS 0x0000000085400000| PB 0x0000000085400000| Untracked 
|  55|0x0000000085500000, 0x0000000085500000, 0x0000000085600000|  0%| F|  |TAMS 0x0000000085500000| PB 0x0000000085500000| Untracked 
|  56|0x0000000085600000, 0x0000000085600000, 0x0000000085700000|  0%| F|  |TAMS 0x0000000085600000| PB 0x0000000085600000| Untracked 
|  57|0x0000000085700000, 0x0000000085700000, 0x0000000085800000|  0%| F|  |TAMS 0x0000000085700000| PB 0x0000000085700000| Untracked 
|  58|0x0000000085800000, 0x0000000085800000, 0x0000000085900000|  0%| F|  |TAMS 0x0000000085800000| PB 0x0000000085800000| Untracked 
|  59|0x0000000085900000, 0x0000000085900000, 0x0000000085a00000|  0%| F|  |TAMS 0x0000000085900000| PB 0x0000000085900000| Untracked 
|  60|0x0000000085a00000, 0x0000000085a00000, 0x0000000085b00000|  0%| F|  |TAMS 0x0000000085a00000| PB 0x0000000085a00000| Untracked 
|  61|0x0000000085b00000, 0x0000000085b00000, 0x0000000085c00000|  0%| F|  |TAMS 0x0000000085b00000| PB 0x0000000085b00000| Untracked 
|  62|0x0000000085c00000, 0x0000000085c00000, 0x0000000085d00000|  0%| F|  |TAMS 0x0000000085c00000| PB 0x0000000085c00000| Untracked 
|  63|0x0000000085d00000, 0x0000000085d00000, 0x0000000085e00000|  0%| F|  |TAMS 0x0000000085d00000| PB 0x0000000085d00000| Untracked 
|  64|0x0000000085e00000, 0x0000000085e00000, 0x0000000085f00000|  0%| F|  |TAMS 0x0000000085e00000| PB 0x0000000085e00000| Untracked 
|  65|0x0000000085f00000, 0x0000000085f00000, 0x0000000086000000|  0%| F|  |TAMS 0x0000000085f00000| PB 0x0000000085f00000| Untracked 
|  66|0x0000000086000000, 0x0000000086000000, 0x0000000086100000|  0%| F|  |TAMS 0x0000000086000000| PB 0x0000000086000000| Untracked 
|  67|0x0000000086100000, 0x0000000086100000, 0x0000000086200000|  0%| F|  |TAMS 0x0000000086100000| PB 0x0000000086100000| Untracked 
|  68|0x0000000086200000, 0x0000000086200000, 0x0000000086300000|  0%| F|  |TAMS 0x0000000086200000| PB 0x0000000086200000| Untracked 
|  69|0x0000000086300000, 0x0000000086300000, 0x0000000086400000|  0%| F|  |TAMS 0x0000000086300000| PB 0x0000000086300000| Untracked 
|  70|0x0000000086400000, 0x0000000086400000, 0x0000000086500000|  0%| F|  |TAMS 0x0000000086400000| PB 0x0000000086400000| Untracked 
|  71|0x0000000086500000, 0x0000000086500000, 0x0000000086600000|  0%| F|  |TAMS 0x0000000086500000| PB 0x0000000086500000| Untracked 
|  72|0x0000000086600000, 0x0000000086600000, 0x0000000086700000|  0%| F|  |TAMS 0x0000000086600000| PB 0x0000000086600000| Untracked 
|  73|0x0000000086700000, 0x0000000086700000, 0x0000000086800000|  0%| F|  |TAMS 0x0000000086700000| PB 0x0000000086700000| Untracked 
|  74|0x0000000086800000, 0x0000000086800000, 0x0000000086900000|  0%| F|  |TAMS 0x0000000086800000| PB 0x0000000086800000| Untracked 
|  75|0x0000000086900000, 0x0000000086900000, 0x0000000086a00000|  0%| F|  |TAMS 0x0000000086900000| PB 0x0000000086900000| Untracked 
|  76|0x0000000086a00000, 0x0000000086a00000, 0x0000000086b00000|  0%| F|  |TAMS 0x0000000086a00000| PB 0x0000000086a00000| Untracked 
|  77|0x0000000086b00000, 0x0000000086b00000, 0x0000000086c00000|  0%| F|  |TAMS 0x0000000086b00000| PB 0x0000000086b00000| Untracked 
|  78|0x0000000086c00000, 0x0000000086c00000, 0x0000000086d00000|  0%| F|  |TAMS 0x0000000086c00000| PB 0x0000000086c00000| Untracked 
|  79|0x0000000086d00000, 0x0000000086d00000, 0x0000000086e00000|  0%| F|  |TAMS 0x0000000086d00000| PB 0x0000000086d00000| Untracked 
|  80|0x0000000086e00000, 0x0000000086e00000, 0x0000000086f00000|  0%| F|  |TAMS 0x0000000086e00000| PB 0x0000000086e00000| Untracked 
|  81|0x0000000086f00000, 0x0000000086f00000, 0x0000000087000000|  0%| F|  |TAMS 0x0000000086f00000| PB 0x0000000086f00000| Untracked 
|  82|0x0000000087000000, 0x0000000087000000, 0x0000000087100000|  0%| F|  |TAMS 0x0000000087000000| PB 0x0000000087000000| Untracked 
|  83|0x0000000087100000, 0x0000000087100000, 0x0000000087200000|  0%| F|  |TAMS 0x0000000087100000| PB 0x0000000087100000| Untracked 
|  84|0x0000000087200000, 0x0000000087200000, 0x0000000087300000|  0%| F|  |TAMS 0x0000000087200000| PB 0x0000000087200000| Untracked 
|  85|0x0000000087300000, 0x0000000087300000, 0x0000000087400000|  0%| F|  |TAMS 0x0000000087300000| PB 0x0000000087300000| Untracked 
|  86|0x0000000087400000, 0x0000000087400000, 0x0000000087500000|  0%| F|  |TAMS 0x0000000087400000| PB 0x0000000087400000| Untracked 
|  87|0x0000000087500000, 0x0000000087500000, 0x0000000087600000|  0%| F|  |TAMS 0x0000000087500000| PB 0x0000000087500000| Untracked 
|  88|0x0000000087600000, 0x0000000087600000, 0x0000000087700000|  0%| F|  |TAMS 0x0000000087600000| PB 0x0000000087600000| Untracked 
|  89|0x0000000087700000, 0x0000000087700000, 0x0000000087800000|  0%| F|  |TAMS 0x0000000087700000| PB 0x0000000087700000| Untracked 
|  90|0x0000000087800000, 0x0000000087800000, 0x0000000087900000|  0%| F|  |TAMS 0x0000000087800000| PB 0x0000000087800000| Untracked 
|  91|0x0000000087900000, 0x0000000087900000, 0x0000000087a00000|  0%| F|  |TAMS 0x0000000087900000| PB 0x0000000087900000| Untracked 
|  92|0x0000000087a00000, 0x0000000087a00000, 0x0000000087b00000|  0%| F|  |TAMS 0x0000000087a00000| PB 0x0000000087a00000| Untracked 
|  93|0x0000000087b00000, 0x0000000087b00000, 0x0000000087c00000|  0%| F|  |TAMS 0x0000000087b00000| PB 0x0000000087b00000| Untracked 
|  94|0x0000000087c00000, 0x0000000087c00000, 0x0000000087d00000|  0%| F|  |TAMS 0x0000000087c00000| PB 0x0000000087c00000| Untracked 
|  95|0x0000000087d00000, 0x0000000087d00000, 0x0000000087e00000|  0%| F|  |TAMS 0x0000000087d00000| PB 0x0000000087d00000| Untracked 
|  96|0x0000000087e00000, 0x0000000087e00000, 0x0000000087f00000|  0%| F|  |TAMS 0x0000000087e00000| PB 0x0000000087e00000| Untracked 
|  97|0x0000000087f00000, 0x0000000087f00000, 0x0000000088000000|  0%| F|  |TAMS 0x0000000087f00000| PB 0x0000000087f00000| Untracked 
|  98|0x0000000088000000, 0x0000000088000000, 0x0000000088100000|  0%| F|  |TAMS 0x0000000088000000| PB 0x0000000088000000| Untracked 
|  99|0x0000000088100000, 0x0000000088100000, 0x0000000088200000|  0%| F|  |TAMS 0x0000000088100000| PB 0x0000000088100000| Untracked 
| 100|0x0000000088200000, 0x0000000088200000, 0x0000000088300000|  0%| F|  |TAMS 0x0000000088200000| PB 0x0000000088200000| Untracked 
| 101|0x0000000088300000, 0x0000000088300000, 0x0000000088400000|  0%| F|  |TAMS 0x0000000088300000| PB 0x0000000088300000| Untracked 
| 102|0x0000000088400000, 0x0000000088500000, 0x0000000088500000|100%| S|CS|TAMS 0x0000000088400000| PB 0x0000000088400000| Complete 
| 103|0x0000000088500000, 0x0000000088600000, 0x0000000088600000|100%| S|CS|TAMS 0x0000000088500000| PB 0x0000000088500000| Complete 
| 104|0x0000000088600000, 0x0000000088700000, 0x0000000088700000|100%| S|CS|TAMS 0x0000000088600000| PB 0x0000000088600000| Complete 
| 105|0x0000000088700000, 0x0000000088700000, 0x0000000088800000|  0%| F|  |TAMS 0x0000000088700000| PB 0x0000000088700000| Untracked 
| 106|0x0000000088800000, 0x0000000088800000, 0x0000000088900000|  0%| F|  |TAMS 0x0000000088800000| PB 0x0000000088800000| Untracked 
| 107|0x0000000088900000, 0x0000000088900000, 0x0000000088a00000|  0%| F|  |TAMS 0x0000000088900000| PB 0x0000000088900000| Untracked 
| 108|0x0000000088a00000, 0x0000000088a00000, 0x0000000088b00000|  0%| F|  |TAMS 0x0000000088a00000| PB 0x0000000088a00000| Untracked 
| 109|0x0000000088b00000, 0x0000000088b00000, 0x0000000088c00000|  0%| F|  |TAMS 0x0000000088b00000| PB 0x0000000088b00000| Untracked 
| 110|0x0000000088c00000, 0x0000000088d00000, 0x0000000088d00000|100%| E|  |TAMS 0x0000000088c00000| PB 0x0000000088c00000| Complete 
| 111|0x0000000088d00000, 0x0000000088e00000, 0x0000000088e00000|100%| E|CS|TAMS 0x0000000088d00000| PB 0x0000000088d00000| Complete 
| 112|0x0000000088e00000, 0x0000000088f00000, 0x0000000088f00000|100%| E|CS|TAMS 0x0000000088e00000| PB 0x0000000088e00000| Complete 
| 113|0x0000000088f00000, 0x0000000089000000, 0x0000000089000000|100%| E|CS|TAMS 0x0000000088f00000| PB 0x0000000088f00000| Complete 
| 114|0x0000000089000000, 0x0000000089100000, 0x0000000089100000|100%| E|CS|TAMS 0x0000000089000000| PB 0x0000000089000000| Complete 
| 115|0x0000000089100000, 0x0000000089200000, 0x0000000089200000|100%| E|CS|TAMS 0x0000000089100000| PB 0x0000000089100000| Complete 
| 116|0x0000000089200000, 0x0000000089300000, 0x0000000089300000|100%| E|CS|TAMS 0x0000000089200000| PB 0x0000000089200000| Complete 
| 117|0x0000000089300000, 0x0000000089400000, 0x0000000089400000|100%| E|CS|TAMS 0x0000000089300000| PB 0x0000000089300000| Complete 
| 118|0x0000000089400000, 0x0000000089500000, 0x0000000089500000|100%| E|CS|TAMS 0x0000000089400000| PB 0x0000000089400000| Complete 
| 119|0x0000000089500000, 0x0000000089600000, 0x0000000089600000|100%| E|CS|TAMS 0x0000000089500000| PB 0x0000000089500000| Complete 
| 120|0x0000000089600000, 0x0000000089700000, 0x0000000089700000|100%| E|CS|TAMS 0x0000000089600000| PB 0x0000000089600000| Complete 
| 121|0x0000000089700000, 0x0000000089800000, 0x0000000089800000|100%| E|CS|TAMS 0x0000000089700000| PB 0x0000000089700000| Complete 
| 122|0x0000000089800000, 0x0000000089900000, 0x0000000089900000|100%| E|CS|TAMS 0x0000000089800000| PB 0x0000000089800000| Complete 
| 123|0x0000000089900000, 0x0000000089a00000, 0x0000000089a00000|100%| E|CS|TAMS 0x0000000089900000| PB 0x0000000089900000| Complete 
| 124|0x0000000089a00000, 0x0000000089b00000, 0x0000000089b00000|100%| E|CS|TAMS 0x0000000089a00000| PB 0x0000000089a00000| Complete 
| 125|0x0000000089b00000, 0x0000000089c00000, 0x0000000089c00000|100%| E|CS|TAMS 0x0000000089b00000| PB 0x0000000089b00000| Complete 
| 126|0x0000000089c00000, 0x0000000089d00000, 0x0000000089d00000|100%| E|CS|TAMS 0x0000000089c00000| PB 0x0000000089c00000| Complete 
| 127|0x0000000089d00000, 0x0000000089e00000, 0x0000000089e00000|100%| E|CS|TAMS 0x0000000089d00000| PB 0x0000000089d00000| Complete 

Card table byte_map: [0x00000177daf10000,0x00000177db310000] _byte_map_base: 0x00000177dab01000

Marking Bits: (CMBitMap*) 0x00000177c7e9b8a0
 Bits: [0x00000177db310000, 0x00000177dd298000)

Polling page: 0x00000177c5d00000

Metaspace:

Usage:
  Non-class:     10.68 MB used.
      Class:      1.46 MB used.
       Both:     12.14 MB used.

Virtual space:
  Non-class space:       64.00 MB reserved,      10.88 MB ( 17%) committed,  1 nodes.
      Class space:        1.00 GB reserved,       1.62 MB ( <1%) committed,  1 nodes.
             Both:        1.06 GB reserved,      12.50 MB (  1%) committed. 

Chunk freelists:
   Non-Class:  4.27 MB
       Class:  14.36 MB
        Both:  18.62 MB

MaxMetaspaceSize: unlimited
CompressedClassSpaceSize: 1.00 GB
Initial GC threshold: 21.00 MB
Current GC threshold: 21.00 MB
CDS: on
 - commit_granule_bytes: 65536.
 - commit_granule_words: 8192.
 - virtual_space_node_default_size: 8388608.
 - enlarge_chunks_in_place: 1.
 - use_allocation_guard: 0.


Internal statistics:

num_allocs_failed_limit: 0.
num_arena_births: 334.
num_arena_deaths: 0.
num_vsnodes_births: 2.
num_vsnodes_deaths: 0.
num_space_committed: 200.
num_space_uncommitted: 0.
num_chunks_returned_to_freelist: 0.
num_chunks_taken_from_freelist: 624.
num_chunk_merges: 0.
num_chunk_splits: 365.
num_chunks_enlarged: 197.
num_inconsistent_stats: 0.

CodeHeap 'non-profiled nmethods': size=120000Kb used=612Kb max_used=612Kb free=119387Kb
 bounds [0x00000177d32b0000, 0x00000177d3520000, 0x00000177da7e0000]
CodeHeap 'profiled nmethods': size=120000Kb used=3515Kb max_used=3515Kb free=116484Kb
 bounds [0x00000177cb7e0000, 0x00000177cbb50000, 0x00000177d2d10000]
CodeHeap 'non-nmethods': size=5760Kb used=1461Kb max_used=1477Kb free=4299Kb
 bounds [0x00000177d2d10000, 0x00000177d2f80000, 0x00000177d32b0000]
CodeCache: size=245760Kb, used=5588Kb, max_used=5604Kb, free=240170Kb
 total_blobs=2437, nmethods=1895, adapters=446, full_count=0
Compilation: enabled, stopped_count=0, restarted_count=0

Compilation events (20 events):
Event: 6.906 Thread 0x00000177dfd1e580 1886       3       java.util.TreeMap$PrivateEntryIterator::nextEntry (54 bytes)
Event: 6.907 Thread 0x00000177dfd1e580 nmethod 1886 0x00000177cbb48890 code [0x00000177cbb48a80, 0x00000177cbb48e58]
Event: 6.907 Thread 0x00000177dfd1e580 1889       3       java.util.concurrent.CompletableFuture::<init> (5 bytes)
Event: 6.908 Thread 0x00000177dfd1e580 nmethod 1889 0x00000177cbb49010 code [0x00000177cbb491c0, 0x00000177cbb49328]
Event: 6.908 Thread 0x00000177dfd1e580 1890       3       java.lang.Thread::isVirtual (5 bytes)
Event: 6.908 Thread 0x00000177dfd1e580 nmethod 1890 0x00000177cbb49410 code [0x00000177cbb495c0, 0x00000177cbb497c8]
Event: 6.908 Thread 0x00000177dfd1e580 1891       1       java.util.concurrent.atomic.AtomicReference::get (5 bytes)
Event: 6.909 Thread 0x00000177dfd1e580 nmethod 1891 0x00000177d3348c10 code [0x00000177d3348da0, 0x00000177d3348e68]
Event: 6.910 Thread 0x00000177dfd1e580 1892       3       jdk.internal.net.http.common.MinimalFuture::<init> (20 bytes)
Event: 6.912 Thread 0x00000177dfd1e580 nmethod 1892 0x00000177cbb49890 code [0x00000177cbb49a60, 0x00000177cbb49cd0]
Event: 6.912 Thread 0x00000177dfd1e580 1893       3       java.lang.invoke.VarHandleGuards::guard_LL_V (123 bytes)
Event: 6.922 Thread 0x00000177dfd1e580 nmethod 1893 0x00000177cbb49e10 code [0x00000177cbb4a240, 0x00000177cbb4c738]
Event: 6.922 Thread 0x00000177dfd1e580 1895       3       java.util.Collections$UnmodifiableMap::get (11 bytes)
Event: 6.923 Thread 0x00000177dfd1e580 nmethod 1895 0x00000177cbb4d210 code [0x00000177cbb4d3c0, 0x00000177cbb4d598]
Event: 6.923 Thread 0x00000177dfd1e580 1896       3       java.lang.System::checkKey (34 bytes)
Event: 6.924 Thread 0x00000177dfd1e580 nmethod 1896 0x00000177cbb4d690 code [0x00000177cbb4d880, 0x00000177cbb4dc28]
Event: 6.924 Thread 0x00000177dfd1e580 1897       3       java.lang.invoke.VarHandleReferences$FieldInstanceReadWrite::set (35 bytes)
Event: 6.927 Thread 0x00000177dfd1e580 nmethod 1897 0x00000177cbb4dd90 code [0x00000177cbb4dfc0, 0x00000177cbb4e780]
Event: 6.927 Thread 0x00000177dfd1e580 1898       3       java.util.ImmutableCollections$AbstractImmutableList::<init> (5 bytes)
Event: 6.928 Thread 0x00000177dfd1e580 nmethod 1898 0x00000177cbb4ea90 code [0x00000177cbb4ec40, 0x00000177cbb4ee68]

GC Heap History (2 events):
Event: 1.951 GC heap before
{Heap before GC invocations=0 (full 0):
 garbage-first heap   total 131072K, used 25600K [0x0000000081e00000, 0x0000000100000000)
  region size 1024K, 23 young (23552K), 0 survivors (0K)
 Metaspace       used 6847K, committed 7040K, reserved 1114112K
  class space    used 787K, committed 896K, reserved 1048576K
}
Event: 1.961 GC heap after
{Heap after GC invocations=1 (full 0):
 garbage-first heap   total 131072K, used 10623K [0x0000000081e00000, 0x0000000100000000)
  region size 1024K, 3 young (3072K), 3 survivors (3072K)
 Metaspace       used 6847K, committed 7040K, reserved 1114112K
  class space    used 787K, committed 896K, reserved 1048576K
}

Dll operation events (10 events):
Event: 0.023 Loaded shared library C:\Users\Kavya Rajendran\.p2\pool\plugins\org.eclipse.justj.openjdk.hotspot.jre.full.win32.x86_64_21.0.8.v20250724-1412\jre\bin\java.dll
Event: 0.079 Loaded shared library C:\Users\Kavya Rajendran\.p2\pool\plugins\org.eclipse.justj.openjdk.hotspot.jre.full.win32.x86_64_21.0.8.v20250724-1412\jre\bin\zip.dll
Event: 0.231 Loaded shared library C:\Users\Kavya Rajendran\.p2\pool\plugins\org.eclipse.justj.openjdk.hotspot.jre.full.win32.x86_64_21.0.8.v20250724-1412\jre\bin\net.dll
Event: 0.234 Loaded shared library C:\Users\Kavya Rajendran\.p2\pool\plugins\org.eclipse.justj.openjdk.hotspot.jre.full.win32.x86_64_21.0.8.v20250724-1412\jre\bin\nio.dll
Event: 0.239 Loaded shared library C:\Users\Kavya Rajendran\.p2\pool\plugins\org.eclipse.justj.openjdk.hotspot.jre.full.win32.x86_64_21.0.8.v20250724-1412\jre\bin\zip.dll
Event: 0.343 Loaded shared library C:\Users\Kavya Rajendran\.p2\pool\plugins\org.eclipse.justj.openjdk.hotspot.jre.full.win32.x86_64_21.0.8.v20250724-1412\jre\bin\jimage.dll
Event: 0.513 Loaded shared library C:\Users\Kavya Rajendran\.p2\pool\plugins\org.eclipse.justj.openjdk.hotspot.jre.full.win32.x86_64_21.0.8.v20250724-1412\jre\bin\extnet.dll
Event: 0.599 Loaded shared library C:\Users\Kavya Rajendran\.p2\pool\plugins\org.eclipse.justj.openjdk.hotspot.jre.full.win32.x86_64_21.0.8.v20250724-1412\jre\bin\management.dll
Event: 0.604 Loaded shared library C:\Users\Kavya Rajendran\.p2\pool\plugins\org.eclipse.justj.openjdk.hotspot.jre.full.win32.x86_64_21.0.8.v20250724-1412\jre\bin\management_ext.dll
Event: 1.763 Loaded shared library C:\Users\Kavya Rajendran\.p2\pool\plugins\org.eclipse.justj.openjdk.hotspot.jre.full.win32.x86_64_21.0.8.v20250724-1412\jre\bin\sunmscapi.dll

Deoptimization events (20 events):
Event: 2.843 Thread 0x00000177e4f62160 Uncommon trap: trap_request=0xffffffde fr.pc=0x00000177d3336a5c relative=0x000000000000013c
Event: 2.843 Thread 0x00000177e4f62160 Uncommon trap: reason=class_check action=maybe_recompile pc=0x00000177d3336a5c method=jdk.internal.misc.Unsafe.allocateUninitializedArray(Ljava/lang/Class;I)Ljava/lang/Object; @ 51 c2
Event: 2.843 Thread 0x00000177e4f62160 DEOPT PACKING pc=0x00000177d3336a5c sp=0x00000069b6df9c30
Event: 2.843 Thread 0x00000177e4f62160 DEOPT UNPACKING pc=0x00000177d2d646a2 sp=0x00000069b6df9ba8 mode 2
Event: 2.844 Thread 0x00000177e4f62160 Uncommon trap: trap_request=0xffffffde fr.pc=0x00000177d3336a5c relative=0x000000000000013c
Event: 2.844 Thread 0x00000177e4f62160 Uncommon trap: reason=class_check action=maybe_recompile pc=0x00000177d3336a5c method=jdk.internal.misc.Unsafe.allocateUninitializedArray(Ljava/lang/Class;I)Ljava/lang/Object; @ 51 c2
Event: 2.844 Thread 0x00000177e4f62160 DEOPT PACKING pc=0x00000177d3336a5c sp=0x00000069b6df9bf0
Event: 2.844 Thread 0x00000177e4f62160 DEOPT UNPACKING pc=0x00000177d2d646a2 sp=0x00000069b6df9b68 mode 2
Event: 2.844 Thread 0x00000177e4f62160 Uncommon trap: trap_request=0xffffffde fr.pc=0x00000177d3336a5c relative=0x000000000000013c
Event: 2.844 Thread 0x00000177e4f62160 Uncommon trap: reason=class_check action=maybe_recompile pc=0x00000177d3336a5c method=jdk.internal.misc.Unsafe.allocateUninitializedArray(Ljava/lang/Class;I)Ljava/lang/Object; @ 51 c2
Event: 2.844 Thread 0x00000177e4f62160 DEOPT PACKING pc=0x00000177d3336a5c sp=0x00000069b6df9ba0
Event: 2.844 Thread 0x00000177e4f62160 DEOPT UNPACKING pc=0x00000177d2d646a2 sp=0x00000069b6df9b18 mode 2
Event: 4.351 Thread 0x00000177c5aab1a0 Uncommon trap: trap_request=0xffffffde fr.pc=0x00000177d33275c4 relative=0x0000000000000884
Event: 4.351 Thread 0x00000177c5aab1a0 Uncommon trap: reason=class_check action=maybe_recompile pc=0x00000177d33275c4 method=java.util.HashMap.putVal(ILjava/lang/Object;Ljava/lang/Object;ZZ)Ljava/lang/Object; @ 253 c2
Event: 4.351 Thread 0x00000177c5aab1a0 DEOPT PACKING pc=0x00000177d33275c4 sp=0x00000069b4cfe370
Event: 4.351 Thread 0x00000177c5aab1a0 DEOPT UNPACKING pc=0x00000177d2d646a2 sp=0x00000069b4cfe298 mode 2
Event: 5.790 Thread 0x00000177c5aab1a0 Uncommon trap: trap_request=0xffffff45 fr.pc=0x00000177d3306af4 relative=0x0000000000000054
Event: 5.790 Thread 0x00000177c5aab1a0 Uncommon trap: reason=unstable_if action=reinterpret pc=0x00000177d3306af4 method=java.lang.CharacterData.of(I)Ljava/lang/CharacterData; @ 4 c2
Event: 5.790 Thread 0x00000177c5aab1a0 DEOPT PACKING pc=0x00000177d3306af4 sp=0x00000069b4cfe2e0
Event: 5.790 Thread 0x00000177c5aab1a0 DEOPT UNPACKING pc=0x00000177d2d646a2 sp=0x00000069b4cfe280 mode 2

Classes loaded (20 events):
Event: 5.793 Loading class java/util/ResourceBundle$CacheKeyReference done
Event: 5.793 Loading class java/util/ResourceBundle$KeyElementReference done
Event: 5.793 Loading class java/util/ResourceBundle$3
Event: 5.794 Loading class java/util/ResourceBundle$3 done
Event: 5.794 Loading class sun/util/logging/resources/logging
Event: 5.794 Loading class sun/util/logging/resources/logging done
Event: 5.795 Loading class java/util/ResourceBundle$BundleReference
Event: 5.795 Loading class java/util/ResourceBundle$BundleReference done
Event: 5.795 Loading class sun/util/logging/resources/logging_en
Event: 5.795 Loading class sun/util/logging/resources/logging_en done
Event: 5.795 Loading class sun/util/logging/resources/logging_en
Event: 5.795 Loading class sun/util/logging/resources/logging_en done
Event: 5.796 Loading class sun/util/logging/resources/logging_en_IN
Event: 5.796 Loading class sun/util/logging/resources/logging_en_IN done
Event: 5.796 Loading class sun/util/logging/resources/logging_en_IN
Event: 5.796 Loading class sun/util/logging/resources/logging_en_IN done
Event: 5.797 Loading class java/util/Formatter$DateTime
Event: 5.797 Loading class java/util/Formatter$DateTime done
Event: 5.797 Loading class java/time/ZonedDateTime$1
Event: 5.798 Loading class java/time/ZonedDateTime$1 done

Classes unloaded (0 events):
No events

Classes redefined (0 events):
No events

Internal exceptions (20 events):
Event: 1.896 Thread 0x00000177c5aab1a0 Exception <a 'java/lang/NoSuchMethodError'{0x0000000088bdaeb8}: 'void java.lang.invoke.DirectMethodHandle$Holder.invokeVirtual(java.lang.Object, java.lang.Object)'> (0x0000000088bdaeb8) 
thrown [s\src\hotspot\share\interpreter\linkResolver.cpp, line 773]
Event: 2.001 Thread 0x00000177c5aab1a0 Exception <a 'java/lang/NoSuchMethodError'{0x0000000089b75c00}: 'java.lang.Object java.lang.invoke.DirectMethodHandle$Holder.invokeStaticInit(java.lang.Object, int, int, int, int)'> (0x0000000089b75c00) 
thrown [s\src\hotspot\share\interpreter\linkResolver.cpp, line 773]
Event: 2.042 Thread 0x00000177c5aab1a0 Exception <a 'java/lang/NoSuchMethodError'{0x0000000089a3d3c8}: 'java.lang.Object java.lang.invoke.DirectMethodHandle$Holder.invokeStaticInit(java.lang.Object, java.lang.Object, int, int, int, int)'> (0x0000000089a3d3c8) 
thrown [s\src\hotspot\share\interpreter\linkResolver.cpp, line 773]
Event: 2.225 Thread 0x00000177c5aab1a0 Exception <a 'java/lang/NoSuchMethodError'{0x00000000898003a0}: 'java.lang.Object java.lang.invoke.DirectMethodHandle$Holder.invokeInterface(java.lang.Object, java.lang.Object, java.lang.Object)'> (0x00000000898003a0) 
thrown [s\src\hotspot\share\interpreter\linkResolver.cpp, line 773]
Event: 2.226 Thread 0x00000177c5aab1a0 Exception <a 'java/lang/IncompatibleClassChangeError'{0x00000000898037a8}: Found class java.lang.Object, but interface was expected> (0x00000000898037a8) 
thrown [s\src\hotspot\share\interpreter\linkResolver.cpp, line 840]
Event: 2.228 Thread 0x00000177c5aab1a0 Exception <a 'java/lang/NoSuchMethodError'{0x000000008980add8}: 'int java.lang.invoke.DirectMethodHandle$Holder.invokeSpecialIFC(java.lang.Object, java.lang.Object, java.lang.Object, java.lang.Object)'> (0x000000008980add8) 
thrown [s\src\hotspot\share\interpreter\linkResolver.cpp, line 773]
Event: 2.238 Thread 0x00000177c5aab1a0 Exception <a 'java/lang/NoSuchMethodError'{0x0000000089829530}: 'java.lang.Object java.lang.invoke.DirectMethodHandle$Holder.invokeVirtual(java.lang.Object, java.lang.Object, java.lang.Object, java.lang.Object)'> (0x0000000089829530) 
thrown [s\src\hotspot\share\interpreter\linkResolver.cpp, line 773]
Event: 2.283 Thread 0x00000177e4be68b0 Exception <a 'java/net/ConnectException'{0x00000000898aec08}: Connection refused: getsockopt> (0x00000000898aec08) 
thrown [s\src\hotspot\share\prims\jni.cpp, line 539]
Event: 2.306 Thread 0x00000177e4be68b0 Exception <a 'java/net/ConnectException'{0x00000000898afcd8}: Connection refused: getsockopt> (0x00000000898afcd8) 
thrown [s\src\hotspot\share\prims\jni.cpp, line 539]
Event: 2.351 Thread 0x00000177e4be68b0 Exception <a 'java/net/ConnectException'{0x00000000898b0ba0}: Connection refused: getsockopt> (0x00000000898b0ba0) 
thrown [s\src\hotspot\share\prims\jni.cpp, line 539]
Event: 2.508 Thread 0x00000177c5aab1a0 Exception <a 'java/lang/NoSuchMethodError'{0x0000000089781428}: 'java.lang.Object java.lang.invoke.DirectMethodHandle$Holder.newInvokeSpecial(java.lang.Object, java.lang.Object, int, int)'> (0x0000000089781428) 
thrown [s\src\hotspot\share\interpreter\linkResolver.cpp, line 773]
Event: 2.517 Thread 0x00000177c5aab1a0 Exception <a 'java/lang/NoSuchMethodError'{0x000000008978bca8}: 'void java.lang.invoke.DirectMethodHandle$Holder.invokeStatic(java.lang.Object, java.lang.Object, int)'> (0x000000008978bca8) 
thrown [s\src\hotspot\share\interpreter\linkResolver.cpp, line 773]
Event: 2.566 Thread 0x00000177c5aab1a0 Exception <a 'java/lang/NoSuchMethodError'{0x0000000089606e70}: 'java.lang.Object java.lang.invoke.DirectMethodHandle$Holder.newInvokeSpecial(java.lang.Object, java.lang.Object, java.lang.Object, java.lang.Object, java.lang.Object)'> (0x0000000089606e70) 
thrown [s\src\hotspot\share\interpreter\linkResolver.cpp, line 773]
Event: 2.741 Thread 0x00000177e4f62160 Exception <a 'java/lang/NoSuchMethodError'{0x000000008943e438}: 'java.lang.Object java.lang.invoke.DirectMethodHandle$Holder.invokeSpecial(java.lang.Object, java.lang.Object, java.lang.Object, java.lang.Object, int)'> (0x000000008943e438) 
thrown [s\src\hotspot\share\interpreter\linkResolver.cpp, line 773]
Event: 2.742 Thread 0x00000177e4f62160 Exception <a 'java/lang/NoSuchMethodError'{0x0000000089441ff8}: 'java.lang.Object java.lang.invoke.Invokers$Holder.linkToTargetMethod(java.lang.Object, java.lang.Object, int, java.lang.Object)'> (0x0000000089441ff8) 
thrown [s\src\hotspot\share\interpreter\linkResolver.cpp, line 773]
Event: 2.783 Thread 0x00000177e4f62160 Exception <a 'java/lang/NoSuchMethodError'{0x00000000894b5970}: 'void java.lang.invoke.DirectMethodHandle$Holder.invokeSpecial(java.lang.Object, java.lang.Object, java.lang.Object)'> (0x00000000894b5970) 
thrown [s\src\hotspot\share\interpreter\linkResolver.cpp, line 773]
Event: 2.832 Thread 0x00000177e4f62160 Exception <a 'java/lang/NoSuchMethodError'{0x000000008935b750}: 'void java.lang.invoke.DirectMethodHandle$Holder.invokeSpecial(java.lang.Object, java.lang.Object, java.lang.Object, java.lang.Object, java.lang.Object)'> (0x000000008935b750) 
thrown [s\src\hotspot\share\interpreter\linkResolver.cpp, line 773]
Event: 4.291 Thread 0x00000177e4f805c0 Exception <a 'java/lang/NoSuchMethodError'{0x00000000892f8530}: 'void java.lang.invoke.DirectMethodHandle$Holder.invokeSpecial(java.lang.Object, java.lang.Object, java.lang.Object, java.lang.Object, java.lang.Object, java.lang.Object, java.lang.Object)'> (0x00000000892f8530) 
thrown [s\src\hotspot\share\interpreter\linkResolver.cpp, line 773]
Event: 4.324 Thread 0x00000177c5aab1a0 Exception <a 'java/lang/NoSuchMethodError'{0x0000000089174d78}: 'java.lang.Object java.lang.invoke.DirectMethodHandle$Holder.invokeSpecialIFC(java.lang.Object, java.lang.Object, java.lang.Object)'> (0x0000000089174d78) 
thrown [s\src\hotspot\share\interpreter\linkResolver.cpp, line 773]
Event: 5.794 Thread 0x00000177c5aab1a0 Exception <a 'java/lang/ClassNotFoundException'{0x0000000088c488c0}: sun/util/logging/resources/spi/loggingProvider> (0x0000000088c488c0) 
thrown [s\src\hotspot\share\classfile\systemDictionary.cpp, line 312]

ZGC Phase Switch (0 events):
No events

VM Operations (20 events):
Event: 2.258 Executing VM operation: HandshakeAllThreads (Deoptimize)
Event: 2.258 Executing VM operation: HandshakeAllThreads (Deoptimize) done
Event: 2.408 Executing VM operation: HandshakeAllThreads (Deoptimize)
Event: 2.408 Executing VM operation: HandshakeAllThreads (Deoptimize) done
Event: 3.419 Executing VM operation: Cleanup
Event: 3.419 Executing VM operation: Cleanup done
Event: 4.256 Executing VM operation: HandshakeAllThreads (Deoptimize)
Event: 4.256 Executing VM operation: HandshakeAllThreads (Deoptimize) done
Event: 4.260 Executing VM operation: HandshakeAllThreads (Deoptimize)
Event: 4.260 Executing VM operation: HandshakeAllThreads (Deoptimize) done
Event: 5.268 Executing VM operation: Cleanup
Event: 5.487 Executing VM operation: Cleanup done
Event: 5.752 Executing VM operation: HandshakeAllThreads (Deoptimize)
Event: 5.752 Executing VM operation: HandshakeAllThreads (Deoptimize) done
Event: 5.776 Executing VM operation: HandshakeAllThreads (Deoptimize)
Event: 5.776 Executing VM operation: HandshakeAllThreads (Deoptimize) done
Event: 6.786 Executing VM operation: Cleanup
Event: 6.896 Executing VM operation: Cleanup done
Event: 7.898 Executing VM operation: Cleanup
Event: 7.898 Executing VM operation: Cleanup done

Memory protections (0 events):
No events

Nmethod flushes (0 events):
No events

Events (20 events):
Event: 1.034 Thread 0x00000177e43dba80 Thread exited: 0x00000177e43dba80
Event: 1.343 Thread 0x00000177c5aab1a0 Thread added: 0x00000177e4a2e880
Event: 1.940 Thread 0x00000177dfd1e580 Thread added: 0x00000177e4b79010
Event: 2.182 Thread 0x00000177c5aab1a0 Thread added: 0x00000177e4bdba90
Event: 2.255 Thread 0x00000177c5aab1a0 Thread added: 0x00000177e4be4c80
Event: 2.259 Thread 0x00000177c5aab1a0 Thread added: 0x00000177e4be9c70
Event: 2.260 Thread 0x00000177c5aab1a0 Thread added: 0x00000177e4bea2d0
Event: 2.267 Thread 0x00000177e4be9c70 Thread added: 0x00000177e4be68b0
Event: 2.398 Thread 0x00000177e4b79010 Thread exited: 0x00000177e4b79010
Event: 2.407 Thread 0x00000177e4be68b0 Thread added: 0x00000177e4b79010
Event: 2.608 Thread 0x00000177c5aab1a0 Thread added: 0x00000177e4f62160
Event: 2.619 Thread 0x00000177c5aab1a0 Thread added: 0x00000177e4f82d20
Event: 2.891 Thread 0x00000177e4bdba90 Thread added: 0x00000177e4f805c0
Event: 2.906 Thread 0x00000177e4bdba90 Thread added: 0x00000177e4f80c50
Event: 2.910 Thread 0x00000177e4bdba90 Thread added: 0x00000177e4f82000
Event: 4.452 Thread 0x00000177c5aab1a0 Thread added: 0x00000177e4f82690
Event: 4.455 Thread 0x00000177c5aab1a0 Thread added: 0x00000177e4f812e0
Event: 4.467 Thread 0x00000177e4f82690 Thread added: 0x00000177e4f7f8a0
Event: 5.489 Thread 0x00000177e4f82690 Thread added: 0x00000177e4f7ff30
Event: 5.489 Thread 0x00000177e4f82690 Thread added: 0x00000177e4f81970


Dynamic libraries:
0x00007ff7e5d60000 - 0x00007ff7e5d6e000 	C:\Users\Kavya Rajendran\.p2\pool\plugins\org.eclipse.justj.openjdk.hotspot.jre.full.win32.x86_64_21.0.8.v20250724-1412\jre\bin\javaw.exe
0x00007ffe691e0000 - 0x00007ffe69447000 	C:\WINDOWS\SYSTEM32\ntdll.dll
0x00007ffe67cb0000 - 0x00007ffe67d79000 	C:\WINDOWS\System32\KERNEL32.DLL
0x00007ffe65ac0000 - 0x00007ffe65eb1000 	C:\WINDOWS\System32\KERNELBASE.dll
0x00007ffe661b0000 - 0x00007ffe662fb000 	C:\WINDOWS\System32\ucrtbase.dll
0x00007ffe4d480000 - 0x00007ffe4d49e000 	C:\Users\Kavya Rajendran\.p2\pool\plugins\org.eclipse.justj.openjdk.hotspot.jre.full.win32.x86_64_21.0.8.v20250724-1412\jre\bin\VCRUNTIME140.dll
0x00007ffe4c4e0000 - 0x00007ffe4c4f8000 	C:\Users\Kavya Rajendran\.p2\pool\plugins\org.eclipse.justj.openjdk.hotspot.jre.full.win32.x86_64_21.0.8.v20250724-1412\jre\bin\jli.dll
0x00007ffe68330000 - 0x00007ffe684f5000 	C:\WINDOWS\System32\USER32.dll
0x00007ffe522c0000 - 0x00007ffe52553000 	C:\WINDOWS\WinSxS\amd64_microsoft.windows.common-controls_6595b64144ccf1df_6.0.26100.8037_none_3e092faae333b53b\COMCTL32.dll
0x00007ffe66f50000 - 0x00007ffe66f77000 	C:\WINDOWS\System32\win32u.dll
0x00007ffe67ab0000 - 0x00007ffe67b59000 	C:\WINDOWS\System32\msvcrt.dll
0x00007ffe67ff0000 - 0x00007ffe6801b000 	C:\WINDOWS\System32\GDI32.dll
0x00007ffe66e20000 - 0x00007ffe66f4b000 	C:\WINDOWS\System32\gdi32full.dll
0x00007ffe66b70000 - 0x00007ffe66c13000 	C:\WINDOWS\System32\msvcp_win.dll
0x00007ffe67940000 - 0x00007ffe67971000 	C:\WINDOWS\System32\IMM32.DLL
0x00007ffe56330000 - 0x00007ffe5633c000 	C:\Users\Kavya Rajendran\.p2\pool\plugins\org.eclipse.justj.openjdk.hotspot.jre.full.win32.x86_64_21.0.8.v20250724-1412\jre\bin\vcruntime140_1.dll
0x00007ffe2d210000 - 0x00007ffe2d29d000 	C:\Users\Kavya Rajendran\.p2\pool\plugins\org.eclipse.justj.openjdk.hotspot.jre.full.win32.x86_64_21.0.8.v20250724-1412\jre\bin\msvcp140.dll
0x00007ffdfe3b0000 - 0x00007ffdff147000 	C:\Users\Kavya Rajendran\.p2\pool\plugins\org.eclipse.justj.openjdk.hotspot.jre.full.win32.x86_64_21.0.8.v20250724-1412\jre\bin\server\jvm.dll
0x00007ffe67b70000 - 0x00007ffe67c2b000 	C:\WINDOWS\System32\ADVAPI32.dll
0x00007ffe680b0000 - 0x00007ffe68157000 	C:\WINDOWS\System32\sechost.dll
0x00007ffe67480000 - 0x00007ffe67598000 	C:\WINDOWS\System32\RPCRT4.dll
0x00007ffe67c30000 - 0x00007ffe67ca4000 	C:\WINDOWS\System32\WS2_32.dll
0x00007ffe65940000 - 0x00007ffe6599e000 	C:\WINDOWS\SYSTEM32\POWRPROF.dll
0x00007ffe520a0000 - 0x00007ffe520d5000 	C:\WINDOWS\SYSTEM32\WINMM.dll
0x00007ffe5cb00000 - 0x00007ffe5cb0b000 	C:\WINDOWS\SYSTEM32\VERSION.dll
0x00007ffe65920000 - 0x00007ffe65934000 	C:\WINDOWS\SYSTEM32\UMPDC.dll
0x00007ffe64810000 - 0x00007ffe6482b000 	C:\WINDOWS\SYSTEM32\kernel.appcore.dll
0x00007ffe55cf0000 - 0x00007ffe55cfa000 	C:\Users\Kavya Rajendran\.p2\pool\plugins\org.eclipse.justj.openjdk.hotspot.jre.full.win32.x86_64_21.0.8.v20250724-1412\jre\bin\jimage.dll
0x00007ffe63c10000 - 0x00007ffe63e52000 	C:\WINDOWS\SYSTEM32\DBGHELP.DLL
0x00007ffe66f80000 - 0x00007ffe67302000 	C:\WINDOWS\System32\combase.dll
0x00007ffe67790000 - 0x00007ffe67867000 	C:\WINDOWS\System32\OLEAUT32.dll
0x00007ffe3fea0000 - 0x00007ffe3fedb000 	C:\WINDOWS\SYSTEM32\dbgcore.DLL
0x00007ffe66d70000 - 0x00007ffe66e15000 	C:\WINDOWS\System32\bcryptPrimitives.dll
0x00007ffe4bb50000 - 0x00007ffe4bb6f000 	C:\Users\Kavya Rajendran\.p2\pool\plugins\org.eclipse.justj.openjdk.hotspot.jre.full.win32.x86_64_21.0.8.v20250724-1412\jre\bin\java.dll
0x00007ffe68990000 - 0x00007ffe690ef000 	C:\WINDOWS\System32\SHELL32.dll
0x00007ffe65ec0000 - 0x00007ffe6602a000 	C:\WINDOWS\System32\wintypes.dll
0x00007ffe66300000 - 0x00007ffe66b64000 	C:\WINDOWS\System32\windows.storage.dll
0x00007ffe68160000 - 0x00007ffe68257000 	C:\WINDOWS\System32\SHCORE.dll
0x00007ffe68260000 - 0x00007ffe682c7000 	C:\WINDOWS\System32\shlwapi.dll
0x00007ffe659e0000 - 0x00007ffe65a09000 	C:\WINDOWS\SYSTEM32\profapi.dll
0x00007ffe48a70000 - 0x00007ffe48a88000 	C:\Users\Kavya Rajendran\.p2\pool\plugins\org.eclipse.justj.openjdk.hotspot.jre.full.win32.x86_64_21.0.8.v20250724-1412\jre\bin\zip.dll
0x00007ffe55990000 - 0x00007ffe559a0000 	C:\Users\Kavya Rajendran\.p2\pool\plugins\org.eclipse.justj.openjdk.hotspot.jre.full.win32.x86_64_21.0.8.v20250724-1412\jre\bin\net.dll
0x00007ffe5c360000 - 0x00007ffe5c487000 	C:\WINDOWS\SYSTEM32\WINHTTP.dll
0x00007ffe64d60000 - 0x00007ffe64dcb000 	C:\WINDOWS\system32\mswsock.dll
0x00007ffe3e6c0000 - 0x00007ffe3e6d6000 	C:\Users\Kavya Rajendran\.p2\pool\plugins\org.eclipse.justj.openjdk.hotspot.jre.full.win32.x86_64_21.0.8.v20250724-1412\jre\bin\nio.dll
0x00007ffe51d60000 - 0x00007ffe51d69000 	C:\Users\Kavya Rajendran\.p2\pool\plugins\org.eclipse.justj.openjdk.hotspot.jre.full.win32.x86_64_21.0.8.v20250724-1412\jre\bin\extnet.dll
0x00007ffe64290000 - 0x00007ffe643ba000 	C:\WINDOWS\SYSTEM32\DNSAPI.dll
0x00007ffe64120000 - 0x00007ffe64153000 	C:\WINDOWS\SYSTEM32\IPHLPAPI.DLL
0x00007ffe67310000 - 0x00007ffe6731a000 	C:\WINDOWS\System32\NSI.dll
0x00007ffe560b0000 - 0x00007ffe560bb000 	C:\Windows\System32\rasadhlp.dll
0x00007ffe571d0000 - 0x00007ffe57256000 	C:\WINDOWS\System32\fwpuclnt.dll
0x00007ffe51bb0000 - 0x00007ffe51bba000 	C:\Users\Kavya Rajendran\.p2\pool\plugins\org.eclipse.justj.openjdk.hotspot.jre.full.win32.x86_64_21.0.8.v20250724-1412\jre\bin\management.dll
0x00007ffe515f0000 - 0x00007ffe515fb000 	C:\Users\Kavya Rajendran\.p2\pool\plugins\org.eclipse.justj.openjdk.hotspot.jre.full.win32.x86_64_21.0.8.v20250724-1412\jre\bin\management_ext.dll
0x00007ffe67b60000 - 0x00007ffe67b68000 	C:\WINDOWS\System32\PSAPI.DLL
0x00007ffe4d5b0000 - 0x00007ffe4d5be000 	C:\Users\Kavya Rajendran\.p2\pool\plugins\org.eclipse.justj.openjdk.hotspot.jre.full.win32.x86_64_21.0.8.v20250724-1412\jre\bin\sunmscapi.dll
0x00007ffe66030000 - 0x00007ffe661a7000 	C:\WINDOWS\System32\CRYPT32.dll
0x00007ffe652c0000 - 0x00007ffe652f0000 	C:\WINDOWS\SYSTEM32\ncrypt.dll
0x00007ffe65270000 - 0x00007ffe652af000 	C:\WINDOWS\SYSTEM32\NTASN1.dll
0x00007ffe65160000 - 0x00007ffe6517b000 	C:\WINDOWS\SYSTEM32\CRYPTSP.dll
0x00007ffe64770000 - 0x00007ffe647a9000 	C:\WINDOWS\system32\rsaenh.dll
0x00007ffe64e10000 - 0x00007ffe64e42000 	C:\WINDOWS\SYSTEM32\USERENV.dll
0x00007ffe659b0000 - 0x00007ffe659da000 	C:\WINDOWS\SYSTEM32\bcrypt.dll
0x00007ffe64fc0000 - 0x00007ffe64fcc000 	C:\WINDOWS\SYSTEM32\CRYPTBASE.dll
0x00007ffe52860000 - 0x00007ffe52868000 	C:\WINDOWS\system32\wshunix.dll

JVMTI agents: none

dbghelp: loaded successfully - version: 4.0.5 - missing functions: none
symbol engine: initialized successfully - sym options: 0x614 - pdb path: .;C:\Users\Kavya Rajendran\.p2\pool\plugins\org.eclipse.justj.openjdk.hotspot.jre.full.win32.x86_64_21.0.8.v20250724-1412\jre\bin;C:\WINDOWS\SYSTEM32;C:\WINDOWS\WinSxS\amd64_microsoft.windows.common-controls_6595b64144ccf1df_6.0.26100.8037_none_3e092faae333b53b;C:\Users\Kavya Rajendran\.p2\pool\plugins\org.eclipse.justj.openjdk.hotspot.jre.full.win32.x86_64_21.0.8.v20250724-1412\jre\bin\server

VM Arguments:
jvm_args: -Dfile.encoding=UTF-8 -Dstdout.encoding=UTF-8 -Dstderr.encoding=UTF-8 -XX:+ShowCodeDetailsInExceptionMessages 
java_command: shopperStack.ShopperStack1
java_class_path (initial): C:\Users\Kavya Rajendran\git\repository2\Selenium\target\test-classes;C:\Users\Kavya Rajendran\git\repository2\Selenium\target\classes;C:\Users\Kavya Rajendran\.m2\repository\org\seleniumhq\selenium\selenium-java\4.38.0\selenium-java-4.38.0.jar;C:\Users\Kavya Rajendran\.m2\repository\org\seleniumhq\selenium\selenium-api\4.38.0\selenium-api-4.38.0.jar;C:\Users\Kavya Rajendran\.m2\repository\org\jspecify\jspecify\1.0.0\jspecify-1.0.0.jar;C:\Users\Kavya Rajendran\.m2\repository\org\seleniumhq\selenium\selenium-chrome-driver\4.38.0\selenium-chrome-driver-4.38.0.jar;C:\Users\Kavya Rajendran\.m2\repository\com\google\auto\service\auto-service-annotations\1.1.1\auto-service-annotations-1.1.1.jar;C:\Users\Kavya Rajendran\.m2\repository\org\seleniumhq\selenium\selenium-chromium-driver\4.38.0\selenium-chromium-driver-4.38.0.jar;C:\Users\Kavya Rajendran\.m2\repository\org\seleniumhq\selenium\selenium-json\4.38.0\selenium-json-4.38.0.jar;C:\Users\Kavya Rajendran\.m2\repository\org\seleniumhq\selenium\selenium-manager\4.38.0\selenium-manager-4.38.0.jar;C:\Users\Kavya Rajendran\.m2\repository\org\seleniumhq\selenium\selenium-devtools-v140\4.38.0\selenium-devtools-v140-4.38.0.jar;C:\Users\Kavya Rajendran\.m2\repository\org\seleniumhq\selenium\selenium-devtools-v141\4.38.0\selenium-devtools-v141-4.38.0.jar;C:\Users\Kavya Rajendran\.m2\repository\org\seleniumhq\selenium\selenium-devtools-v142\4.38.0\selenium-devtools-v142-4.38.0.jar;C:\Users\Kavya Rajendran\.m2\repository\org\seleniumhq\selenium\selenium-edge-driver\4.38.0\selenium-edge-driver-4.38.0.jar;C:\Users\Kavya Rajendran\.m2\repository\org\seleniumhq\selenium\selenium-firefox-driver\4.38.0\selenium-firefox-driver-4.38.0.jar;C:\Users\Kavya Rajendran\.m2\repository\org\seleniumhq\selenium\selenium-http\4.38.0\selenium-http-4.38.0.jar;C:\Users\Kavya Rajendran\.m2\repository\org\seleniumhq\selenium\selenium-ie-driver\4.38.0\selenium-ie-driver-4.38.0.jar;C:\Users\Kavya Rajendran\.m2\repository\org\seleniumhq\selenium\selenium-remote-driver\4.38.0\selenium-remote-driver-4.38.0.jar;C:\Users\Kavya Rajendran\.m2\repository\com\google\guava\guava\33.5.0-jre\guava-33.5.0-jre.jar;C:\Users\Kavya Rajendran\.m2\repository\com\google\guava\failureaccess\1.0.3\failureaccess-1.0.3.jar;C:\Users\Kavya Rajendran\.m2\repository\com\google\guava\listenablefuture\9999.0-empty-to-avoid-conflict-with-guava\listenablefuture-9999.0-empty-to-avoid-conflict-with-guava.jar;C:\Users\Kavya Rajendran\.m2\repository\com\google\errorprone\error_prone_annotations\2.41.0\error_prone_annotations-2.41.0.jar;C:\Users\Kavya Rajendran\.m2\repository\com\google\j2objc\j2objc-annotations\3.1\j2objc-annotations-3.1.jar;C:\Users\Kavya Rajendran\.m2\repository\io\opentelemetry\opentelemetry-api\1.55.0\opentelemetry-api-1.55.0.jar;C:\Users\Kavya Rajendran\.m2\repository\io\opentelemetry\opentelemetry-context\1.55.0\opentelemetry-context-1.55.0.jar;C:\Users\Kavya Rajendran\.m2\repository\io\opentelemetry\opentelemetry-common\1.55.0\opentelemetry-common-1.55.0.jar;C:\Users\Kavya Rajendran\.m2\repository\io\opentelemetry\opentelemetry-exporter-logging\1.55.0\opentelemetry-exporter-logging-1.55.0.jar;C:\Users\Kavya Rajendran\.m2\repository\io\opentelemetry\opentelemetry-sdk-common\1.55.0\opentelemetry-sdk-common-1.55.0.jar;C:\Users\Kavya Rajendran\.m2\repository\io\opentelemetry\opentelemetry-sdk-extension-autoconfigure-spi\1.55.0\opentelemetry-sdk-extension-autoconfigure-spi-1.55.0.jar;C:\Users\Kavya Rajendran\.m2\repository\io\opentelemetry\opentelemetry-sdk-extension-autoconfigure\1.55.0\opentelemetry-sdk-extension-autoconfigure-1.55.0.jar;C:\Users\Kavya Rajendran\.m2\repository\io\opentelemetry\opentelemetry-sdk-trace\1.55.0\opentelemetry-sdk-trace-1.55.0.jar;C:\Users\Kavya Rajendran\.m2\repository\io\opentelemetry\opentelemetry-sdk\1.55.0\opentelemetry-sdk-1.55.0.jar;C:\Users\Kavya Rajendran\.m2\repository\io\opentelemetry\opentelemetry-sdk-metrics\1.55.0\opentelemetry-sdk-metrics-1.55.0.jar;C:\Users\Kavya Rajendran\.m2\repository\io\opentelemetry\opentelemetry-sdk-logs\1.55.0\opentelemetry-sdk-logs-1.55.0.jar;C:\Users\Kavya Rajendran\.m2\repository\net\bytebuddy\byte-buddy\1.17.8\byte-buddy-1.17.8.jar;C:\Users\Kavya Rajendran\.m2\repository\org\seleniumhq\selenium\selenium-os\4.38.0\selenium-os-4.38.0.jar;C:\Users\Kavya Rajendran\.m2\repository\org\apache\commons\commons-exec\1.5.0\commons-exec-1.5.0.jar;C:\Users\Kavya Rajendran\.m2\repository\org\seleniumhq\selenium\selenium-safari-driver\4.38.0\selenium-safari-driver-4.38.0.jar;C:\Users\Kavya Rajendran\.m2\repository\org\seleniumhq\selenium\selenium-support\4.38.0\selenium-support-4.38.0.jar;C:\Users\Kavya Rajendran\.m2\repository\org\apache\poi\poi\5.5.1\poi-5.5.1.jar;C:\Users\Kavya Rajendran\.m2\repository\commons-codec\commons-codec\1.20.0\commons-codec-1.20.0.jar;C:\Users\Kavya Rajendran\.m2\repository\org\apache\commons\commons-collections4\4.5.0\commons-collections4-4.5.0.jar;C:\Users\Kavya Rajendran\.m2\repository\org\apache\commons\commons-math3\3.6.1\commons-math3-3.6.1.jar;C:\Users\Kavya Rajendran\.m2\repository\commons-io\commons-io\2.21.0\commons-io-2.21.0.jar;C:\Users\Kavya Rajendran\.m2\repository\com\zaxxer\SparseBitSet\1.3\SparseBitSet-1.3.jar;C:\Users\Kavya Rajendran\.m2\repository\org\apache\logging\log4j\log4j-api\2.24.3\log4j-api-2.24.3.jar;C:\Users\Kavya Rajendran\.m2\repository\org\apache\poi\poi-ooxml\5.5.1\poi-ooxml-5.5.1.jar;C:\Users\Kavya Rajendran\.m2\repository\org\apache\poi\poi-ooxml-lite\5.5.1\poi-ooxml-lite-5.5.1.jar;C:\Users\Kavya Rajendran\.m2\repository\org\apache\xmlbeans\xmlbeans\5.3.0\xmlbeans-5.3.0.jar;C:\Users\Kavya Rajendran\.m2\repository\org\apache\commons\commons-compress\1.28.0\commons-compress-1.28.0.jar;C:\Users\Kavya Rajendran\.m2\repository\org\apache\commons\commons-lang3\3.18.0\commons-lang3-3.18.0.jar;C:\Users\Kavya Rajendran\.m2\repository\com\github\virtuald\curvesapi\1.08\curvesapi-1.08.jar;C:\Users\Kavya Rajendran\.m2\repository\com\googlecode\json-simple\json-simple\1.1\json-simple-1.1.jar;C:\Users\Kavya Rajendran\.m2\repository\org\testng\testng\7.12.0\testng-7.12.0.jar;C:\Users\Kavya Rajendran\.m2\repository\org\slf4j\slf4j-api\2.0.16\slf4j-api-2.0.16.jar;C:\Users\Kavya Rajendran\.m2\repository\org\jcommander\jcommander\1.83\jcommander-1.83.jar;C:\Users\Kavya Rajendran\.m2\repository\org\webjars\jquery\3.7.1\jquery-3.7.1.jar;C:\Users\Kavya Rajendran\.m2\repository\net\sourceforge\tess4j\tess4j\5.18.0\tess4j-5.18.0.jar;C:\Users\Kavya Rajendran\.m2\repository\net\java\dev\jna\jna\5.18.1\jna-5.18.1.jar;C:\Users\Kavya Rajendran\.m2\repository\com\github\jai-imageio\jai-imageio-core\1.4.0\jai-imageio-core-1.4.0.jar;C:\Users\Kavya Rajendran\.m2\repository\org\apache\pdfbox\pdfbox\3.0.6\pdfbox-3.0.6.jar;C:\Users\Kavya Rajendran\.m2\repository\org\apache\pdfbox\pdfbox-io\3.0.6\pdfbox-io-3.0.6.jar;C:\Users\Kavya Rajendran\.m2\repository\org\apache\pdfbox\fontbox\3.0.6\fontbox-3.0.6.jar;C:\Users\Kavya Rajendran\.m2\repository\commons-logging\commons-logging\1.3.5\commons-logging-1.3.5.jar;C:\Users\Kavya Rajendran\.m2\repository\org\apache\pdfbox\pdfbox-tools\3.0.6\pdfbox-tools-3.0.6.jar;C:\Users\Kavya Rajendran\.m2\repository\org\apache\pdfbox\pdfbox-debugger\3.0.6\pdfbox-debugger-3.0.6.jar;C:\Users\Kavya Rajendran\.m2\repository\org\bouncycastle\bcpkix-jdk18on\1.82\bcpkix-jdk18on-1.82.jar;C:\Users\Kavya Rajendran\.m2\repository\org\bouncycastle\bcutil-jdk18on\1.82\bcutil-jdk18on-1.82.jar;C:\Users\Kavya Rajendran\.m2\repository\org\bouncycastle\bcprov-jdk18on\1.82\bcprov-jdk18on-1.82.jar;C:\Users\Kavya Rajendran\.m2\repository\info\picocli\picocli\4.7.7\picocli-4.7.7.jar;C:\Users\Kavya Rajendran\.m2\repository\org\apache\pdfbox\jbig2-imageio\3.0.4\jbig2-imageio-3.0.4.jar;C:\Users\Kavya Rajendran\.m2\repository\net\sourceforge\lept4j\lept4j\1.23.0\lept4j-1.23.0.jar;C:\Users\Kavya Rajendran\.m2\repository\org\jboss\jboss-vfs\3.2.17.Final\jboss-vfs-3.2.17.Final.jar;C:\Users\Kavya Rajendran\.m2\repository\org\jboss\logging\jboss-logging\3.1.4.GA\jboss-logging-3.1.4.GA.jar
Launcher Type: SUN_STANDARD

[Global flags]
     intx CICompilerCount                          = 4                                         {product} {ergonomic}
     uint ConcGCThreads                            = 2                                         {product} {ergonomic}
     uint G1ConcRefinementThreads                  = 8                                         {product} {ergonomic}
   size_t G1HeapRegionSize                         = 1048576                                   {product} {ergonomic}
    uintx GCDrainStackTargetSize                   = 64                                        {product} {ergonomic}
   size_t InitialHeapSize                          = 134217728                                 {product} {ergonomic}
   size_t MarkStackSize                            = 4194304                                   {product} {ergonomic}
   size_t MaxHeapSize                              = 2116026368                                {product} {ergonomic}
   size_t MaxNewSize                               = 1268776960                                {product} {ergonomic}
   size_t MinHeapDeltaBytes                        = 1048576                                   {product} {ergonomic}
   size_t MinHeapSize                              = 8388608                                   {product} {ergonomic}
    uintx NonNMethodCodeHeapSize                   = 5839372                                {pd product} {ergonomic}
    uintx NonProfiledCodeHeapSize                  = 122909434                              {pd product} {ergonomic}
    uintx ProfiledCodeHeapSize                     = 122909434                              {pd product} {ergonomic}
    uintx ReservedCodeCacheSize                    = 251658240                              {pd product} {ergonomic}
     bool SegmentedCodeCache                       = true                                      {product} {ergonomic}
     bool ShowCodeDetailsInExceptionMessages       = true                                   {manageable} {command line}
   size_t SoftMaxHeapSize                          = 2116026368                             {manageable} {ergonomic}
     bool UseCompressedOops                        = true                           {product lp64_product} {ergonomic}
     bool UseG1GC                                  = true                                      {product} {ergonomic}
     bool UseLargePagesIndividualAllocation        = false                                  {pd product} {ergonomic}

Logging:
Log output configuration:
 #0: stdout all=warning uptime,level,tags foldmultilines=false
 #1: stderr all=off uptime,level,tags foldmultilines=false

Environment Variables:
PATH=C:/Users/Kavya Rajendran/.p2/pool/plugins/org.eclipse.justj.openjdk.hotspot.jre.full.win32.x86_64_21.0.10.v20260205-0638/jre/bin/server;C:/Users/Kavya Rajendran/.p2/pool/plugins/org.eclipse.justj.openjdk.hotspot.jre.full.win32.x86_64_21.0.10.v20260205-0638/jre/bin;C:\oracle\product\10.2.0\db_1\bin;C:\Program Files\Common Files\Oracle\Java\javapath;C:\WINDOWS\system32;C:\WINDOWS;C:\WINDOWS\System32\Wbem;C:\WINDOWS\System32\WindowsPowerShell\v1.0\;C:\WINDOWS\System32\OpenSSH\;C:\Users\Kavya Rajendran\AppData\Local\Microsoft\WindowsApps;;C:\Users\Kavya Rajendran\OneDrive\Desktop;
USERNAME=Kavya Rajendran
OS=Windows_NT
PROCESSOR_IDENTIFIER=Intel64 Family 6 Model 142 Stepping 10, GenuineIntel
TMP=C:\Users\KAVYAR~1\AppData\Local\Temp
TEMP=C:\Users\KAVYAR~1\AppData\Local\Temp




Periodic native trim disabled

---------------  S Y S T E M  ---------------

OS:
 Windows 11 , 64 bit Build 26100 (10.0.26100.7920)
OS uptime: 4 days 0:07 hours
Hyper-V role detected

CPU: total 8 (initial active 8) (4 cores per cpu, 2 threads per core) family 6 model 142 stepping 10 microcode 0xf4, cx8, cmov, fxsr, ht, mmx, 3dnowpref, sse, sse2, sse3, ssse3, sse4.1, sse4.2, popcnt, lzcnt, tsc, tscinvbit, avx, avx2, aes, erms, clmul, bmi1, bmi2, rtm, adx, fma, vzeroupper, clflush, clflushopt, hv, rdtscp, f16c
Processor Information for the first 8 processors :
  Max Mhz: 1896, Current Mhz: 1496, Mhz Limit: 1687

Memory: 4k page, system-wide physical 8070M (795M free)
TotalPageFile size 10118M (AvailPageFile size 1M)
current process WorkingSet (physical memory assigned to process): 111M, peak: 111M
current process commit charge ("private bytes"): 238M, peak: 239M

vm_info: OpenJDK 64-Bit Server VM (21.0.8+9-LTS) for windows-amd64 JRE (21.0.8+9-LTS), built on 2025-07-15T00:00:00Z by "admin" with MS VC++ 17.7 (VS2022)

END.
