#
# There is insufficient memory for the Java Runtime Environment to continue.
# Native memory allocation (malloc) failed to allocate 1827696 bytes. Error detail: Chunk::new
# Possible reasons:
#   The system is out of physical RAM or swap space
#   This process is running with CompressedOops enabled, and the Java Heap may be blocking the growth of the native heap
# Possible solutions:
#   Reduce memory load on the system
#   Increase physical memory or swap space
#   Check if swap backing store is full
#   Decrease Java heap size (-Xmx/-Xms)
#   Decrease number of Java threads
#   Decrease Java thread stack sizes (-Xss)
#   Set larger code cache with -XX:ReservedCodeCacheSize=
#   JVM is running with Unscaled Compressed Oops mode in which the Java heap is
#     placed in the first 4GB address space. The Java Heap base address is the
#     maximum limit for the native heap growth. Please use -XX:HeapBaseMinAddress
#     to set the Java Heap base and to place the Java Heap above 4GB virtual address.
# This output file may be truncated or incomplete.
#
#  Out of Memory Error (arena.cpp:168), pid=7488, tid=14304
#
# JRE version: OpenJDK Runtime Environment Temurin-21.0.8+9 (21.0.8+9) (build 21.0.8+9-LTS)
# Java VM: OpenJDK 64-Bit Server VM Temurin-21.0.8+9 (21.0.8+9-LTS, mixed mode, sharing, tiered, compressed oops, compressed class ptrs, g1 gc, windows-amd64)
# No core dump will be written. Minidumps are not enabled by default on client versions of Windows
#

---------------  S U M M A R Y ------------

Command Line: -Dfile.encoding=UTF-8 -Dstdout.encoding=UTF-8 -Dstderr.encoding=UTF-8 -XX:+ShowCodeDetailsInExceptionMessages shopperStack.ShopperStack1

Host: Intel(R) Core(TM) i5-8350U CPU @ 1.70GHz, 8 cores, 7G,  Windows 11 , 64 bit Build 26100 (10.0.26100.7920)
Time: Wed Apr  8 14:35:55 2026 India Standard Time elapsed time: 5.336008 seconds (0d 0h 0m 5s)

---------------  T H R E A D  ---------------

Current thread (0x000001d68fd325b0):  JavaThread "C2 CompilerThread1" daemon [_thread_in_native, id=14304, stack(0x000000d15ca00000,0x000000d15cb00000) (1024K)]


Current CompileTask:
C2:5336 1848       4       java.lang.invoke.MethodType::methodType (69 bytes)

Stack: [0x000000d15ca00000,0x000000d15cb00000]
Native frames: (J=compiled Java code, j=interpreted, Vv=VM code, C=native code)
V  [jvm.dll+0x6d2449]
V  [jvm.dll+0x8ae341]
V  [jvm.dll+0x8b08be]
V  [jvm.dll+0x8b0fa3]
V  [jvm.dll+0x280c96]
V  [jvm.dll+0xc581d]
V  [jvm.dll+0xc5d53]
V  [jvm.dll+0x3b9162]
V  [jvm.dll+0x385315]
V  [jvm.dll+0x38477a]
V  [jvm.dll+0x248ed0]
V  [jvm.dll+0x2484af]
V  [jvm.dll+0x1c89ee]
V  [jvm.dll+0x257d4d]
V  [jvm.dll+0x2562ea]
V  [jvm.dll+0x3f2d16]
V  [jvm.dll+0x857e6b]
V  [jvm.dll+0x6d0b0d]
C  [ucrtbase.dll+0x37b0]
C  [KERNEL32.DLL+0x2e8d7]
C  [ntdll.dll+0x8c48c]


---------------  P R O C E S S  ---------------

Threads class SMR info:
_java_thread_list=0x000001d68fc02480, length=28, elements={
0x000001d62f9fa5a0, 0x000001d649b28090, 0x000001d649b2eda0, 0x000001d649b34b80,
0x000001d649b355d0, 0x000001d649b3e860, 0x000001d649b436e0, 0x000001d649b48990,
0x000001d649b49030, 0x000001d649c885e0, 0x000001d649c92200, 0x000001d68f333250,
0x000001d68fbe3c30, 0x000001d68fc0d940, 0x000001d68fc0ebc0, 0x000001d68f7ef9c0,
0x000001d68fc10e40, 0x000001d68fc1f4c0, 0x000001d68fc351f0, 0x000001d68fc5ecb0,
0x000001d68fc5e620, 0x000001d68fc5f340, 0x000001d68fc61410, 0x000001d68fc5df90,
0x000001d68fc5f9d0, 0x000001d68fc60060, 0x000001d68fc60d80, 0x000001d68fd325b0
}

Java Threads: ( => current thread )
  0x000001d62f9fa5a0 JavaThread "Forwarding get on session 345753ded688518339ce787f8500182b to remote"        [_thread_blocked, id=18588, stack(0x000000d15a000000,0x000000d15a100000) (1024K)]
  0x000001d649b28090 JavaThread "Reference Handler"          daemon [_thread_blocked, id=8268, stack(0x000000d15a800000,0x000000d15a900000) (1024K)]
  0x000001d649b2eda0 JavaThread "Finalizer"                  daemon [_thread_blocked, id=13424, stack(0x000000d15a900000,0x000000d15aa00000) (1024K)]
  0x000001d649b34b80 JavaThread "Signal Dispatcher"          daemon [_thread_blocked, id=10672, stack(0x000000d15aa00000,0x000000d15ab00000) (1024K)]
  0x000001d649b355d0 JavaThread "Attach Listener"            daemon [_thread_blocked, id=11276, stack(0x000000d15ab00000,0x000000d15ac00000) (1024K)]
  0x000001d649b3e860 JavaThread "Service Thread"             daemon [_thread_blocked, id=16684, stack(0x000000d15ac00000,0x000000d15ad00000) (1024K)]
  0x000001d649b436e0 JavaThread "Monitor Deflation Thread"   daemon [_thread_blocked, id=15868, stack(0x000000d15ad00000,0x000000d15ae00000) (1024K)]
  0x000001d649b48990 JavaThread "C2 CompilerThread0"         daemon [_thread_blocked, id=14236, stack(0x000000d15ae00000,0x000000d15af00000) (1024K)]
  0x000001d649b49030 JavaThread "C1 CompilerThread0"         daemon [_thread_blocked, id=17340, stack(0x000000d15af00000,0x000000d15b000000) (1024K)]
  0x000001d649c885e0 JavaThread "Notification Thread"        daemon [_thread_blocked, id=1524, stack(0x000000d15b000000,0x000000d15b100000) (1024K)]
  0x000001d649c92200 JavaThread "Common-Cleaner"             daemon [_thread_blocked, id=3908, stack(0x000000d15b100000,0x000000d15b200000) (1024K)]
  0x000001d68f333250 JavaThread "ForkJoinPool.commonPool-worker-1" daemon [_thread_blocked, id=6072, stack(0x000000d15b200000,0x000000d15b300000) (1024K)]
  0x000001d68fbe3c30 JavaThread "HttpClient-1-SelectorManager" daemon [_thread_in_native, id=15440, stack(0x000000d15bc00000,0x000000d15bd00000) (1024K)]
  0x000001d68fc0d940 JavaThread "External Process Output Forwarder - C:\Users\Kavya Rajendran\.cache\selenium\chromedriver\win64\146.0.7680.165\chromedriver.exe" daemon [_thread_in_native, id=13904, stack(0x000000d15bd00000,0x000000d15be00000) (1024K)]
  0x000001d68fc0ebc0 JavaThread "Driver Service Executor"    daemon [_thread_blocked, id=12248, stack(0x000000d15be00000,0x000000d15bf00000) (1024K)]
  0x000001d68f7ef9c0 JavaThread "Driver Service Executor"    daemon [_thread_in_native, id=5336, stack(0x000000d15b400000,0x000000d15b500000) (1024K)]
  0x000001d68fc10e40 JavaThread "UrlChecker-2"               daemon [_thread_blocked, id=9672, stack(0x000000d15bf00000,0x000000d15c000000) (1024K)]
  0x000001d68fc1f4c0 JavaThread "Keep-Alive-Timer"           daemon [_thread_blocked, id=7588, stack(0x000000d15c100000,0x000000d15c200000) (1024K)]
  0x000001d68fc351f0 JavaThread "JdkHttpClient-0-0"          daemon [_thread_blocked, id=13916, stack(0x000000d15c200000,0x000000d15c300000) (1024K)]
  0x000001d68fc5ecb0 JavaThread "CompletableFutureDelayScheduler" daemon [_thread_blocked, id=2612, stack(0x000000d15c300000,0x000000d15c400000) (1024K)]
  0x000001d68fc5e620 JavaThread "JdkHttpClient-0-1"          daemon [_thread_blocked, id=19016, stack(0x000000d15c400000,0x000000d15c500000) (1024K)]
  0x000001d68fc5f340 JavaThread "JdkHttpClient-0-2"          daemon [_thread_blocked, id=7228, stack(0x000000d15c500000,0x000000d15c600000) (1024K)]
  0x000001d68fc61410 JavaThread "JdkHttpClient-0-3"          daemon [_thread_blocked, id=8588, stack(0x000000d15c600000,0x000000d15c700000) (1024K)]
  0x000001d68fc5df90 JavaThread "HttpClient-2-SelectorManager" daemon [_thread_in_native, id=17052, stack(0x000000d15b300000,0x000000d15b400000) (1024K)]
  0x000001d68fc5f9d0 JavaThread "JdkHttpClient-1-0"          daemon [_thread_blocked, id=10292, stack(0x000000d15c700000,0x000000d15c800000) (1024K)]
  0x000001d68fc60060 JavaThread "JdkHttpClient-1-1"          daemon [_thread_blocked, id=14084, stack(0x000000d15c800000,0x000000d15c900000) (1024K)]
  0x000001d68fc60d80 JavaThread "JdkHttpClient-1-2"          daemon [_thread_blocked, id=13864, stack(0x000000d15c900000,0x000000d15ca00000) (1024K)]
=>0x000001d68fd325b0 JavaThread "C2 CompilerThread1"         daemon [_thread_in_native, id=14304, stack(0x000000d15ca00000,0x000000d15cb00000) (1024K)]
Total: 28

Other Threads:
  0x000001d649b0d160 VMThread "VM Thread"                           [id=4048, stack(0x000000d15a700000,0x000000d15a800000) (1024K)]
  0x000001d649afb3e0 WatcherThread "VM Periodic Task Thread"        [id=9736, stack(0x000000d15a600000,0x000000d15a700000) (1024K)]
  0x000001d631dec240 WorkerThread "GC Thread#0"                     [id=8552, stack(0x000000d15a100000,0x000000d15a200000) (1024K)]
  0x000001d68fb6b080 WorkerThread "GC Thread#1"                     [id=3968, stack(0x000000d15b500000,0x000000d15b600000) (1024K)]
  0x000001d68fb6b420 WorkerThread "GC Thread#2"                     [id=15104, stack(0x000000d15b600000,0x000000d15b700000) (1024K)]
  0x000001d68fb7f690 WorkerThread "GC Thread#3"                     [id=11640, stack(0x000000d15b700000,0x000000d15b800000) (1024K)]
  0x000001d68fb7fa30 WorkerThread "GC Thread#4"                     [id=7704, stack(0x000000d15b800000,0x000000d15b900000) (1024K)]
  0x000001d68fb7fdd0 WorkerThread "GC Thread#5"                     [id=3252, stack(0x000000d15b900000,0x000000d15ba00000) (1024K)]
  0x000001d68fb80170 WorkerThread "GC Thread#6"                     [id=16640, stack(0x000000d15ba00000,0x000000d15bb00000) (1024K)]
  0x000001d68fb81b40 WorkerThread "GC Thread#7"                     [id=10980, stack(0x000000d15bb00000,0x000000d15bc00000) (1024K)]
  0x000001d631dfdce0 ConcurrentGCThread "G1 Main Marker"            [id=15132, stack(0x000000d15a200000,0x000000d15a300000) (1024K)]
  0x000001d631dfef80 WorkerThread "G1 Conc#0"                       [id=13712, stack(0x000000d15a300000,0x000000d15a400000) (1024K)]
  0x000001d6499be1d0 ConcurrentGCThread "G1 Refine#0"               [id=4448, stack(0x000000d15a400000,0x000000d15a500000) (1024K)]
  0x000001d6499be9f0 ConcurrentGCThread "G1 Service"                [id=2680, stack(0x000000d15a500000,0x000000d15a600000) (1024K)]
Total: 14

Threads with active compile tasks:
C2 CompilerThread1  5465 1848       4       java.lang.invoke.MethodType::methodType (69 bytes)
Total: 1

VM state: not at safepoint (normal execution)

VM Mutex/Monitor currently owned by a thread: None

Heap address: 0x0000000081e00000, size: 2018 MB, Compressed Oops mode: 32-bit

CDS archive(s) mapped at: [0x000001d64a000000-0x000001d64ac80000-0x000001d64ac80000), size 13107200, SharedBaseAddress: 0x000001d64a000000, ArchiveRelocationMode: 1.
Compressed class space mapped at: 0x000001d64b000000-0x000001d68b000000, reserved size: 1073741824
Narrow klass base: 0x000001d64a000000, Narrow klass shift: 0, Narrow klass range: 0x100000000

GC Precious Log:
 CardTable entry size: 512
 Card Set container configuration: InlinePtr #cards 5 size 8 Array Of Cards #cards 12 size 40 Howl #buckets 4 coarsen threshold 1843 Howl Bitmap #cards 512 size 80 coarsen threshold 460 Card regions per heap region 1 cards per card region 2048
 CPUs: 8 total, 8 available
 Memory: 8070M
 Large Page Support: Disabled
 NUMA Support: Disabled
 Compressed Oops: Enabled (32-bit)
 Heap Region Size: 1M
 Heap Min Capacity: 8M
 Heap Initial Capacity: 128M
 Heap Max Capacity: 2018M
 Pre-touch: Disabled
 Parallel Workers: 8
 Concurrent Workers: 2
 Concurrent Refinement Workers: 8
 Periodic GC: Disabled

Heap:
 garbage-first heap   total 131072K, used 26666K [0x0000000081e00000, 0x0000000100000000)
  region size 1024K, 21 young (21504K), 3 survivors (3072K)
 Metaspace       used 12422K, committed 12800K, reserved 1114112K
  class space    used 1499K, committed 1664K, reserved 1048576K

Heap Regions: E=young(eden), S=young(survivor), O=old, HS=humongous(starts), HC=humongous(continues), CS=collection set, F=free, TAMS=top-at-mark-start, PB=parsable bottom
|   0|0x0000000081e00000, 0x0000000081f00000, 0x0000000081f00000|100%|HS|  |TAMS 0x0000000081e00000| PB 0x0000000081e00000| Complete 
|   1|0x0000000081f00000, 0x0000000082000000, 0x0000000082000000|100%|HS|  |TAMS 0x0000000081f00000| PB 0x0000000081f00000| Complete 
|   2|0x0000000082000000, 0x0000000082000000, 0x0000000082100000|  0%| F|  |TAMS 0x0000000082000000| PB 0x0000000082000000| Untracked 
|   3|0x0000000082100000, 0x0000000082200000, 0x0000000082200000|100%| O|  |TAMS 0x0000000082100000| PB 0x0000000082100000| Untracked 
|   4|0x0000000082200000, 0x0000000082300000, 0x0000000082300000|100%| O|  |TAMS 0x0000000082200000| PB 0x0000000082200000| Untracked 
|   5|0x0000000082300000, 0x0000000082400000, 0x0000000082400000|100%| O|  |TAMS 0x0000000082300000| PB 0x0000000082300000| Untracked 
|   6|0x0000000082400000, 0x0000000082500000, 0x0000000082500000|100%| O|  |TAMS 0x0000000082400000| PB 0x0000000082400000| Untracked 
|   7|0x0000000082500000, 0x0000000082600000, 0x0000000082600000|100%| O|  |TAMS 0x0000000082500000| PB 0x0000000082500000| Untracked 
|   8|0x0000000082600000, 0x000000008260aaa0, 0x0000000082700000|  4%| O|  |TAMS 0x0000000082600000| PB 0x0000000082600000| Untracked 
|   9|0x0000000082700000, 0x0000000082700000, 0x0000000082800000|  0%| F|  |TAMS 0x0000000082700000| PB 0x0000000082700000| Untracked 
|  10|0x0000000082800000, 0x0000000082800000, 0x0000000082900000|  0%| F|  |TAMS 0x0000000082800000| PB 0x0000000082800000| Untracked 
|  11|0x0000000082900000, 0x0000000082900000, 0x0000000082a00000|  0%| F|  |TAMS 0x0000000082900000| PB 0x0000000082900000| Untracked 
|  12|0x0000000082a00000, 0x0000000082a00000, 0x0000000082b00000|  0%| F|  |TAMS 0x0000000082a00000| PB 0x0000000082a00000| Untracked 
|  13|0x0000000082b00000, 0x0000000082b00000, 0x0000000082c00000|  0%| F|  |TAMS 0x0000000082b00000| PB 0x0000000082b00000| Untracked 
|  14|0x0000000082c00000, 0x0000000082c00000, 0x0000000082d00000|  0%| F|  |TAMS 0x0000000082c00000| PB 0x0000000082c00000| Untracked 
|  15|0x0000000082d00000, 0x0000000082d00000, 0x0000000082e00000|  0%| F|  |TAMS 0x0000000082d00000| PB 0x0000000082d00000| Untracked 
|  16|0x0000000082e00000, 0x0000000082e00000, 0x0000000082f00000|  0%| F|  |TAMS 0x0000000082e00000| PB 0x0000000082e00000| Untracked 
|  17|0x0000000082f00000, 0x0000000082f00000, 0x0000000083000000|  0%| F|  |TAMS 0x0000000082f00000| PB 0x0000000082f00000| Untracked 
|  18|0x0000000083000000, 0x0000000083000000, 0x0000000083100000|  0%| F|  |TAMS 0x0000000083000000| PB 0x0000000083000000| Untracked 
|  19|0x0000000083100000, 0x0000000083100000, 0x0000000083200000|  0%| F|  |TAMS 0x0000000083100000| PB 0x0000000083100000| Untracked 
|  20|0x0000000083200000, 0x0000000083200000, 0x0000000083300000|  0%| F|  |TAMS 0x0000000083200000| PB 0x0000000083200000| Untracked 
|  21|0x0000000083300000, 0x0000000083300000, 0x0000000083400000|  0%| F|  |TAMS 0x0000000083300000| PB 0x0000000083300000| Untracked 
|  22|0x0000000083400000, 0x0000000083400000, 0x0000000083500000|  0%| F|  |TAMS 0x0000000083400000| PB 0x0000000083400000| Untracked 
|  23|0x0000000083500000, 0x0000000083500000, 0x0000000083600000|  0%| F|  |TAMS 0x0000000083500000| PB 0x0000000083500000| Untracked 
|  24|0x0000000083600000, 0x0000000083600000, 0x0000000083700000|  0%| F|  |TAMS 0x0000000083600000| PB 0x0000000083600000| Untracked 
|  25|0x0000000083700000, 0x0000000083700000, 0x0000000083800000|  0%| F|  |TAMS 0x0000000083700000| PB 0x0000000083700000| Untracked 
|  26|0x0000000083800000, 0x0000000083800000, 0x0000000083900000|  0%| F|  |TAMS 0x0000000083800000| PB 0x0000000083800000| Untracked 
|  27|0x0000000083900000, 0x0000000083900000, 0x0000000083a00000|  0%| F|  |TAMS 0x0000000083900000| PB 0x0000000083900000| Untracked 
|  28|0x0000000083a00000, 0x0000000083a00000, 0x0000000083b00000|  0%| F|  |TAMS 0x0000000083a00000| PB 0x0000000083a00000| Untracked 
|  29|0x0000000083b00000, 0x0000000083b00000, 0x0000000083c00000|  0%| F|  |TAMS 0x0000000083b00000| PB 0x0000000083b00000| Untracked 
|  30|0x0000000083c00000, 0x0000000083c00000, 0x0000000083d00000|  0%| F|  |TAMS 0x0000000083c00000| PB 0x0000000083c00000| Untracked 
|  31|0x0000000083d00000, 0x0000000083d00000, 0x0000000083e00000|  0%| F|  |TAMS 0x0000000083d00000| PB 0x0000000083d00000| Untracked 
|  32|0x0000000083e00000, 0x0000000083e00000, 0x0000000083f00000|  0%| F|  |TAMS 0x0000000083e00000| PB 0x0000000083e00000| Untracked 
|  33|0x0000000083f00000, 0x0000000083f00000, 0x0000000084000000|  0%| F|  |TAMS 0x0000000083f00000| PB 0x0000000083f00000| Untracked 
|  34|0x0000000084000000, 0x0000000084000000, 0x0000000084100000|  0%| F|  |TAMS 0x0000000084000000| PB 0x0000000084000000| Untracked 
|  35|0x0000000084100000, 0x0000000084100000, 0x0000000084200000|  0%| F|  |TAMS 0x0000000084100000| PB 0x0000000084100000| Untracked 
|  36|0x0000000084200000, 0x0000000084200000, 0x0000000084300000|  0%| F|  |TAMS 0x0000000084200000| PB 0x0000000084200000| Untracked 
|  37|0x0000000084300000, 0x0000000084300000, 0x0000000084400000|  0%| F|  |TAMS 0x0000000084300000| PB 0x0000000084300000| Untracked 
|  38|0x0000000084400000, 0x0000000084400000, 0x0000000084500000|  0%| F|  |TAMS 0x0000000084400000| PB 0x0000000084400000| Untracked 
|  39|0x0000000084500000, 0x0000000084500000, 0x0000000084600000|  0%| F|  |TAMS 0x0000000084500000| PB 0x0000000084500000| Untracked 
|  40|0x0000000084600000, 0x0000000084600000, 0x0000000084700000|  0%| F|  |TAMS 0x0000000084600000| PB 0x0000000084600000| Untracked 
|  41|0x0000000084700000, 0x0000000084700000, 0x0000000084800000|  0%| F|  |TAMS 0x0000000084700000| PB 0x0000000084700000| Untracked 
|  42|0x0000000084800000, 0x0000000084800000, 0x0000000084900000|  0%| F|  |TAMS 0x0000000084800000| PB 0x0000000084800000| Untracked 
|  43|0x0000000084900000, 0x0000000084900000, 0x0000000084a00000|  0%| F|  |TAMS 0x0000000084900000| PB 0x0000000084900000| Untracked 
|  44|0x0000000084a00000, 0x0000000084a00000, 0x0000000084b00000|  0%| F|  |TAMS 0x0000000084a00000| PB 0x0000000084a00000| Untracked 
|  45|0x0000000084b00000, 0x0000000084b00000, 0x0000000084c00000|  0%| F|  |TAMS 0x0000000084b00000| PB 0x0000000084b00000| Untracked 
|  46|0x0000000084c00000, 0x0000000084c00000, 0x0000000084d00000|  0%| F|  |TAMS 0x0000000084c00000| PB 0x0000000084c00000| Untracked 
|  47|0x0000000084d00000, 0x0000000084d00000, 0x0000000084e00000|  0%| F|  |TAMS 0x0000000084d00000| PB 0x0000000084d00000| Untracked 
|  48|0x0000000084e00000, 0x0000000084e00000, 0x0000000084f00000|  0%| F|  |TAMS 0x0000000084e00000| PB 0x0000000084e00000| Untracked 
|  49|0x0000000084f00000, 0x0000000084f00000, 0x0000000085000000|  0%| F|  |TAMS 0x0000000084f00000| PB 0x0000000084f00000| Untracked 
|  50|0x0000000085000000, 0x0000000085000000, 0x0000000085100000|  0%| F|  |TAMS 0x0000000085000000| PB 0x0000000085000000| Untracked 
|  51|0x0000000085100000, 0x0000000085100000, 0x0000000085200000|  0%| F|  |TAMS 0x0000000085100000| PB 0x0000000085100000| Untracked 
|  52|0x0000000085200000, 0x0000000085200000, 0x0000000085300000|  0%| F|  |TAMS 0x0000000085200000| PB 0x0000000085200000| Untracked 
|  53|0x0000000085300000, 0x0000000085300000, 0x0000000085400000|  0%| F|  |TAMS 0x0000000085300000| PB 0x0000000085300000| Untracked 
|  54|0x0000000085400000, 0x0000000085400000, 0x0000000085500000|  0%| F|  |TAMS 0x0000000085400000| PB 0x0000000085400000| Untracked 
|  55|0x0000000085500000, 0x0000000085500000, 0x0000000085600000|  0%| F|  |TAMS 0x0000000085500000| PB 0x0000000085500000| Untracked 
|  56|0x0000000085600000, 0x0000000085600000, 0x0000000085700000|  0%| F|  |TAMS 0x0000000085600000| PB 0x0000000085600000| Untracked 
|  57|0x0000000085700000, 0x0000000085700000, 0x0000000085800000|  0%| F|  |TAMS 0x0000000085700000| PB 0x0000000085700000| Untracked 
|  58|0x0000000085800000, 0x0000000085800000, 0x0000000085900000|  0%| F|  |TAMS 0x0000000085800000| PB 0x0000000085800000| Untracked 
|  59|0x0000000085900000, 0x0000000085900000, 0x0000000085a00000|  0%| F|  |TAMS 0x0000000085900000| PB 0x0000000085900000| Untracked 
|  60|0x0000000085a00000, 0x0000000085a00000, 0x0000000085b00000|  0%| F|  |TAMS 0x0000000085a00000| PB 0x0000000085a00000| Untracked 
|  61|0x0000000085b00000, 0x0000000085b00000, 0x0000000085c00000|  0%| F|  |TAMS 0x0000000085b00000| PB 0x0000000085b00000| Untracked 
|  62|0x0000000085c00000, 0x0000000085c00000, 0x0000000085d00000|  0%| F|  |TAMS 0x0000000085c00000| PB 0x0000000085c00000| Untracked 
|  63|0x0000000085d00000, 0x0000000085d00000, 0x0000000085e00000|  0%| F|  |TAMS 0x0000000085d00000| PB 0x0000000085d00000| Untracked 
|  64|0x0000000085e00000, 0x0000000085e00000, 0x0000000085f00000|  0%| F|  |TAMS 0x0000000085e00000| PB 0x0000000085e00000| Untracked 
|  65|0x0000000085f00000, 0x0000000085f00000, 0x0000000086000000|  0%| F|  |TAMS 0x0000000085f00000| PB 0x0000000085f00000| Untracked 
|  66|0x0000000086000000, 0x0000000086000000, 0x0000000086100000|  0%| F|  |TAMS 0x0000000086000000| PB 0x0000000086000000| Untracked 
|  67|0x0000000086100000, 0x0000000086100000, 0x0000000086200000|  0%| F|  |TAMS 0x0000000086100000| PB 0x0000000086100000| Untracked 
|  68|0x0000000086200000, 0x0000000086200000, 0x0000000086300000|  0%| F|  |TAMS 0x0000000086200000| PB 0x0000000086200000| Untracked 
|  69|0x0000000086300000, 0x0000000086300000, 0x0000000086400000|  0%| F|  |TAMS 0x0000000086300000| PB 0x0000000086300000| Untracked 
|  70|0x0000000086400000, 0x0000000086400000, 0x0000000086500000|  0%| F|  |TAMS 0x0000000086400000| PB 0x0000000086400000| Untracked 
|  71|0x0000000086500000, 0x0000000086500000, 0x0000000086600000|  0%| F|  |TAMS 0x0000000086500000| PB 0x0000000086500000| Untracked 
|  72|0x0000000086600000, 0x0000000086600000, 0x0000000086700000|  0%| F|  |TAMS 0x0000000086600000| PB 0x0000000086600000| Untracked 
|  73|0x0000000086700000, 0x0000000086700000, 0x0000000086800000|  0%| F|  |TAMS 0x0000000086700000| PB 0x0000000086700000| Untracked 
|  74|0x0000000086800000, 0x0000000086800000, 0x0000000086900000|  0%| F|  |TAMS 0x0000000086800000| PB 0x0000000086800000| Untracked 
|  75|0x0000000086900000, 0x0000000086900000, 0x0000000086a00000|  0%| F|  |TAMS 0x0000000086900000| PB 0x0000000086900000| Untracked 
|  76|0x0000000086a00000, 0x0000000086a00000, 0x0000000086b00000|  0%| F|  |TAMS 0x0000000086a00000| PB 0x0000000086a00000| Untracked 
|  77|0x0000000086b00000, 0x0000000086b00000, 0x0000000086c00000|  0%| F|  |TAMS 0x0000000086b00000| PB 0x0000000086b00000| Untracked 
|  78|0x0000000086c00000, 0x0000000086c00000, 0x0000000086d00000|  0%| F|  |TAMS 0x0000000086c00000| PB 0x0000000086c00000| Untracked 
|  79|0x0000000086d00000, 0x0000000086d00000, 0x0000000086e00000|  0%| F|  |TAMS 0x0000000086d00000| PB 0x0000000086d00000| Untracked 
|  80|0x0000000086e00000, 0x0000000086e00000, 0x0000000086f00000|  0%| F|  |TAMS 0x0000000086e00000| PB 0x0000000086e00000| Untracked 
|  81|0x0000000086f00000, 0x0000000086f00000, 0x0000000087000000|  0%| F|  |TAMS 0x0000000086f00000| PB 0x0000000086f00000| Untracked 
|  82|0x0000000087000000, 0x0000000087000000, 0x0000000087100000|  0%| F|  |TAMS 0x0000000087000000| PB 0x0000000087000000| Untracked 
|  83|0x0000000087100000, 0x0000000087100000, 0x0000000087200000|  0%| F|  |TAMS 0x0000000087100000| PB 0x0000000087100000| Untracked 
|  84|0x0000000087200000, 0x0000000087200000, 0x0000000087300000|  0%| F|  |TAMS 0x0000000087200000| PB 0x0000000087200000| Untracked 
|  85|0x0000000087300000, 0x0000000087300000, 0x0000000087400000|  0%| F|  |TAMS 0x0000000087300000| PB 0x0000000087300000| Untracked 
|  86|0x0000000087400000, 0x0000000087400000, 0x0000000087500000|  0%| F|  |TAMS 0x0000000087400000| PB 0x0000000087400000| Untracked 
|  87|0x0000000087500000, 0x0000000087500000, 0x0000000087600000|  0%| F|  |TAMS 0x0000000087500000| PB 0x0000000087500000| Untracked 
|  88|0x0000000087600000, 0x0000000087600000, 0x0000000087700000|  0%| F|  |TAMS 0x0000000087600000| PB 0x0000000087600000| Untracked 
|  89|0x0000000087700000, 0x0000000087700000, 0x0000000087800000|  0%| F|  |TAMS 0x0000000087700000| PB 0x0000000087700000| Untracked 
|  90|0x0000000087800000, 0x0000000087800000, 0x0000000087900000|  0%| F|  |TAMS 0x0000000087800000| PB 0x0000000087800000| Untracked 
|  91|0x0000000087900000, 0x0000000087900000, 0x0000000087a00000|  0%| F|  |TAMS 0x0000000087900000| PB 0x0000000087900000| Untracked 
|  92|0x0000000087a00000, 0x0000000087a00000, 0x0000000087b00000|  0%| F|  |TAMS 0x0000000087a00000| PB 0x0000000087a00000| Untracked 
|  93|0x0000000087b00000, 0x0000000087b00000, 0x0000000087c00000|  0%| F|  |TAMS 0x0000000087b00000| PB 0x0000000087b00000| Untracked 
|  94|0x0000000087c00000, 0x0000000087c00000, 0x0000000087d00000|  0%| F|  |TAMS 0x0000000087c00000| PB 0x0000000087c00000| Untracked 
|  95|0x0000000087d00000, 0x0000000087d00000, 0x0000000087e00000|  0%| F|  |TAMS 0x0000000087d00000| PB 0x0000000087d00000| Untracked 
|  96|0x0000000087e00000, 0x0000000087e00000, 0x0000000087f00000|  0%| F|  |TAMS 0x0000000087e00000| PB 0x0000000087e00000| Untracked 
|  97|0x0000000087f00000, 0x0000000087f00000, 0x0000000088000000|  0%| F|  |TAMS 0x0000000087f00000| PB 0x0000000087f00000| Untracked 
|  98|0x0000000088000000, 0x0000000088000000, 0x0000000088100000|  0%| F|  |TAMS 0x0000000088000000| PB 0x0000000088000000| Untracked 
|  99|0x0000000088100000, 0x0000000088100000, 0x0000000088200000|  0%| F|  |TAMS 0x0000000088100000| PB 0x0000000088100000| Untracked 
| 100|0x0000000088200000, 0x0000000088200000, 0x0000000088300000|  0%| F|  |TAMS 0x0000000088200000| PB 0x0000000088200000| Untracked 
| 101|0x0000000088300000, 0x0000000088300000, 0x0000000088400000|  0%| F|  |TAMS 0x0000000088300000| PB 0x0000000088300000| Untracked 
| 102|0x0000000088400000, 0x0000000088500000, 0x0000000088500000|100%| S|CS|TAMS 0x0000000088400000| PB 0x0000000088400000| Complete 
| 103|0x0000000088500000, 0x0000000088600000, 0x0000000088600000|100%| S|CS|TAMS 0x0000000088500000| PB 0x0000000088500000| Complete 
| 104|0x0000000088600000, 0x0000000088700000, 0x0000000088700000|100%| S|CS|TAMS 0x0000000088600000| PB 0x0000000088600000| Complete 
| 105|0x0000000088700000, 0x0000000088700000, 0x0000000088800000|  0%| F|  |TAMS 0x0000000088700000| PB 0x0000000088700000| Untracked 
| 106|0x0000000088800000, 0x0000000088800000, 0x0000000088900000|  0%| F|  |TAMS 0x0000000088800000| PB 0x0000000088800000| Untracked 
| 107|0x0000000088900000, 0x0000000088900000, 0x0000000088a00000|  0%| F|  |TAMS 0x0000000088900000| PB 0x0000000088900000| Untracked 
| 108|0x0000000088a00000, 0x0000000088a00000, 0x0000000088b00000|  0%| F|  |TAMS 0x0000000088a00000| PB 0x0000000088a00000| Untracked 
| 109|0x0000000088b00000, 0x0000000088b00000, 0x0000000088c00000|  0%| F|  |TAMS 0x0000000088b00000| PB 0x0000000088b00000| Untracked 
| 110|0x0000000088c00000, 0x0000000088cee420, 0x0000000088d00000| 93%| E|  |TAMS 0x0000000088c00000| PB 0x0000000088c00000| Complete 
| 111|0x0000000088d00000, 0x0000000088e00000, 0x0000000088e00000|100%| E|CS|TAMS 0x0000000088d00000| PB 0x0000000088d00000| Complete 
| 112|0x0000000088e00000, 0x0000000088f00000, 0x0000000088f00000|100%| E|CS|TAMS 0x0000000088e00000| PB 0x0000000088e00000| Complete 
| 113|0x0000000088f00000, 0x0000000089000000, 0x0000000089000000|100%| E|CS|TAMS 0x0000000088f00000| PB 0x0000000088f00000| Complete 
| 114|0x0000000089000000, 0x0000000089100000, 0x0000000089100000|100%| E|CS|TAMS 0x0000000089000000| PB 0x0000000089000000| Complete 
| 115|0x0000000089100000, 0x0000000089200000, 0x0000000089200000|100%| E|CS|TAMS 0x0000000089100000| PB 0x0000000089100000| Complete 
| 116|0x0000000089200000, 0x0000000089300000, 0x0000000089300000|100%| E|CS|TAMS 0x0000000089200000| PB 0x0000000089200000| Complete 
| 117|0x0000000089300000, 0x0000000089400000, 0x0000000089400000|100%| E|CS|TAMS 0x0000000089300000| PB 0x0000000089300000| Complete 
| 118|0x0000000089400000, 0x0000000089500000, 0x0000000089500000|100%| E|CS|TAMS 0x0000000089400000| PB 0x0000000089400000| Complete 
| 119|0x0000000089500000, 0x0000000089600000, 0x0000000089600000|100%| E|CS|TAMS 0x0000000089500000| PB 0x0000000089500000| Complete 
| 120|0x0000000089600000, 0x0000000089700000, 0x0000000089700000|100%| E|  |TAMS 0x0000000089600000| PB 0x0000000089600000| Complete 
| 121|0x0000000089700000, 0x0000000089800000, 0x0000000089800000|100%| E|CS|TAMS 0x0000000089700000| PB 0x0000000089700000| Complete 
| 122|0x0000000089800000, 0x0000000089900000, 0x0000000089900000|100%| E|CS|TAMS 0x0000000089800000| PB 0x0000000089800000| Complete 
| 123|0x0000000089900000, 0x0000000089a00000, 0x0000000089a00000|100%| E|CS|TAMS 0x0000000089900000| PB 0x0000000089900000| Complete 
| 124|0x0000000089a00000, 0x0000000089b00000, 0x0000000089b00000|100%| E|CS|TAMS 0x0000000089a00000| PB 0x0000000089a00000| Complete 
| 125|0x0000000089b00000, 0x0000000089c00000, 0x0000000089c00000|100%| E|CS|TAMS 0x0000000089b00000| PB 0x0000000089b00000| Complete 
| 126|0x0000000089c00000, 0x0000000089d00000, 0x0000000089d00000|100%| E|CS|TAMS 0x0000000089c00000| PB 0x0000000089c00000| Complete 
| 127|0x0000000089d00000, 0x0000000089e00000, 0x0000000089e00000|100%| E|CS|TAMS 0x0000000089d00000| PB 0x0000000089d00000| Complete 

Card table byte_map: [0x000001d644d50000,0x000001d645150000] _byte_map_base: 0x000001d644941000

Marking Bits: (CMBitMap*) 0x000001d631dec940
 Bits: [0x000001d645150000, 0x000001d6470d8000)

Polling page: 0x000001d62fb10000

Metaspace:

Usage:
  Non-class:     10.67 MB used.
      Class:      1.46 MB used.
       Both:     12.13 MB used.

Virtual space:
  Non-class space:       64.00 MB reserved,      10.88 MB ( 17%) committed,  1 nodes.
      Class space:        1.00 GB reserved,       1.62 MB ( <1%) committed,  1 nodes.
             Both:        1.06 GB reserved,      12.50 MB (  1%) committed. 

Chunk freelists:
   Non-Class:  4.28 MB
       Class:  14.36 MB
        Both:  18.64 MB

MaxMetaspaceSize: unlimited
CompressedClassSpaceSize: 1.00 GB
Initial GC threshold: 21.00 MB
Current GC threshold: 21.00 MB
CDS: on
 - commit_granule_bytes: 65536.
 - commit_granule_words: 8192.
 - virtual_space_node_default_size: 8388608.
 - enlarge_chunks_in_place: 1.
 - use_allocation_guard: 0.


Internal statistics:

num_allocs_failed_limit: 0.
num_arena_births: 334.
num_arena_deaths: 0.
num_vsnodes_births: 2.
num_vsnodes_deaths: 0.
num_space_committed: 200.
num_space_uncommitted: 0.
num_chunks_returned_to_freelist: 0.
num_chunks_taken_from_freelist: 622.
num_chunk_merges: 0.
num_chunk_splits: 362.
num_chunks_enlarged: 200.
num_inconsistent_stats: 0.

CodeHeap 'non-profiled nmethods': size=120000Kb used=634Kb max_used=634Kb free=119365Kb
 bounds [0x000001d63d200000, 0x000001d63d470000, 0x000001d644730000]
CodeHeap 'profiled nmethods': size=120000Kb used=3462Kb max_used=3462Kb free=116537Kb
 bounds [0x000001d635730000, 0x000001d635aa0000, 0x000001d63cc60000]
CodeHeap 'non-nmethods': size=5760Kb used=1460Kb max_used=1483Kb free=4299Kb
 bounds [0x000001d63cc60000, 0x000001d63ced0000, 0x000001d63d200000]
CodeCache: size=245760Kb, used=5556Kb, max_used=5579Kb, free=240201Kb
 total_blobs=2416, nmethods=1874, adapters=446, full_count=0
Compilation: enabled, stopped_count=0, restarted_count=0

Compilation events (20 events):
Event: 4.361 Thread 0x000001d649b49030 nmethod 1865 0x000001d635a8b510 code [0x000001d635a8b6e0, 0x000001d635a8b9b0]
Event: 4.361 Thread 0x000001d649b49030 1867       3       java.util.TreeMap$PrivateEntryIterator::nextEntry (54 bytes)
Event: 4.362 Thread 0x000001d649b49030 nmethod 1867 0x000001d635a8ba90 code [0x000001d635a8bc80, 0x000001d635a8c058]
Event: 4.362 Thread 0x000001d649b49030 1868       1       java.util.concurrent.atomic.AtomicReference::get (5 bytes)
Event: 4.363 Thread 0x000001d649b49030 nmethod 1868 0x000001d63d29cb90 code [0x000001d63d29cd20, 0x000001d63d29cde8]
Event: 4.375 Thread 0x000001d649b49030 1869       3       jdk.internal.net.http.common.MinimalFuture::<init> (20 bytes)
Event: 4.376 Thread 0x000001d649b49030 nmethod 1869 0x000001d635a8c210 code [0x000001d635a8c3e0, 0x000001d635a8c650]
Event: 4.376 Thread 0x000001d649b49030 1870       3       java.lang.invoke.VarHandleGuards::guard_LL_V (123 bytes)
Event: 4.393 Thread 0x000001d649b49030 nmethod 1870 0x000001d635a8c790 code [0x000001d635a8cbc0, 0x000001d635a8f0b8]
Event: 4.393 Thread 0x000001d649b49030 1871       3       java.lang.Thread::isVirtual (5 bytes)
Event: 4.393 Thread 0x000001d649b49030 nmethod 1871 0x000001d635a8fb90 code [0x000001d635a8fd40, 0x000001d635a8ff48]
Event: 4.406 Thread 0x000001d649b49030 1874       3       java.lang.invoke.VarHandleReferences$FieldInstanceReadWrite::set (35 bytes)
Event: 4.415 Thread 0x000001d649b49030 nmethod 1874 0x000001d635a90010 code [0x000001d635a90240, 0x000001d635a90a00]
Event: 4.415 Thread 0x000001d649b49030 1875       3       java.lang.System::checkKey (34 bytes)
Event: 4.419 Thread 0x000001d649b49030 nmethod 1875 0x000001d635a90d10 code [0x000001d635a90f00, 0x000001d635a912a8]
Event: 4.426 Thread 0x000001d649b49030 1876       3       java.util.ImmutableCollections$AbstractImmutableList::<init> (5 bytes)
Event: 4.429 Thread 0x000001d649b49030 nmethod 1876 0x000001d635a91410 code [0x000001d635a915c0, 0x000001d635a917e8]
Event: 4.432 Thread 0x000001d649b48990 nmethod 1863 0x000001d63d29d190 code [0x000001d63d29d380, 0x000001d63d29dd68]
Event: 4.433 Thread 0x000001d649b48990 1873   !   4       org.openqa.selenium.json.Input::fill (125 bytes)
Event: 4.447 Thread 0x000001d649b48990 nmethod 1873 0x000001d63d29e190 code [0x000001d63d29e360, 0x000001d63d29e6a0]

GC Heap History (2 events):
Event: 1.549 GC heap before
{Heap before GC invocations=0 (full 0):
 garbage-first heap   total 131072K, used 25600K [0x0000000081e00000, 0x0000000100000000)
  region size 1024K, 23 young (23552K), 0 survivors (0K)
 Metaspace       used 6824K, committed 7040K, reserved 1114112K
  class space    used 784K, committed 896K, reserved 1048576K
}
Event: 1.567 GC heap after
{Heap after GC invocations=1 (full 0):
 garbage-first heap   total 131072K, used 10282K [0x0000000081e00000, 0x0000000100000000)
  region size 1024K, 3 young (3072K), 3 survivors (3072K)
 Metaspace       used 6824K, committed 7040K, reserved 1114112K
  class space    used 784K, committed 896K, reserved 1048576K
}

Dll operation events (10 events):
Event: 0.009 Loaded shared library C:\Users\Kavya Rajendran\.p2\pool\plugins\org.eclipse.justj.openjdk.hotspot.jre.full.win32.x86_64_21.0.8.v20250724-1412\jre\bin\java.dll
Event: 0.038 Loaded shared library C:\Users\Kavya Rajendran\.p2\pool\plugins\org.eclipse.justj.openjdk.hotspot.jre.full.win32.x86_64_21.0.8.v20250724-1412\jre\bin\zip.dll
Event: 0.171 Loaded shared library C:\Users\Kavya Rajendran\.p2\pool\plugins\org.eclipse.justj.openjdk.hotspot.jre.full.win32.x86_64_21.0.8.v20250724-1412\jre\bin\net.dll
Event: 0.175 Loaded shared library C:\Users\Kavya Rajendran\.p2\pool\plugins\org.eclipse.justj.openjdk.hotspot.jre.full.win32.x86_64_21.0.8.v20250724-1412\jre\bin\nio.dll
Event: 0.180 Loaded shared library C:\Users\Kavya Rajendran\.p2\pool\plugins\org.eclipse.justj.openjdk.hotspot.jre.full.win32.x86_64_21.0.8.v20250724-1412\jre\bin\zip.dll
Event: 0.605 Loaded shared library C:\Users\Kavya Rajendran\.p2\pool\plugins\org.eclipse.justj.openjdk.hotspot.jre.full.win32.x86_64_21.0.8.v20250724-1412\jre\bin\jimage.dll
Event: 0.867 Loaded shared library C:\Users\Kavya Rajendran\.p2\pool\plugins\org.eclipse.justj.openjdk.hotspot.jre.full.win32.x86_64_21.0.8.v20250724-1412\jre\bin\extnet.dll
Event: 0.950 Loaded shared library C:\Users\Kavya Rajendran\.p2\pool\plugins\org.eclipse.justj.openjdk.hotspot.jre.full.win32.x86_64_21.0.8.v20250724-1412\jre\bin\management.dll
Event: 0.954 Loaded shared library C:\Users\Kavya Rajendran\.p2\pool\plugins\org.eclipse.justj.openjdk.hotspot.jre.full.win32.x86_64_21.0.8.v20250724-1412\jre\bin\management_ext.dll
Event: 1.647 Loaded shared library C:\Users\Kavya Rajendran\.p2\pool\plugins\org.eclipse.justj.openjdk.hotspot.jre.full.win32.x86_64_21.0.8.v20250724-1412\jre\bin\sunmscapi.dll

Deoptimization events (20 events):
Event: 1.966 Thread 0x000001d68fc351f0 Uncommon trap: trap_request=0xffffffde fr.pc=0x000001d63d285b5c relative=0x000000000000013c
Event: 1.966 Thread 0x000001d68fc351f0 Uncommon trap: reason=class_check action=maybe_recompile pc=0x000001d63d285b5c method=jdk.internal.misc.Unsafe.allocateUninitializedArray(Ljava/lang/Class;I)Ljava/lang/Object; @ 51 c2
Event: 1.966 Thread 0x000001d68fc351f0 DEOPT PACKING pc=0x000001d63d285b5c sp=0x000000d15c2fa310
Event: 1.966 Thread 0x000001d68fc351f0 DEOPT UNPACKING pc=0x000001d63ccb46a2 sp=0x000000d15c2fa288 mode 2
Event: 1.966 Thread 0x000001d68fc351f0 Uncommon trap: trap_request=0xffffffde fr.pc=0x000001d63d285b5c relative=0x000000000000013c
Event: 1.966 Thread 0x000001d68fc351f0 Uncommon trap: reason=class_check action=maybe_recompile pc=0x000001d63d285b5c method=jdk.internal.misc.Unsafe.allocateUninitializedArray(Ljava/lang/Class;I)Ljava/lang/Object; @ 51 c2
Event: 1.966 Thread 0x000001d68fc351f0 DEOPT PACKING pc=0x000001d63d285b5c sp=0x000000d15c2fa2c0
Event: 1.966 Thread 0x000001d68fc351f0 DEOPT UNPACKING pc=0x000001d63ccb46a2 sp=0x000000d15c2fa238 mode 2
Event: 1.966 Thread 0x000001d68fc351f0 Uncommon trap: trap_request=0xffffffde fr.pc=0x000001d63d285b5c relative=0x000000000000013c
Event: 1.966 Thread 0x000001d68fc351f0 Uncommon trap: reason=class_check action=maybe_recompile pc=0x000001d63d285b5c method=jdk.internal.misc.Unsafe.allocateUninitializedArray(Ljava/lang/Class;I)Ljava/lang/Object; @ 51 c2
Event: 1.966 Thread 0x000001d68fc351f0 DEOPT PACKING pc=0x000001d63d285b5c sp=0x000000d15c2fa280
Event: 1.966 Thread 0x000001d68fc351f0 DEOPT UNPACKING pc=0x000001d63ccb46a2 sp=0x000000d15c2fa1f8 mode 2
Event: 1.966 Thread 0x000001d68fc351f0 Uncommon trap: trap_request=0xffffffde fr.pc=0x000001d63d285b5c relative=0x000000000000013c
Event: 1.966 Thread 0x000001d68fc351f0 Uncommon trap: reason=class_check action=maybe_recompile pc=0x000001d63d285b5c method=jdk.internal.misc.Unsafe.allocateUninitializedArray(Ljava/lang/Class;I)Ljava/lang/Object; @ 51 c2
Event: 1.966 Thread 0x000001d68fc351f0 DEOPT PACKING pc=0x000001d63d285b5c sp=0x000000d15c2fa230
Event: 1.966 Thread 0x000001d68fc351f0 DEOPT UNPACKING pc=0x000001d63ccb46a2 sp=0x000000d15c2fa1a8 mode 2
Event: 3.600 Thread 0x000001d62f9fa5a0 Uncommon trap: trap_request=0xffffffde fr.pc=0x000001d63d275424 relative=0x0000000000000864
Event: 3.600 Thread 0x000001d62f9fa5a0 Uncommon trap: reason=class_check action=maybe_recompile pc=0x000001d63d275424 method=java.util.HashMap.putVal(ILjava/lang/Object;Ljava/lang/Object;ZZ)Ljava/lang/Object; @ 253 c2
Event: 3.600 Thread 0x000001d62f9fa5a0 DEOPT PACKING pc=0x000001d63d275424 sp=0x000000d15a0fe420
Event: 3.600 Thread 0x000001d62f9fa5a0 DEOPT UNPACKING pc=0x000001d63ccb46a2 sp=0x000000d15a0fe348 mode 2

Classes loaded (20 events):
Event: 4.185 Loading class java/util/ResourceBundle$CacheKeyReference done
Event: 4.185 Loading class java/util/ResourceBundle$KeyElementReference done
Event: 4.185 Loading class java/util/ResourceBundle$3
Event: 4.185 Loading class java/util/ResourceBundle$3 done
Event: 4.186 Loading class sun/util/logging/resources/logging
Event: 4.186 Loading class sun/util/logging/resources/logging done
Event: 4.186 Loading class java/util/ResourceBundle$BundleReference
Event: 4.186 Loading class java/util/ResourceBundle$BundleReference done
Event: 4.186 Loading class sun/util/logging/resources/logging_en
Event: 4.186 Loading class sun/util/logging/resources/logging_en done
Event: 4.186 Loading class sun/util/logging/resources/logging_en
Event: 4.186 Loading class sun/util/logging/resources/logging_en done
Event: 4.187 Loading class sun/util/logging/resources/logging_en_IN
Event: 4.187 Loading class sun/util/logging/resources/logging_en_IN done
Event: 4.187 Loading class sun/util/logging/resources/logging_en_IN
Event: 4.187 Loading class sun/util/logging/resources/logging_en_IN done
Event: 4.187 Loading class java/util/Formatter$DateTime
Event: 4.187 Loading class java/util/Formatter$DateTime done
Event: 4.188 Loading class java/time/ZonedDateTime$1
Event: 4.188 Loading class java/time/ZonedDateTime$1 done

Classes unloaded (0 events):
No events

Classes redefined (0 events):
No events

Internal exceptions (20 events):
Event: 1.421 Thread 0x000001d62f9fa5a0 Exception <a 'sun/nio/fs/WindowsException'{0x0000000088dc7b98}> (0x0000000088dc7b98) 
thrown [s\src\hotspot\share\prims\jni.cpp, line 520]
Event: 1.487 Thread 0x000001d62f9fa5a0 Exception <a 'java/lang/NoSuchMethodError'{0x0000000088be8488}: 'void java.lang.invoke.DirectMethodHandle$Holder.invokeVirtual(java.lang.Object, java.lang.Object)'> (0x0000000088be8488) 
thrown [s\src\hotspot\share\interpreter\linkResolver.cpp, line 773]
Event: 1.594 Thread 0x000001d62f9fa5a0 Exception <a 'java/lang/NoSuchMethodError'{0x0000000089b53be0}: 'java.lang.Object java.lang.invoke.DirectMethodHandle$Holder.invokeStaticInit(java.lang.Object, int, int, int, int)'> (0x0000000089b53be0) 
thrown [s\src\hotspot\share\interpreter\linkResolver.cpp, line 773]
Event: 1.618 Thread 0x000001d62f9fa5a0 Exception <a 'java/lang/NoSuchMethodError'{0x0000000089a1af40}: 'java.lang.Object java.lang.invoke.DirectMethodHandle$Holder.invokeStaticInit(java.lang.Object, java.lang.Object, int, int, int, int)'> (0x0000000089a1af40) 
thrown [s\src\hotspot\share\interpreter\linkResolver.cpp, line 773]
Event: 1.714 Thread 0x000001d62f9fa5a0 Exception <a 'java/lang/NoSuchMethodError'{0x00000000899fd150}: 'java.lang.Object java.lang.invoke.DirectMethodHandle$Holder.invokeInterface(java.lang.Object, java.lang.Object, java.lang.Object)'> (0x00000000899fd150) 
thrown [s\src\hotspot\share\interpreter\linkResolver.cpp, line 773]
Event: 1.714 Thread 0x000001d62f9fa5a0 Exception <a 'java/lang/IncompatibleClassChangeError'{0x00000000898007a8}: Found class java.lang.Object, but interface was expected> (0x00000000898007a8) 
thrown [s\src\hotspot\share\interpreter\linkResolver.cpp, line 840]
Event: 1.715 Thread 0x000001d62f9fa5a0 Exception <a 'java/lang/NoSuchMethodError'{0x0000000089807dd8}: 'int java.lang.invoke.DirectMethodHandle$Holder.invokeSpecialIFC(java.lang.Object, java.lang.Object, java.lang.Object, java.lang.Object)'> (0x0000000089807dd8) 
thrown [s\src\hotspot\share\interpreter\linkResolver.cpp, line 773]
Event: 1.722 Thread 0x000001d62f9fa5a0 Exception <a 'java/lang/NoSuchMethodError'{0x0000000089826530}: 'java.lang.Object java.lang.invoke.DirectMethodHandle$Holder.invokeVirtual(java.lang.Object, java.lang.Object, java.lang.Object, java.lang.Object)'> (0x0000000089826530) 
thrown [s\src\hotspot\share\interpreter\linkResolver.cpp, line 773]
Event: 1.776 Thread 0x000001d68fc10e40 Exception <a 'java/net/ConnectException'{0x00000000898ac3a0}: Connection refused: getsockopt> (0x00000000898ac3a0) 
thrown [s\src\hotspot\share\prims\jni.cpp, line 539]
Event: 1.804 Thread 0x000001d68fc10e40 Exception <a 'java/net/ConnectException'{0x00000000898ad4f0}: Connection refused: getsockopt> (0x00000000898ad4f0) 
thrown [s\src\hotspot\share\prims\jni.cpp, line 539]
Event: 1.876 Thread 0x000001d62f9fa5a0 Exception <a 'java/lang/NoSuchMethodError'{0x00000000897795a0}: 'java.lang.Object java.lang.invoke.DirectMethodHandle$Holder.newInvokeSpecial(java.lang.Object, java.lang.Object, int, int)'> (0x00000000897795a0) 
thrown [s\src\hotspot\share\interpreter\linkResolver.cpp, line 773]
Event: 1.879 Thread 0x000001d62f9fa5a0 Exception <a 'java/lang/NoSuchMethodError'{0x0000000089783e20}: 'void java.lang.invoke.DirectMethodHandle$Holder.invokeStatic(java.lang.Object, java.lang.Object, int)'> (0x0000000089783e20) 
thrown [s\src\hotspot\share\interpreter\linkResolver.cpp, line 773]
Event: 1.891 Thread 0x000001d62f9fa5a0 Exception <a 'java/lang/NoSuchMethodError'{0x00000000897fecd0}: 'java.lang.Object java.lang.invoke.DirectMethodHandle$Holder.newInvokeSpecial(java.lang.Object, java.lang.Object, java.lang.Object, java.lang.Object, java.lang.Object)'> (0x00000000897fecd0) 
thrown [s\src\hotspot\share\interpreter\linkResolver.cpp, line 773]
Event: 1.937 Thread 0x000001d68fc351f0 Exception <a 'java/lang/NoSuchMethodError'{0x000000008943c170}: 'java.lang.Object java.lang.invoke.DirectMethodHandle$Holder.invokeSpecial(java.lang.Object, java.lang.Object, java.lang.Object, java.lang.Object, int)'> (0x000000008943c170) 
thrown [s\src\hotspot\share\interpreter\linkResolver.cpp, line 773]
Event: 1.938 Thread 0x000001d68fc351f0 Exception <a 'java/lang/NoSuchMethodError'{0x000000008943fd28}: 'java.lang.Object java.lang.invoke.Invokers$Holder.linkToTargetMethod(java.lang.Object, java.lang.Object, int, java.lang.Object)'> (0x000000008943fd28) 
thrown [s\src\hotspot\share\interpreter\linkResolver.cpp, line 773]
Event: 1.951 Thread 0x000001d68fc351f0 Exception <a 'java/lang/NoSuchMethodError'{0x00000000894b3298}: 'void java.lang.invoke.DirectMethodHandle$Holder.invokeSpecial(java.lang.Object, java.lang.Object, java.lang.Object)'> (0x00000000894b3298) 
thrown [s\src\hotspot\share\interpreter\linkResolver.cpp, line 773]
Event: 1.961 Thread 0x000001d68fc351f0 Exception <a 'java/lang/NoSuchMethodError'{0x0000000089359498}: 'void java.lang.invoke.DirectMethodHandle$Holder.invokeSpecial(java.lang.Object, java.lang.Object, java.lang.Object, java.lang.Object, java.lang.Object)'> (0x0000000089359498) 
thrown [s\src\hotspot\share\interpreter\linkResolver.cpp, line 773]
Event: 3.447 Thread 0x000001d68fc5e620 Exception <a 'java/lang/NoSuchMethodError'{0x00000000892f1948}: 'void java.lang.invoke.DirectMethodHandle$Holder.invokeSpecial(java.lang.Object, java.lang.Object, java.lang.Object, java.lang.Object, java.lang.Object, java.lang.Object, java.lang.Object)'> (0x00000000892f1948) 
thrown [s\src\hotspot\share\interpreter\linkResolver.cpp, line 773]
Event: 3.538 Thread 0x000001d62f9fa5a0 Exception <a 'java/lang/NoSuchMethodError'{0x000000008916b5c8}: 'java.lang.Object java.lang.invoke.DirectMethodHandle$Holder.invokeSpecialIFC(java.lang.Object, java.lang.Object, java.lang.Object)'> (0x000000008916b5c8) 
thrown [s\src\hotspot\share\interpreter\linkResolver.cpp, line 773]
Event: 4.185 Thread 0x000001d62f9fa5a0 Exception <a 'java/lang/ClassNotFoundException'{0x0000000088c0b2b8}: sun/util/logging/resources/spi/loggingProvider> (0x0000000088c0b2b8) 
thrown [s\src\hotspot\share\classfile\systemDictionary.cpp, line 312]

ZGC Phase Switch (0 events):
No events

VM Operations (20 events):
Event: 1.394 Executing VM operation: HandshakeAllThreads (Deoptimize)
Event: 1.394 Executing VM operation: HandshakeAllThreads (Deoptimize) done
Event: 1.549 Executing VM operation: G1CollectForAllocation (G1 Evacuation Pause)
Event: 1.567 Executing VM operation: G1CollectForAllocation (G1 Evacuation Pause) done
Event: 1.731 Executing VM operation: HandshakeAllThreads (Deoptimize)
Event: 1.731 Executing VM operation: HandshakeAllThreads (Deoptimize) done
Event: 1.840 Executing VM operation: HandshakeAllThreads (Deoptimize)
Event: 1.840 Executing VM operation: HandshakeAllThreads (Deoptimize) done
Event: 2.843 Executing VM operation: Cleanup
Event: 2.843 Executing VM operation: Cleanup done
Event: 3.369 Executing VM operation: HandshakeAllThreads (Deoptimize)
Event: 3.369 Executing VM operation: HandshakeAllThreads (Deoptimize) done
Event: 3.379 Executing VM operation: HandshakeAllThreads (Deoptimize)
Event: 3.379 Executing VM operation: HandshakeAllThreads (Deoptimize) done
Event: 4.179 Executing VM operation: HandshakeAllThreads (Deoptimize)
Event: 4.179 Executing VM operation: HandshakeAllThreads (Deoptimize) done
Event: 4.179 Executing VM operation: Cleanup
Event: 4.179 Executing VM operation: Cleanup done
Event: 5.190 Executing VM operation: Cleanup
Event: 5.190 Executing VM operation: Cleanup done

Memory protections (0 events):
No events

Nmethod flushes (0 events):
No events

Events (20 events):
Event: 1.527 Thread 0x000001d649b49030 Thread added: 0x000001d68f7ea120
Event: 1.534 Thread 0x000001d649b49030 Thread added: 0x000001d68f7ef9c0
Event: 1.697 Thread 0x000001d62f9fa5a0 Thread added: 0x000001d68fbe3c30
Event: 1.729 Thread 0x000001d62f9fa5a0 Thread added: 0x000001d68fc0d940
Event: 1.733 Thread 0x000001d62f9fa5a0 Thread added: 0x000001d68fc0ebc0
Event: 1.735 Thread 0x000001d68f7ef9c0 Thread exited: 0x000001d68f7ef9c0
Event: 1.738 Thread 0x000001d62f9fa5a0 Thread added: 0x000001d68f7ef9c0
Event: 1.756 Thread 0x000001d68fc0ebc0 Thread added: 0x000001d68fc10e40
Event: 1.839 Thread 0x000001d68fc10e40 Thread added: 0x000001d68fc1f4c0
Event: 1.900 Thread 0x000001d62f9fa5a0 Thread added: 0x000001d68fc351f0
Event: 1.903 Thread 0x000001d62f9fa5a0 Thread added: 0x000001d68fc5ecb0
Event: 1.979 Thread 0x000001d68fbe3c30 Thread added: 0x000001d68fc5e620
Event: 1.985 Thread 0x000001d68fbe3c30 Thread added: 0x000001d68fc5f340
Event: 1.986 Thread 0x000001d68fbe3c30 Thread added: 0x000001d68fc61410
Event: 3.373 Thread 0x000001d68f7ea120 Thread exited: 0x000001d68f7ea120
Event: 3.884 Thread 0x000001d62f9fa5a0 Thread added: 0x000001d68fc5df90
Event: 3.890 Thread 0x000001d62f9fa5a0 Thread added: 0x000001d68fc5f9d0
Event: 3.895 Thread 0x000001d68fc5df90 Thread added: 0x000001d68fc60060
Event: 3.898 Thread 0x000001d68fc5df90 Thread added: 0x000001d68fc60d80
Event: 4.151 Thread 0x000001d649b49030 Thread added: 0x000001d68fd325b0


Dynamic libraries:
0x00007ff724990000 - 0x00007ff72499e000 	C:\Users\Kavya Rajendran\.p2\pool\plugins\org.eclipse.justj.openjdk.hotspot.jre.full.win32.x86_64_21.0.8.v20250724-1412\jre\bin\javaw.exe
0x00007ffe691e0000 - 0x00007ffe69447000 	C:\WINDOWS\SYSTEM32\ntdll.dll
0x00007ffe67cb0000 - 0x00007ffe67d79000 	C:\WINDOWS\System32\KERNEL32.DLL
0x00007ffe65ac0000 - 0x00007ffe65eb1000 	C:\WINDOWS\System32\KERNELBASE.dll
0x00007ffe661b0000 - 0x00007ffe662fb000 	C:\WINDOWS\System32\ucrtbase.dll
0x00007ffe4c4e0000 - 0x00007ffe4c4fe000 	C:\Users\Kavya Rajendran\.p2\pool\plugins\org.eclipse.justj.openjdk.hotspot.jre.full.win32.x86_64_21.0.8.v20250724-1412\jre\bin\VCRUNTIME140.dll
0x00007ffe4bc60000 - 0x00007ffe4bc78000 	C:\Users\Kavya Rajendran\.p2\pool\plugins\org.eclipse.justj.openjdk.hotspot.jre.full.win32.x86_64_21.0.8.v20250724-1412\jre\bin\jli.dll
0x00007ffe68330000 - 0x00007ffe684f5000 	C:\WINDOWS\System32\USER32.dll
0x00007ffe522c0000 - 0x00007ffe52553000 	C:\WINDOWS\WinSxS\amd64_microsoft.windows.common-controls_6595b64144ccf1df_6.0.26100.8037_none_3e092faae333b53b\COMCTL32.dll
0x00007ffe66f50000 - 0x00007ffe66f77000 	C:\WINDOWS\System32\win32u.dll
0x00007ffe67ab0000 - 0x00007ffe67b59000 	C:\WINDOWS\System32\msvcrt.dll
0x00007ffe67ff0000 - 0x00007ffe6801b000 	C:\WINDOWS\System32\GDI32.dll
0x00007ffe66e20000 - 0x00007ffe66f4b000 	C:\WINDOWS\System32\gdi32full.dll
0x00007ffe66b70000 - 0x00007ffe66c13000 	C:\WINDOWS\System32\msvcp_win.dll
0x00007ffe67940000 - 0x00007ffe67971000 	C:\WINDOWS\System32\IMM32.DLL
0x00007ffe57190000 - 0x00007ffe5719c000 	C:\Users\Kavya Rajendran\.p2\pool\plugins\org.eclipse.justj.openjdk.hotspot.jre.full.win32.x86_64_21.0.8.v20250724-1412\jre\bin\vcruntime140_1.dll
0x00007ffe2d210000 - 0x00007ffe2d29d000 	C:\Users\Kavya Rajendran\.p2\pool\plugins\org.eclipse.justj.openjdk.hotspot.jre.full.win32.x86_64_21.0.8.v20250724-1412\jre\bin\msvcp140.dll
0x00007ffdfe3b0000 - 0x00007ffdff147000 	C:\Users\Kavya Rajendran\.p2\pool\plugins\org.eclipse.justj.openjdk.hotspot.jre.full.win32.x86_64_21.0.8.v20250724-1412\jre\bin\server\jvm.dll
0x00007ffe67b70000 - 0x00007ffe67c2b000 	C:\WINDOWS\System32\ADVAPI32.dll
0x00007ffe680b0000 - 0x00007ffe68157000 	C:\WINDOWS\System32\sechost.dll
0x00007ffe67480000 - 0x00007ffe67598000 	C:\WINDOWS\System32\RPCRT4.dll
0x00007ffe67c30000 - 0x00007ffe67ca4000 	C:\WINDOWS\System32\WS2_32.dll
0x00007ffe65940000 - 0x00007ffe6599e000 	C:\WINDOWS\SYSTEM32\POWRPROF.dll
0x00007ffe520a0000 - 0x00007ffe520d5000 	C:\WINDOWS\SYSTEM32\WINMM.dll
0x00007ffe5cb00000 - 0x00007ffe5cb0b000 	C:\WINDOWS\SYSTEM32\VERSION.dll
0x00007ffe65920000 - 0x00007ffe65934000 	C:\WINDOWS\SYSTEM32\UMPDC.dll
0x00007ffe64810000 - 0x00007ffe6482b000 	C:\WINDOWS\SYSTEM32\kernel.appcore.dll
0x00007ffe56330000 - 0x00007ffe5633a000 	C:\Users\Kavya Rajendran\.p2\pool\plugins\org.eclipse.justj.openjdk.hotspot.jre.full.win32.x86_64_21.0.8.v20250724-1412\jre\bin\jimage.dll
0x00007ffe63c10000 - 0x00007ffe63e52000 	C:\WINDOWS\SYSTEM32\DBGHELP.DLL
0x00007ffe66f80000 - 0x00007ffe67302000 	C:\WINDOWS\System32\combase.dll
0x00007ffe67790000 - 0x00007ffe67867000 	C:\WINDOWS\System32\OLEAUT32.dll
0x00007ffe3fea0000 - 0x00007ffe3fedb000 	C:\WINDOWS\SYSTEM32\dbgcore.DLL
0x00007ffe66d70000 - 0x00007ffe66e15000 	C:\WINDOWS\System32\bcryptPrimitives.dll
0x00007ffe55d20000 - 0x00007ffe55d3f000 	C:\Users\Kavya Rajendran\.p2\pool\plugins\org.eclipse.justj.openjdk.hotspot.jre.full.win32.x86_64_21.0.8.v20250724-1412\jre\bin\java.dll
0x00007ffe68990000 - 0x00007ffe690ef000 	C:\WINDOWS\System32\SHELL32.dll
0x00007ffe65ec0000 - 0x00007ffe6602a000 	C:\WINDOWS\System32\wintypes.dll
0x00007ffe66300000 - 0x00007ffe66b64000 	C:\WINDOWS\System32\windows.storage.dll
0x00007ffe68160000 - 0x00007ffe68257000 	C:\WINDOWS\System32\SHCORE.dll
0x00007ffe68260000 - 0x00007ffe682c7000 	C:\WINDOWS\System32\shlwapi.dll
0x00007ffe659e0000 - 0x00007ffe65a09000 	C:\WINDOWS\SYSTEM32\profapi.dll
0x00007ffe55d00000 - 0x00007ffe55d18000 	C:\Users\Kavya Rajendran\.p2\pool\plugins\org.eclipse.justj.openjdk.hotspot.jre.full.win32.x86_64_21.0.8.v20250724-1412\jre\bin\zip.dll
0x00007ffe55cf0000 - 0x00007ffe55d00000 	C:\Users\Kavya Rajendran\.p2\pool\plugins\org.eclipse.justj.openjdk.hotspot.jre.full.win32.x86_64_21.0.8.v20250724-1412\jre\bin\net.dll
0x00007ffe5c360000 - 0x00007ffe5c487000 	C:\WINDOWS\SYSTEM32\WINHTTP.dll
0x00007ffe64d60000 - 0x00007ffe64dcb000 	C:\WINDOWS\system32\mswsock.dll
0x00007ffe4bc40000 - 0x00007ffe4bc56000 	C:\Users\Kavya Rajendran\.p2\pool\plugins\org.eclipse.justj.openjdk.hotspot.jre.full.win32.x86_64_21.0.8.v20250724-1412\jre\bin\nio.dll
0x00007ffe55990000 - 0x00007ffe55999000 	C:\Users\Kavya Rajendran\.p2\pool\plugins\org.eclipse.justj.openjdk.hotspot.jre.full.win32.x86_64_21.0.8.v20250724-1412\jre\bin\extnet.dll
0x00007ffe64290000 - 0x00007ffe643ba000 	C:\WINDOWS\SYSTEM32\DNSAPI.dll
0x00007ffe64120000 - 0x00007ffe64153000 	C:\WINDOWS\SYSTEM32\IPHLPAPI.DLL
0x00007ffe67310000 - 0x00007ffe6731a000 	C:\WINDOWS\System32\NSI.dll
0x00007ffe560b0000 - 0x00007ffe560bb000 	C:\Windows\System32\rasadhlp.dll
0x00007ffe571d0000 - 0x00007ffe57256000 	C:\WINDOWS\System32\fwpuclnt.dll
0x00007ffe51d60000 - 0x00007ffe51d6a000 	C:\Users\Kavya Rajendran\.p2\pool\plugins\org.eclipse.justj.openjdk.hotspot.jre.full.win32.x86_64_21.0.8.v20250724-1412\jre\bin\management.dll
0x00007ffe51bb0000 - 0x00007ffe51bbb000 	C:\Users\Kavya Rajendran\.p2\pool\plugins\org.eclipse.justj.openjdk.hotspot.jre.full.win32.x86_64_21.0.8.v20250724-1412\jre\bin\management_ext.dll
0x00007ffe67b60000 - 0x00007ffe67b68000 	C:\WINDOWS\System32\PSAPI.DLL
0x00007ffe65160000 - 0x00007ffe6517b000 	C:\WINDOWS\SYSTEM32\CRYPTSP.dll
0x00007ffe64770000 - 0x00007ffe647a9000 	C:\WINDOWS\system32\rsaenh.dll
0x00007ffe64e10000 - 0x00007ffe64e42000 	C:\WINDOWS\SYSTEM32\USERENV.dll
0x00007ffe659b0000 - 0x00007ffe659da000 	C:\WINDOWS\SYSTEM32\bcrypt.dll
0x00007ffe64fc0000 - 0x00007ffe64fcc000 	C:\WINDOWS\SYSTEM32\CRYPTBASE.dll
0x00007ffe515f0000 - 0x00007ffe515fe000 	C:\Users\Kavya Rajendran\.p2\pool\plugins\org.eclipse.justj.openjdk.hotspot.jre.full.win32.x86_64_21.0.8.v20250724-1412\jre\bin\sunmscapi.dll
0x00007ffe66030000 - 0x00007ffe661a7000 	C:\WINDOWS\System32\CRYPT32.dll
0x00007ffe652c0000 - 0x00007ffe652f0000 	C:\WINDOWS\SYSTEM32\ncrypt.dll
0x00007ffe65270000 - 0x00007ffe652af000 	C:\WINDOWS\SYSTEM32\NTASN1.dll
0x00007ffe52860000 - 0x00007ffe52868000 	C:\WINDOWS\system32\wshunix.dll

JVMTI agents: none

dbghelp: loaded successfully - version: 4.0.5 - missing functions: none
symbol engine: initialized successfully - sym options: 0x614 - pdb path: .;C:\Users\Kavya Rajendran\.p2\pool\plugins\org.eclipse.justj.openjdk.hotspot.jre.full.win32.x86_64_21.0.8.v20250724-1412\jre\bin;C:\WINDOWS\SYSTEM32;C:\WINDOWS\WinSxS\amd64_microsoft.windows.common-controls_6595b64144ccf1df_6.0.26100.8037_none_3e092faae333b53b;C:\Users\Kavya Rajendran\.p2\pool\plugins\org.eclipse.justj.openjdk.hotspot.jre.full.win32.x86_64_21.0.8.v20250724-1412\jre\bin\server

VM Arguments:
jvm_args: -Dfile.encoding=UTF-8 -Dstdout.encoding=UTF-8 -Dstderr.encoding=UTF-8 -XX:+ShowCodeDetailsInExceptionMessages 
java_command: shopperStack.ShopperStack1
java_class_path (initial): C:\Users\Kavya Rajendran\git\repository2\Selenium\target\test-classes;C:\Users\Kavya Rajendran\git\repository2\Selenium\target\classes;C:\Users\Kavya Rajendran\.m2\repository\org\seleniumhq\selenium\selenium-java\4.38.0\selenium-java-4.38.0.jar;C:\Users\Kavya Rajendran\.m2\repository\org\seleniumhq\selenium\selenium-api\4.38.0\selenium-api-4.38.0.jar;C:\Users\Kavya Rajendran\.m2\repository\org\jspecify\jspecify\1.0.0\jspecify-1.0.0.jar;C:\Users\Kavya Rajendran\.m2\repository\org\seleniumhq\selenium\selenium-chrome-driver\4.38.0\selenium-chrome-driver-4.38.0.jar;C:\Users\Kavya Rajendran\.m2\repository\com\google\auto\service\auto-service-annotations\1.1.1\auto-service-annotations-1.1.1.jar;C:\Users\Kavya Rajendran\.m2\repository\org\seleniumhq\selenium\selenium-chromium-driver\4.38.0\selenium-chromium-driver-4.38.0.jar;C:\Users\Kavya Rajendran\.m2\repository\org\seleniumhq\selenium\selenium-json\4.38.0\selenium-json-4.38.0.jar;C:\Users\Kavya Rajendran\.m2\repository\org\seleniumhq\selenium\selenium-manager\4.38.0\selenium-manager-4.38.0.jar;C:\Users\Kavya Rajendran\.m2\repository\org\seleniumhq\selenium\selenium-devtools-v140\4.38.0\selenium-devtools-v140-4.38.0.jar;C:\Users\Kavya Rajendran\.m2\repository\org\seleniumhq\selenium\selenium-devtools-v141\4.38.0\selenium-devtools-v141-4.38.0.jar;C:\Users\Kavya Rajendran\.m2\repository\org\seleniumhq\selenium\selenium-devtools-v142\4.38.0\selenium-devtools-v142-4.38.0.jar;C:\Users\Kavya Rajendran\.m2\repository\org\seleniumhq\selenium\selenium-edge-driver\4.38.0\selenium-edge-driver-4.38.0.jar;C:\Users\Kavya Rajendran\.m2\repository\org\seleniumhq\selenium\selenium-firefox-driver\4.38.0\selenium-firefox-driver-4.38.0.jar;C:\Users\Kavya Rajendran\.m2\repository\org\seleniumhq\selenium\selenium-http\4.38.0\selenium-http-4.38.0.jar;C:\Users\Kavya Rajendran\.m2\repository\org\seleniumhq\selenium\selenium-ie-driver\4.38.0\selenium-ie-driver-4.38.0.jar;C:\Users\Kavya Rajendran\.m2\repository\org\seleniumhq\selenium\selenium-remote-driver\4.38.0\selenium-remote-driver-4.38.0.jar;C:\Users\Kavya Rajendran\.m2\repository\com\google\guava\guava\33.5.0-jre\guava-33.5.0-jre.jar;C:\Users\Kavya Rajendran\.m2\repository\com\google\guava\failureaccess\1.0.3\failureaccess-1.0.3.jar;C:\Users\Kavya Rajendran\.m2\repository\com\google\guava\listenablefuture\9999.0-empty-to-avoid-conflict-with-guava\listenablefuture-9999.0-empty-to-avoid-conflict-with-guava.jar;C:\Users\Kavya Rajendran\.m2\repository\com\google\errorprone\error_prone_annotations\2.41.0\error_prone_annotations-2.41.0.jar;C:\Users\Kavya Rajendran\.m2\repository\com\google\j2objc\j2objc-annotations\3.1\j2objc-annotations-3.1.jar;C:\Users\Kavya Rajendran\.m2\repository\io\opentelemetry\opentelemetry-api\1.55.0\opentelemetry-api-1.55.0.jar;C:\Users\Kavya Rajendran\.m2\repository\io\opentelemetry\opentelemetry-context\1.55.0\opentelemetry-context-1.55.0.jar;C:\Users\Kavya Rajendran\.m2\repository\io\opentelemetry\opentelemetry-common\1.55.0\opentelemetry-common-1.55.0.jar;C:\Users\Kavya Rajendran\.m2\repository\io\opentelemetry\opentelemetry-exporter-logging\1.55.0\opentelemetry-exporter-logging-1.55.0.jar;C:\Users\Kavya Rajendran\.m2\repository\io\opentelemetry\opentelemetry-sdk-common\1.55.0\opentelemetry-sdk-common-1.55.0.jar;C:\Users\Kavya Rajendran\.m2\repository\io\opentelemetry\opentelemetry-sdk-extension-autoconfigure-spi\1.55.0\opentelemetry-sdk-extension-autoconfigure-spi-1.55.0.jar;C:\Users\Kavya Rajendran\.m2\repository\io\opentelemetry\opentelemetry-sdk-extension-autoconfigure\1.55.0\opentelemetry-sdk-extension-autoconfigure-1.55.0.jar;C:\Users\Kavya Rajendran\.m2\repository\io\opentelemetry\opentelemetry-sdk-trace\1.55.0\opentelemetry-sdk-trace-1.55.0.jar;C:\Users\Kavya Rajendran\.m2\repository\io\opentelemetry\opentelemetry-sdk\1.55.0\opentelemetry-sdk-1.55.0.jar;C:\Users\Kavya Rajendran\.m2\repository\io\opentelemetry\opentelemetry-sdk-metrics\1.55.0\opentelemetry-sdk-metrics-1.55.0.jar;C:\Users\Kavya Rajendran\.m2\repository\io\opentelemetry\opentelemetry-sdk-logs\1.55.0\opentelemetry-sdk-logs-1.55.0.jar;C:\Users\Kavya Rajendran\.m2\repository\net\bytebuddy\byte-buddy\1.17.8\byte-buddy-1.17.8.jar;C:\Users\Kavya Rajendran\.m2\repository\org\seleniumhq\selenium\selenium-os\4.38.0\selenium-os-4.38.0.jar;C:\Users\Kavya Rajendran\.m2\repository\org\apache\commons\commons-exec\1.5.0\commons-exec-1.5.0.jar;C:\Users\Kavya Rajendran\.m2\repository\org\seleniumhq\selenium\selenium-safari-driver\4.38.0\selenium-safari-driver-4.38.0.jar;C:\Users\Kavya Rajendran\.m2\repository\org\seleniumhq\selenium\selenium-support\4.38.0\selenium-support-4.38.0.jar;C:\Users\Kavya Rajendran\.m2\repository\org\apache\poi\poi\5.5.1\poi-5.5.1.jar;C:\Users\Kavya Rajendran\.m2\repository\commons-codec\commons-codec\1.20.0\commons-codec-1.20.0.jar;C:\Users\Kavya Rajendran\.m2\repository\org\apache\commons\commons-collections4\4.5.0\commons-collections4-4.5.0.jar;C:\Users\Kavya Rajendran\.m2\repository\org\apache\commons\commons-math3\3.6.1\commons-math3-3.6.1.jar;C:\Users\Kavya Rajendran\.m2\repository\commons-io\commons-io\2.21.0\commons-io-2.21.0.jar;C:\Users\Kavya Rajendran\.m2\repository\com\zaxxer\SparseBitSet\1.3\SparseBitSet-1.3.jar;C:\Users\Kavya Rajendran\.m2\repository\org\apache\logging\log4j\log4j-api\2.24.3\log4j-api-2.24.3.jar;C:\Users\Kavya Rajendran\.m2\repository\org\apache\poi\poi-ooxml\5.5.1\poi-ooxml-5.5.1.jar;C:\Users\Kavya Rajendran\.m2\repository\org\apache\poi\poi-ooxml-lite\5.5.1\poi-ooxml-lite-5.5.1.jar;C:\Users\Kavya Rajendran\.m2\repository\org\apache\xmlbeans\xmlbeans\5.3.0\xmlbeans-5.3.0.jar;C:\Users\Kavya Rajendran\.m2\repository\org\apache\commons\commons-compress\1.28.0\commons-compress-1.28.0.jar;C:\Users\Kavya Rajendran\.m2\repository\org\apache\commons\commons-lang3\3.18.0\commons-lang3-3.18.0.jar;C:\Users\Kavya Rajendran\.m2\repository\com\github\virtuald\curvesapi\1.08\curvesapi-1.08.jar;C:\Users\Kavya Rajendran\.m2\repository\com\googlecode\json-simple\json-simple\1.1\json-simple-1.1.jar;C:\Users\Kavya Rajendran\.m2\repository\org\testng\testng\7.12.0\testng-7.12.0.jar;C:\Users\Kavya Rajendran\.m2\repository\org\slf4j\slf4j-api\2.0.16\slf4j-api-2.0.16.jar;C:\Users\Kavya Rajendran\.m2\repository\org\jcommander\jcommander\1.83\jcommander-1.83.jar;C:\Users\Kavya Rajendran\.m2\repository\org\webjars\jquery\3.7.1\jquery-3.7.1.jar;C:\Users\Kavya Rajendran\.m2\repository\net\sourceforge\tess4j\tess4j\5.18.0\tess4j-5.18.0.jar;C:\Users\Kavya Rajendran\.m2\repository\net\java\dev\jna\jna\5.18.1\jna-5.18.1.jar;C:\Users\Kavya Rajendran\.m2\repository\com\github\jai-imageio\jai-imageio-core\1.4.0\jai-imageio-core-1.4.0.jar;C:\Users\Kavya Rajendran\.m2\repository\org\apache\pdfbox\pdfbox\3.0.6\pdfbox-3.0.6.jar;C:\Users\Kavya Rajendran\.m2\repository\org\apache\pdfbox\pdfbox-io\3.0.6\pdfbox-io-3.0.6.jar;C:\Users\Kavya Rajendran\.m2\repository\org\apache\pdfbox\fontbox\3.0.6\fontbox-3.0.6.jar;C:\Users\Kavya Rajendran\.m2\repository\commons-logging\commons-logging\1.3.5\commons-logging-1.3.5.jar;C:\Users\Kavya Rajendran\.m2\repository\org\apache\pdfbox\pdfbox-tools\3.0.6\pdfbox-tools-3.0.6.jar;C:\Users\Kavya Rajendran\.m2\repository\org\apache\pdfbox\pdfbox-debugger\3.0.6\pdfbox-debugger-3.0.6.jar;C:\Users\Kavya Rajendran\.m2\repository\org\bouncycastle\bcpkix-jdk18on\1.82\bcpkix-jdk18on-1.82.jar;C:\Users\Kavya Rajendran\.m2\repository\org\bouncycastle\bcutil-jdk18on\1.82\bcutil-jdk18on-1.82.jar;C:\Users\Kavya Rajendran\.m2\repository\org\bouncycastle\bcprov-jdk18on\1.82\bcprov-jdk18on-1.82.jar;C:\Users\Kavya Rajendran\.m2\repository\info\picocli\picocli\4.7.7\picocli-4.7.7.jar;C:\Users\Kavya Rajendran\.m2\repository\org\apache\pdfbox\jbig2-imageio\3.0.4\jbig2-imageio-3.0.4.jar;C:\Users\Kavya Rajendran\.m2\repository\net\sourceforge\lept4j\lept4j\1.23.0\lept4j-1.23.0.jar;C:\Users\Kavya Rajendran\.m2\repository\org\jboss\jboss-vfs\3.2.17.Final\jboss-vfs-3.2.17.Final.jar;C:\Users\Kavya Rajendran\.m2\repository\org\jboss\logging\jboss-logging\3.1.4.GA\jboss-logging-3.1.4.GA.jar
Launcher Type: SUN_STANDARD

[Global flags]
     intx CICompilerCount                          = 4                                         {product} {ergonomic}
     uint ConcGCThreads                            = 2                                         {product} {ergonomic}
     uint G1ConcRefinementThreads                  = 8                                         {product} {ergonomic}
   size_t G1HeapRegionSize                         = 1048576                                   {product} {ergonomic}
    uintx GCDrainStackTargetSize                   = 64                                        {product} {ergonomic}
   size_t InitialHeapSize                          = 134217728                                 {product} {ergonomic}
   size_t MarkStackSize                            = 4194304                                   {product} {ergonomic}
   size_t MaxHeapSize                              = 2116026368                                {product} {ergonomic}
   size_t MaxNewSize                               = 1268776960                                {product} {ergonomic}
   size_t MinHeapDeltaBytes                        = 1048576                                   {product} {ergonomic}
   size_t MinHeapSize                              = 8388608                                   {product} {ergonomic}
    uintx NonNMethodCodeHeapSize                   = 5839372                                {pd product} {ergonomic}
    uintx NonProfiledCodeHeapSize                  = 122909434                              {pd product} {ergonomic}
    uintx ProfiledCodeHeapSize                     = 122909434                              {pd product} {ergonomic}
    uintx ReservedCodeCacheSize                    = 251658240                              {pd product} {ergonomic}
     bool SegmentedCodeCache                       = true                                      {product} {ergonomic}
     bool ShowCodeDetailsInExceptionMessages       = true                                   {manageable} {command line}
   size_t SoftMaxHeapSize                          = 2116026368                             {manageable} {ergonomic}
     bool UseCompressedOops                        = true                           {product lp64_product} {ergonomic}
     bool UseG1GC                                  = true                                      {product} {ergonomic}
     bool UseLargePagesIndividualAllocation        = false                                  {pd product} {ergonomic}

Logging:
Log output configuration:
 #0: stdout all=warning uptime,level,tags foldmultilines=false
 #1: stderr all=off uptime,level,tags foldmultilines=false

Environment Variables:
PATH=C:/Users/Kavya Rajendran/.p2/pool/plugins/org.eclipse.justj.openjdk.hotspot.jre.full.win32.x86_64_21.0.10.v20260205-0638/jre/bin/server;C:/Users/Kavya Rajendran/.p2/pool/plugins/org.eclipse.justj.openjdk.hotspot.jre.full.win32.x86_64_21.0.10.v20260205-0638/jre/bin;C:\oracle\product\10.2.0\db_1\bin;C:\Program Files\Common Files\Oracle\Java\javapath;C:\WINDOWS\system32;C:\WINDOWS;C:\WINDOWS\System32\Wbem;C:\WINDOWS\System32\WindowsPowerShell\v1.0\;C:\WINDOWS\System32\OpenSSH\;C:\Users\Kavya Rajendran\AppData\Local\Microsoft\WindowsApps;;C:\Users\Kavya Rajendran\OneDrive\Desktop;
USERNAME=Kavya Rajendran
OS=Windows_NT
PROCESSOR_IDENTIFIER=Intel64 Family 6 Model 142 Stepping 10, GenuineIntel
TMP=C:\Users\KAVYAR~1\AppData\Local\Temp
TEMP=C:\Users\KAVYAR~1\AppData\Local\Temp




Periodic native trim disabled

---------------  S Y S T E M  ---------------

OS:
 Windows 11 , 64 bit Build 26100 (10.0.26100.7920)
OS uptime: 4 days 0:05 hours
Hyper-V role detected

CPU: total 8 (initial active 8) (4 cores per cpu, 2 threads per core) family 6 model 142 stepping 10 microcode 0xf4, cx8, cmov, fxsr, ht, mmx, 3dnowpref, sse, sse2, sse3, ssse3, sse4.1, sse4.2, popcnt, lzcnt, tsc, tscinvbit, avx, avx2, aes, erms, clmul, bmi1, bmi2, rtm, adx, fma, vzeroupper, clflush, clflushopt, hv, rdtscp, f16c
Processor Information for the first 8 processors :
  Max Mhz: 1896, Current Mhz: 1496, Mhz Limit: 1687

Memory: 4k page, system-wide physical 8070M (790M free)
TotalPageFile size 10118M (AvailPageFile size 9M)
current process WorkingSet (physical memory assigned to process): 115M, peak: 118M
current process commit charge ("private bytes"): 244M, peak: 248M

vm_info: OpenJDK 64-Bit Server VM (21.0.8+9-LTS) for windows-amd64 JRE (21.0.8+9-LTS), built on 2025-07-15T00:00:00Z by "admin" with MS VC++ 17.7 (VS2022)

END.
