#
# There is insufficient memory for the Java Runtime Environment to continue.
# Native memory allocation (malloc) failed to allocate 1275664 bytes. Error detail: Chunk::new
# Possible reasons:
#   The system is out of physical RAM or swap space
#   This process is running with CompressedOops enabled, and the Java Heap may be blocking the growth of the native heap
# Possible solutions:
#   Reduce memory load on the system
#   Increase physical memory or swap space
#   Check if swap backing store is full
#   Decrease Java heap size (-Xmx/-Xms)
#   Decrease number of Java threads
#   Decrease Java thread stack sizes (-Xss)
#   Set larger code cache with -XX:ReservedCodeCacheSize=
#   JVM is running with Unscaled Compressed Oops mode in which the Java heap is
#     placed in the first 4GB address space. The Java Heap base address is the
#     maximum limit for the native heap growth. Please use -XX:HeapBaseMinAddress
#     to set the Java Heap base and to place the Java Heap above 4GB virtual address.
# This output file may be truncated or incomplete.
#
#  Out of Memory Error (arena.cpp:168), pid=8392, tid=18124
#
# JRE version: OpenJDK Runtime Environment Temurin-21.0.8+9 (21.0.8+9) (build 21.0.8+9-LTS)
# Java VM: OpenJDK 64-Bit Server VM Temurin-21.0.8+9 (21.0.8+9-LTS, mixed mode, sharing, tiered, compressed oops, compressed class ptrs, g1 gc, windows-amd64)
# No core dump will be written. Minidumps are not enabled by default on client versions of Windows
#

---------------  S U M M A R Y ------------

Command Line: -Dfile.encoding=UTF-8 -Dstdout.encoding=UTF-8 -Dstderr.encoding=UTF-8 -XX:+ShowCodeDetailsInExceptionMessages shopperStack.ShopperStack1

Host: Intel(R) Core(TM) i5-8350U CPU @ 1.70GHz, 8 cores, 7G,  Windows 11 , 64 bit Build 26100 (10.0.26100.7920)
Time: Thu Apr  9 10:37:21 2026 India Standard Time elapsed time: 6.009840 seconds (0d 0h 0m 6s)

---------------  T H R E A D  ---------------

Current thread (0x00000207c26a5550):  JavaThread "C2 CompilerThread0" daemon [_thread_in_native, id=18124, stack(0x000000bba4e00000,0x000000bba4f00000) (1024K)]


Current CompileTask:
C2:6010 1872       4       java.lang.invoke.MethodType::methodType (69 bytes)

Stack: [0x000000bba4e00000,0x000000bba4f00000]
Native frames: (J=compiled Java code, j=interpreted, Vv=VM code, C=native code)
V  [jvm.dll+0x6d2449]
V  [jvm.dll+0x8ae341]
V  [jvm.dll+0x8b08be]
V  [jvm.dll+0x8b0fa3]
V  [jvm.dll+0x280c96]
V  [jvm.dll+0xc581d]
V  [jvm.dll+0xc5d53]
V  [jvm.dll+0x3b919c]
V  [jvm.dll+0x1e1213]
V  [jvm.dll+0x249022]
V  [jvm.dll+0x2484af]
V  [jvm.dll+0x1c89ee]
V  [jvm.dll+0x257d4d]
V  [jvm.dll+0x2562ea]
V  [jvm.dll+0x3f2d16]
V  [jvm.dll+0x857e6b]
V  [jvm.dll+0x6d0b0d]
C  [ucrtbase.dll+0x37b0]
C  [KERNEL32.DLL+0x2e8d7]
C  [ntdll.dll+0x8c48c]


---------------  P R O C E S S  ---------------

Threads class SMR info:
_java_thread_list=0x00000208088716d0, length=28, elements={
0x00000207a849a2f0, 0x00000207c268dae0, 0x00000207c2691260, 0x00000207c26949f0,
0x00000207c2695440, 0x00000207c269ee40, 0x00000207c26a3ab0, 0x00000207c26a5550,
0x00000207c26a6d00, 0x00000207c27efd30, 0x00000207c27fcaf0, 0x00000207c2a35260,
0x00000208088282e0, 0x00000208088084b0, 0x0000020808816770, 0x00000208088171e0,
0x000002080885f470, 0x000002080877a770, 0x00000208088888c0, 0x00000208088c6120,
0x00000208088c5400, 0x00000208088c5a90, 0x00000208088c39c0, 0x00000208088c4d70,
0x00000208088c2ca0, 0x00000208088c3330, 0x00000208088c4050, 0x00000208088c46e0
}

Java Threads: ( => current thread )
  0x00000207a849a2f0 JavaThread "Forwarding get on session e0ede2b1d930471dd45d9db53f6f6c80 to remote"        [_thread_blocked, id=15872, stack(0x000000bba4000000,0x000000bba4100000) (1024K)]
  0x00000207c268dae0 JavaThread "Reference Handler"          daemon [_thread_blocked, id=10228, stack(0x000000bba4800000,0x000000bba4900000) (1024K)]
  0x00000207c2691260 JavaThread "Finalizer"                  daemon [_thread_blocked, id=14252, stack(0x000000bba4900000,0x000000bba4a00000) (1024K)]
  0x00000207c26949f0 JavaThread "Signal Dispatcher"          daemon [_thread_blocked, id=11620, stack(0x000000bba4a00000,0x000000bba4b00000) (1024K)]
  0x00000207c2695440 JavaThread "Attach Listener"            daemon [_thread_blocked, id=8424, stack(0x000000bba4b00000,0x000000bba4c00000) (1024K)]
  0x00000207c269ee40 JavaThread "Service Thread"             daemon [_thread_blocked, id=18248, stack(0x000000bba4c00000,0x000000bba4d00000) (1024K)]
  0x00000207c26a3ab0 JavaThread "Monitor Deflation Thread"   daemon [_thread_blocked, id=19424, stack(0x000000bba4d00000,0x000000bba4e00000) (1024K)]
=>0x00000207c26a5550 JavaThread "C2 CompilerThread0"         daemon [_thread_in_native, id=18124, stack(0x000000bba4e00000,0x000000bba4f00000) (1024K)]
  0x00000207c26a6d00 JavaThread "C1 CompilerThread0"         daemon [_thread_blocked, id=18400, stack(0x000000bba4f00000,0x000000bba5000000) (1024K)]
  0x00000207c27efd30 JavaThread "Notification Thread"        daemon [_thread_blocked, id=12372, stack(0x000000bba5000000,0x000000bba5100000) (1024K)]
  0x00000207c27fcaf0 JavaThread "Common-Cleaner"             daemon [_thread_blocked, id=1020, stack(0x000000bba5100000,0x000000bba5200000) (1024K)]
  0x00000207c2a35260 JavaThread "ForkJoinPool.commonPool-worker-1" daemon [_thread_blocked, id=16460, stack(0x000000bba5200000,0x000000bba5300000) (1024K)]
  0x00000208088282e0 JavaThread "HttpClient-1-SelectorManager" daemon [_thread_in_native, id=9412, stack(0x000000bba5b00000,0x000000bba5c00000) (1024K)]
  0x00000208088084b0 JavaThread "External Process Output Forwarder - C:\Users\Kavya Rajendran\.cache\selenium\chromedriver\win64\146.0.7680.165\chromedriver.exe" daemon [_thread_in_native, id=11320, stack(0x000000bba5c00000,0x000000bba5d00000) (1024K)]
  0x0000020808816770 JavaThread "Driver Service Executor"    daemon [_thread_blocked, id=9388, stack(0x000000bba5d00000,0x000000bba5e00000) (1024K)]
  0x00000208088171e0 JavaThread "Driver Service Executor"    daemon [_thread_in_native, id=14132, stack(0x000000bba5e00000,0x000000bba5f00000) (1024K)]
  0x000002080885f470 JavaThread "UrlChecker-2"               daemon [_thread_blocked, id=10024, stack(0x000000bba5f00000,0x000000bba6000000) (1024K)]
  0x000002080877a770 JavaThread "Keep-Alive-Timer"           daemon [_thread_blocked, id=19128, stack(0x000000bba5300000,0x000000bba5400000) (1024K)]
  0x00000208088888c0 JavaThread "JdkHttpClient-0-0"          daemon [_thread_blocked, id=10684, stack(0x000000bba6100000,0x000000bba6200000) (1024K)]
  0x00000208088c6120 JavaThread "CompletableFutureDelayScheduler" daemon [_thread_blocked, id=8700, stack(0x000000bba6200000,0x000000bba6300000) (1024K)]
  0x00000208088c5400 JavaThread "JdkHttpClient-0-1"          daemon [_thread_blocked, id=10520, stack(0x000000bba6300000,0x000000bba6400000) (1024K)]
  0x00000208088c5a90 JavaThread "JdkHttpClient-0-2"          daemon [_thread_blocked, id=19156, stack(0x000000bba6400000,0x000000bba6500000) (1024K)]
  0x00000208088c39c0 JavaThread "JdkHttpClient-0-3"          daemon [_thread_blocked, id=7952, stack(0x000000bba6500000,0x000000bba6600000) (1024K)]
  0x00000208088c4d70 JavaThread "HttpClient-2-SelectorManager" daemon [_thread_in_native, id=2172, stack(0x000000bba6600000,0x000000bba6700000) (1024K)]
  0x00000208088c2ca0 JavaThread "JdkHttpClient-1-0"          daemon [_thread_blocked, id=5272, stack(0x000000bba6700000,0x000000bba6800000) (1024K)]
  0x00000208088c3330 JavaThread "JdkHttpClient-1-1"          daemon [_thread_blocked, id=8644, stack(0x000000bba6800000,0x000000bba6900000) (1024K)]
  0x00000208088c4050 JavaThread "JdkHttpClient-1-2"          daemon [_thread_blocked, id=11296, stack(0x000000bba6900000,0x000000bba6a00000) (1024K)]
  0x00000208088c46e0 JavaThread "JdkHttpClient-1-3"          daemon [_thread_blocked, id=7684, stack(0x000000bba6a00000,0x000000bba6b00000) (1024K)]
Total: 28

Other Threads:
  0x00000207c266fc10 VMThread "VM Thread"                           [id=15968, stack(0x000000bba4700000,0x000000bba4800000) (1024K)]
  0x00000207c265aec0 WatcherThread "VM Periodic Task Thread"        [id=7004, stack(0x000000bba4600000,0x000000bba4700000) (1024K)]
  0x00000207aa83ad80 WorkerThread "GC Thread#0"                     [id=2852, stack(0x000000bba4100000,0x000000bba4200000) (1024K)]
  0x00000208087ea360 WorkerThread "GC Thread#1"                     [id=11716, stack(0x000000bba5400000,0x000000bba5500000) (1024K)]
  0x0000020808776020 WorkerThread "GC Thread#2"                     [id=5028, stack(0x000000bba5500000,0x000000bba5600000) (1024K)]
  0x00000208087c09a0 WorkerThread "GC Thread#3"                     [id=8028, stack(0x000000bba5600000,0x000000bba5700000) (1024K)]
  0x00000208087d1aa0 WorkerThread "GC Thread#4"                     [id=10300, stack(0x000000bba5700000,0x000000bba5800000) (1024K)]
  0x00000208087d1e40 WorkerThread "GC Thread#5"                     [id=8548, stack(0x000000bba5800000,0x000000bba5900000) (1024K)]
  0x00000208087d21e0 WorkerThread "GC Thread#6"                     [id=3288, stack(0x000000bba5900000,0x000000bba5a00000) (1024K)]
  0x00000208087d2580 WorkerThread "GC Thread#7"                     [id=4684, stack(0x000000bba5a00000,0x000000bba5b00000) (1024K)]
  0x00000207aa84c310 ConcurrentGCThread "G1 Main Marker"            [id=13216, stack(0x000000bba4200000,0x000000bba4300000) (1024K)]
  0x00000207aa84f180 WorkerThread "G1 Conc#0"                       [id=10796, stack(0x000000bba4300000,0x000000bba4400000) (1024K)]
  0x00000207c251e560 ConcurrentGCThread "G1 Refine#0"               [id=14060, stack(0x000000bba4400000,0x000000bba4500000) (1024K)]
  0x00000207c251ef70 ConcurrentGCThread "G1 Service"                [id=13864, stack(0x000000bba4500000,0x000000bba4600000) (1024K)]
Total: 14

Threads with active compile tasks:
C2 CompilerThread0  6163 1872       4       java.lang.invoke.MethodType::methodType (69 bytes)
Total: 1

VM state: not at safepoint (normal execution)

VM Mutex/Monitor currently owned by a thread: None

Heap address: 0x0000000081e00000, size: 2018 MB, Compressed Oops mode: 32-bit

CDS archive(s) mapped at: [0x00000207c3000000-0x00000207c3c80000-0x00000207c3c80000), size 13107200, SharedBaseAddress: 0x00000207c3000000, ArchiveRelocationMode: 1.
Compressed class space mapped at: 0x00000207c4000000-0x0000020804000000, reserved size: 1073741824
Narrow klass base: 0x00000207c3000000, Narrow klass shift: 0, Narrow klass range: 0x100000000

GC Precious Log:
 CardTable entry size: 512
 Card Set container configuration: InlinePtr #cards 5 size 8 Array Of Cards #cards 12 size 40 Howl #buckets 4 coarsen threshold 1843 Howl Bitmap #cards 512 size 80 coarsen threshold 460 Card regions per heap region 1 cards per card region 2048
 CPUs: 8 total, 8 available
 Memory: 8070M
 Large Page Support: Disabled
 NUMA Support: Disabled
 Compressed Oops: Enabled (32-bit)
 Heap Region Size: 1M
 Heap Min Capacity: 8M
 Heap Initial Capacity: 128M
 Heap Max Capacity: 2018M
 Pre-touch: Disabled
 Parallel Workers: 8
 Concurrent Workers: 2
 Concurrent Refinement Workers: 8
 Periodic GC: Disabled

Heap:
 garbage-first heap   total 131072K, used 26624K [0x0000000081e00000, 0x0000000100000000)
  region size 1024K, 21 young (21504K), 3 survivors (3072K)
 Metaspace       used 12428K, committed 12800K, reserved 1114112K
  class space    used 1499K, committed 1664K, reserved 1048576K

Heap Regions: E=young(eden), S=young(survivor), O=old, HS=humongous(starts), HC=humongous(continues), CS=collection set, F=free, TAMS=top-at-mark-start, PB=parsable bottom
|   0|0x0000000081e00000, 0x0000000081f00000, 0x0000000081f00000|100%|HS|  |TAMS 0x0000000081e00000| PB 0x0000000081e00000| Complete 
|   1|0x0000000081f00000, 0x0000000082000000, 0x0000000082000000|100%|HS|  |TAMS 0x0000000081f00000| PB 0x0000000081f00000| Complete 
|   2|0x0000000082000000, 0x0000000082000000, 0x0000000082100000|  0%| F|  |TAMS 0x0000000082000000| PB 0x0000000082000000| Untracked 
|   3|0x0000000082100000, 0x0000000082200000, 0x0000000082200000|100%| O|  |TAMS 0x0000000082100000| PB 0x0000000082100000| Untracked 
|   4|0x0000000082200000, 0x0000000082300000, 0x0000000082300000|100%| O|  |TAMS 0x0000000082200000| PB 0x0000000082200000| Untracked 
|   5|0x0000000082300000, 0x0000000082400000, 0x0000000082400000|100%| O|  |TAMS 0x0000000082300000| PB 0x0000000082300000| Untracked 
|   6|0x0000000082400000, 0x0000000082500000, 0x0000000082500000|100%| O|  |TAMS 0x0000000082400000| PB 0x0000000082400000| Untracked 
|   7|0x0000000082500000, 0x0000000082600000, 0x0000000082600000|100%| O|  |TAMS 0x0000000082500000| PB 0x0000000082500000| Untracked 
|   8|0x0000000082600000, 0x0000000082600000, 0x0000000082700000|  0%| F|  |TAMS 0x0000000082600000| PB 0x0000000082600000| Untracked 
|   9|0x0000000082700000, 0x0000000082700000, 0x0000000082800000|  0%| F|  |TAMS 0x0000000082700000| PB 0x0000000082700000| Untracked 
|  10|0x0000000082800000, 0x0000000082800000, 0x0000000082900000|  0%| F|  |TAMS 0x0000000082800000| PB 0x0000000082800000| Untracked 
|  11|0x0000000082900000, 0x0000000082900000, 0x0000000082a00000|  0%| F|  |TAMS 0x0000000082900000| PB 0x0000000082900000| Untracked 
|  12|0x0000000082a00000, 0x0000000082a00000, 0x0000000082b00000|  0%| F|  |TAMS 0x0000000082a00000| PB 0x0000000082a00000| Untracked 
|  13|0x0000000082b00000, 0x0000000082b00000, 0x0000000082c00000|  0%| F|  |TAMS 0x0000000082b00000| PB 0x0000000082b00000| Untracked 
|  14|0x0000000082c00000, 0x0000000082c00000, 0x0000000082d00000|  0%| F|  |TAMS 0x0000000082c00000| PB 0x0000000082c00000| Untracked 
|  15|0x0000000082d00000, 0x0000000082d00000, 0x0000000082e00000|  0%| F|  |TAMS 0x0000000082d00000| PB 0x0000000082d00000| Untracked 
|  16|0x0000000082e00000, 0x0000000082e00000, 0x0000000082f00000|  0%| F|  |TAMS 0x0000000082e00000| PB 0x0000000082e00000| Untracked 
|  17|0x0000000082f00000, 0x0000000082f00000, 0x0000000083000000|  0%| F|  |TAMS 0x0000000082f00000| PB 0x0000000082f00000| Untracked 
|  18|0x0000000083000000, 0x0000000083000000, 0x0000000083100000|  0%| F|  |TAMS 0x0000000083000000| PB 0x0000000083000000| Untracked 
|  19|0x0000000083100000, 0x0000000083100000, 0x0000000083200000|  0%| F|  |TAMS 0x0000000083100000| PB 0x0000000083100000| Untracked 
|  20|0x0000000083200000, 0x0000000083200000, 0x0000000083300000|  0%| F|  |TAMS 0x0000000083200000| PB 0x0000000083200000| Untracked 
|  21|0x0000000083300000, 0x0000000083300000, 0x0000000083400000|  0%| F|  |TAMS 0x0000000083300000| PB 0x0000000083300000| Untracked 
|  22|0x0000000083400000, 0x0000000083400000, 0x0000000083500000|  0%| F|  |TAMS 0x0000000083400000| PB 0x0000000083400000| Untracked 
|  23|0x0000000083500000, 0x0000000083500000, 0x0000000083600000|  0%| F|  |TAMS 0x0000000083500000| PB 0x0000000083500000| Untracked 
|  24|0x0000000083600000, 0x0000000083600000, 0x0000000083700000|  0%| F|  |TAMS 0x0000000083600000| PB 0x0000000083600000| Untracked 
|  25|0x0000000083700000, 0x0000000083700000, 0x0000000083800000|  0%| F|  |TAMS 0x0000000083700000| PB 0x0000000083700000| Untracked 
|  26|0x0000000083800000, 0x0000000083800000, 0x0000000083900000|  0%| F|  |TAMS 0x0000000083800000| PB 0x0000000083800000| Untracked 
|  27|0x0000000083900000, 0x0000000083900000, 0x0000000083a00000|  0%| F|  |TAMS 0x0000000083900000| PB 0x0000000083900000| Untracked 
|  28|0x0000000083a00000, 0x0000000083a00000, 0x0000000083b00000|  0%| F|  |TAMS 0x0000000083a00000| PB 0x0000000083a00000| Untracked 
|  29|0x0000000083b00000, 0x0000000083b00000, 0x0000000083c00000|  0%| F|  |TAMS 0x0000000083b00000| PB 0x0000000083b00000| Untracked 
|  30|0x0000000083c00000, 0x0000000083c00000, 0x0000000083d00000|  0%| F|  |TAMS 0x0000000083c00000| PB 0x0000000083c00000| Untracked 
|  31|0x0000000083d00000, 0x0000000083d00000, 0x0000000083e00000|  0%| F|  |TAMS 0x0000000083d00000| PB 0x0000000083d00000| Untracked 
|  32|0x0000000083e00000, 0x0000000083e00000, 0x0000000083f00000|  0%| F|  |TAMS 0x0000000083e00000| PB 0x0000000083e00000| Untracked 
|  33|0x0000000083f00000, 0x0000000083f00000, 0x0000000084000000|  0%| F|  |TAMS 0x0000000083f00000| PB 0x0000000083f00000| Untracked 
|  34|0x0000000084000000, 0x0000000084000000, 0x0000000084100000|  0%| F|  |TAMS 0x0000000084000000| PB 0x0000000084000000| Untracked 
|  35|0x0000000084100000, 0x0000000084100000, 0x0000000084200000|  0%| F|  |TAMS 0x0000000084100000| PB 0x0000000084100000| Untracked 
|  36|0x0000000084200000, 0x0000000084200000, 0x0000000084300000|  0%| F|  |TAMS 0x0000000084200000| PB 0x0000000084200000| Untracked 
|  37|0x0000000084300000, 0x0000000084300000, 0x0000000084400000|  0%| F|  |TAMS 0x0000000084300000| PB 0x0000000084300000| Untracked 
|  38|0x0000000084400000, 0x0000000084400000, 0x0000000084500000|  0%| F|  |TAMS 0x0000000084400000| PB 0x0000000084400000| Untracked 
|  39|0x0000000084500000, 0x0000000084500000, 0x0000000084600000|  0%| F|  |TAMS 0x0000000084500000| PB 0x0000000084500000| Untracked 
|  40|0x0000000084600000, 0x0000000084600000, 0x0000000084700000|  0%| F|  |TAMS 0x0000000084600000| PB 0x0000000084600000| Untracked 
|  41|0x0000000084700000, 0x0000000084700000, 0x0000000084800000|  0%| F|  |TAMS 0x0000000084700000| PB 0x0000000084700000| Untracked 
|  42|0x0000000084800000, 0x0000000084800000, 0x0000000084900000|  0%| F|  |TAMS 0x0000000084800000| PB 0x0000000084800000| Untracked 
|  43|0x0000000084900000, 0x0000000084900000, 0x0000000084a00000|  0%| F|  |TAMS 0x0000000084900000| PB 0x0000000084900000| Untracked 
|  44|0x0000000084a00000, 0x0000000084a00000, 0x0000000084b00000|  0%| F|  |TAMS 0x0000000084a00000| PB 0x0000000084a00000| Untracked 
|  45|0x0000000084b00000, 0x0000000084b00000, 0x0000000084c00000|  0%| F|  |TAMS 0x0000000084b00000| PB 0x0000000084b00000| Untracked 
|  46|0x0000000084c00000, 0x0000000084c00000, 0x0000000084d00000|  0%| F|  |TAMS 0x0000000084c00000| PB 0x0000000084c00000| Untracked 
|  47|0x0000000084d00000, 0x0000000084d00000, 0x0000000084e00000|  0%| F|  |TAMS 0x0000000084d00000| PB 0x0000000084d00000| Untracked 
|  48|0x0000000084e00000, 0x0000000084e00000, 0x0000000084f00000|  0%| F|  |TAMS 0x0000000084e00000| PB 0x0000000084e00000| Untracked 
|  49|0x0000000084f00000, 0x0000000084f00000, 0x0000000085000000|  0%| F|  |TAMS 0x0000000084f00000| PB 0x0000000084f00000| Untracked 
|  50|0x0000000085000000, 0x0000000085000000, 0x0000000085100000|  0%| F|  |TAMS 0x0000000085000000| PB 0x0000000085000000| Untracked 
|  51|0x0000000085100000, 0x0000000085100000, 0x0000000085200000|  0%| F|  |TAMS 0x0000000085100000| PB 0x0000000085100000| Untracked 
|  52|0x0000000085200000, 0x0000000085200000, 0x0000000085300000|  0%| F|  |TAMS 0x0000000085200000| PB 0x0000000085200000| Untracked 
|  53|0x0000000085300000, 0x0000000085300000, 0x0000000085400000|  0%| F|  |TAMS 0x0000000085300000| PB 0x0000000085300000| Untracked 
|  54|0x0000000085400000, 0x0000000085400000, 0x0000000085500000|  0%| F|  |TAMS 0x0000000085400000| PB 0x0000000085400000| Untracked 
|  55|0x0000000085500000, 0x0000000085500000, 0x0000000085600000|  0%| F|  |TAMS 0x0000000085500000| PB 0x0000000085500000| Untracked 
|  56|0x0000000085600000, 0x0000000085600000, 0x0000000085700000|  0%| F|  |TAMS 0x0000000085600000| PB 0x0000000085600000| Untracked 
|  57|0x0000000085700000, 0x0000000085700000, 0x0000000085800000|  0%| F|  |TAMS 0x0000000085700000| PB 0x0000000085700000| Untracked 
|  58|0x0000000085800000, 0x0000000085800000, 0x0000000085900000|  0%| F|  |TAMS 0x0000000085800000| PB 0x0000000085800000| Untracked 
|  59|0x0000000085900000, 0x0000000085900000, 0x0000000085a00000|  0%| F|  |TAMS 0x0000000085900000| PB 0x0000000085900000| Untracked 
|  60|0x0000000085a00000, 0x0000000085a00000, 0x0000000085b00000|  0%| F|  |TAMS 0x0000000085a00000| PB 0x0000000085a00000| Untracked 
|  61|0x0000000085b00000, 0x0000000085b00000, 0x0000000085c00000|  0%| F|  |TAMS 0x0000000085b00000| PB 0x0000000085b00000| Untracked 
|  62|0x0000000085c00000, 0x0000000085c00000, 0x0000000085d00000|  0%| F|  |TAMS 0x0000000085c00000| PB 0x0000000085c00000| Untracked 
|  63|0x0000000085d00000, 0x0000000085d00000, 0x0000000085e00000|  0%| F|  |TAMS 0x0000000085d00000| PB 0x0000000085d00000| Untracked 
|  64|0x0000000085e00000, 0x0000000085e00000, 0x0000000085f00000|  0%| F|  |TAMS 0x0000000085e00000| PB 0x0000000085e00000| Untracked 
|  65|0x0000000085f00000, 0x0000000085f00000, 0x0000000086000000|  0%| F|  |TAMS 0x0000000085f00000| PB 0x0000000085f00000| Untracked 
|  66|0x0000000086000000, 0x0000000086000000, 0x0000000086100000|  0%| F|  |TAMS 0x0000000086000000| PB 0x0000000086000000| Untracked 
|  67|0x0000000086100000, 0x0000000086100000, 0x0000000086200000|  0%| F|  |TAMS 0x0000000086100000| PB 0x0000000086100000| Untracked 
|  68|0x0000000086200000, 0x0000000086200000, 0x0000000086300000|  0%| F|  |TAMS 0x0000000086200000| PB 0x0000000086200000| Untracked 
|  69|0x0000000086300000, 0x0000000086300000, 0x0000000086400000|  0%| F|  |TAMS 0x0000000086300000| PB 0x0000000086300000| Untracked 
|  70|0x0000000086400000, 0x0000000086400000, 0x0000000086500000|  0%| F|  |TAMS 0x0000000086400000| PB 0x0000000086400000| Untracked 
|  71|0x0000000086500000, 0x0000000086500000, 0x0000000086600000|  0%| F|  |TAMS 0x0000000086500000| PB 0x0000000086500000| Untracked 
|  72|0x0000000086600000, 0x0000000086600000, 0x0000000086700000|  0%| F|  |TAMS 0x0000000086600000| PB 0x0000000086600000| Untracked 
|  73|0x0000000086700000, 0x0000000086700000, 0x0000000086800000|  0%| F|  |TAMS 0x0000000086700000| PB 0x0000000086700000| Untracked 
|  74|0x0000000086800000, 0x0000000086800000, 0x0000000086900000|  0%| F|  |TAMS 0x0000000086800000| PB 0x0000000086800000| Untracked 
|  75|0x0000000086900000, 0x0000000086900000, 0x0000000086a00000|  0%| F|  |TAMS 0x0000000086900000| PB 0x0000000086900000| Untracked 
|  76|0x0000000086a00000, 0x0000000086a00000, 0x0000000086b00000|  0%| F|  |TAMS 0x0000000086a00000| PB 0x0000000086a00000| Untracked 
|  77|0x0000000086b00000, 0x0000000086b00000, 0x0000000086c00000|  0%| F|  |TAMS 0x0000000086b00000| PB 0x0000000086b00000| Untracked 
|  78|0x0000000086c00000, 0x0000000086c00000, 0x0000000086d00000|  0%| F|  |TAMS 0x0000000086c00000| PB 0x0000000086c00000| Untracked 
|  79|0x0000000086d00000, 0x0000000086d00000, 0x0000000086e00000|  0%| F|  |TAMS 0x0000000086d00000| PB 0x0000000086d00000| Untracked 
|  80|0x0000000086e00000, 0x0000000086e00000, 0x0000000086f00000|  0%| F|  |TAMS 0x0000000086e00000| PB 0x0000000086e00000| Untracked 
|  81|0x0000000086f00000, 0x0000000086f00000, 0x0000000087000000|  0%| F|  |TAMS 0x0000000086f00000| PB 0x0000000086f00000| Untracked 
|  82|0x0000000087000000, 0x0000000087000000, 0x0000000087100000|  0%| F|  |TAMS 0x0000000087000000| PB 0x0000000087000000| Untracked 
|  83|0x0000000087100000, 0x0000000087100000, 0x0000000087200000|  0%| F|  |TAMS 0x0000000087100000| PB 0x0000000087100000| Untracked 
|  84|0x0000000087200000, 0x0000000087200000, 0x0000000087300000|  0%| F|  |TAMS 0x0000000087200000| PB 0x0000000087200000| Untracked 
|  85|0x0000000087300000, 0x0000000087300000, 0x0000000087400000|  0%| F|  |TAMS 0x0000000087300000| PB 0x0000000087300000| Untracked 
|  86|0x0000000087400000, 0x0000000087400000, 0x0000000087500000|  0%| F|  |TAMS 0x0000000087400000| PB 0x0000000087400000| Untracked 
|  87|0x0000000087500000, 0x0000000087500000, 0x0000000087600000|  0%| F|  |TAMS 0x0000000087500000| PB 0x0000000087500000| Untracked 
|  88|0x0000000087600000, 0x0000000087600000, 0x0000000087700000|  0%| F|  |TAMS 0x0000000087600000| PB 0x0000000087600000| Untracked 
|  89|0x0000000087700000, 0x0000000087700000, 0x0000000087800000|  0%| F|  |TAMS 0x0000000087700000| PB 0x0000000087700000| Untracked 
|  90|0x0000000087800000, 0x0000000087800000, 0x0000000087900000|  0%| F|  |TAMS 0x0000000087800000| PB 0x0000000087800000| Untracked 
|  91|0x0000000087900000, 0x0000000087900000, 0x0000000087a00000|  0%| F|  |TAMS 0x0000000087900000| PB 0x0000000087900000| Untracked 
|  92|0x0000000087a00000, 0x0000000087a00000, 0x0000000087b00000|  0%| F|  |TAMS 0x0000000087a00000| PB 0x0000000087a00000| Untracked 
|  93|0x0000000087b00000, 0x0000000087b00000, 0x0000000087c00000|  0%| F|  |TAMS 0x0000000087b00000| PB 0x0000000087b00000| Untracked 
|  94|0x0000000087c00000, 0x0000000087c00000, 0x0000000087d00000|  0%| F|  |TAMS 0x0000000087c00000| PB 0x0000000087c00000| Untracked 
|  95|0x0000000087d00000, 0x0000000087d00000, 0x0000000087e00000|  0%| F|  |TAMS 0x0000000087d00000| PB 0x0000000087d00000| Untracked 
|  96|0x0000000087e00000, 0x0000000087e00000, 0x0000000087f00000|  0%| F|  |TAMS 0x0000000087e00000| PB 0x0000000087e00000| Untracked 
|  97|0x0000000087f00000, 0x0000000087f00000, 0x0000000088000000|  0%| F|  |TAMS 0x0000000087f00000| PB 0x0000000087f00000| Untracked 
|  98|0x0000000088000000, 0x0000000088000000, 0x0000000088100000|  0%| F|  |TAMS 0x0000000088000000| PB 0x0000000088000000| Untracked 
|  99|0x0000000088100000, 0x0000000088100000, 0x0000000088200000|  0%| F|  |TAMS 0x0000000088100000| PB 0x0000000088100000| Untracked 
| 100|0x0000000088200000, 0x0000000088200000, 0x0000000088300000|  0%| F|  |TAMS 0x0000000088200000| PB 0x0000000088200000| Untracked 
| 101|0x0000000088300000, 0x0000000088300000, 0x0000000088400000|  0%| F|  |TAMS 0x0000000088300000| PB 0x0000000088300000| Untracked 
| 102|0x0000000088400000, 0x0000000088500000, 0x0000000088500000|100%| S|CS|TAMS 0x0000000088400000| PB 0x0000000088400000| Complete 
| 103|0x0000000088500000, 0x0000000088600000, 0x0000000088600000|100%| S|CS|TAMS 0x0000000088500000| PB 0x0000000088500000| Complete 
| 104|0x0000000088600000, 0x0000000088700000, 0x0000000088700000|100%| S|CS|TAMS 0x0000000088600000| PB 0x0000000088600000| Complete 
| 105|0x0000000088700000, 0x0000000088700000, 0x0000000088800000|  0%| F|  |TAMS 0x0000000088700000| PB 0x0000000088700000| Untracked 
| 106|0x0000000088800000, 0x0000000088800000, 0x0000000088900000|  0%| F|  |TAMS 0x0000000088800000| PB 0x0000000088800000| Untracked 
| 107|0x0000000088900000, 0x0000000088900000, 0x0000000088a00000|  0%| F|  |TAMS 0x0000000088900000| PB 0x0000000088900000| Untracked 
| 108|0x0000000088a00000, 0x0000000088a00000, 0x0000000088b00000|  0%| F|  |TAMS 0x0000000088a00000| PB 0x0000000088a00000| Untracked 
| 109|0x0000000088b00000, 0x0000000088b00000, 0x0000000088c00000|  0%| F|  |TAMS 0x0000000088b00000| PB 0x0000000088b00000| Untracked 
| 110|0x0000000088c00000, 0x0000000088cee450, 0x0000000088d00000| 93%| E|  |TAMS 0x0000000088c00000| PB 0x0000000088c00000| Complete 
| 111|0x0000000088d00000, 0x0000000088e00000, 0x0000000088e00000|100%| E|CS|TAMS 0x0000000088d00000| PB 0x0000000088d00000| Complete 
| 112|0x0000000088e00000, 0x0000000088f00000, 0x0000000088f00000|100%| E|CS|TAMS 0x0000000088e00000| PB 0x0000000088e00000| Complete 
| 113|0x0000000088f00000, 0x0000000089000000, 0x0000000089000000|100%| E|CS|TAMS 0x0000000088f00000| PB 0x0000000088f00000| Complete 
| 114|0x0000000089000000, 0x0000000089100000, 0x0000000089100000|100%| E|CS|TAMS 0x0000000089000000| PB 0x0000000089000000| Complete 
| 115|0x0000000089100000, 0x0000000089200000, 0x0000000089200000|100%| E|CS|TAMS 0x0000000089100000| PB 0x0000000089100000| Complete 
| 116|0x0000000089200000, 0x0000000089300000, 0x0000000089300000|100%| E|CS|TAMS 0x0000000089200000| PB 0x0000000089200000| Complete 
| 117|0x0000000089300000, 0x0000000089400000, 0x0000000089400000|100%| E|CS|TAMS 0x0000000089300000| PB 0x0000000089300000| Complete 
| 118|0x0000000089400000, 0x0000000089500000, 0x0000000089500000|100%| E|CS|TAMS 0x0000000089400000| PB 0x0000000089400000| Complete 
| 119|0x0000000089500000, 0x0000000089600000, 0x0000000089600000|100%| E|CS|TAMS 0x0000000089500000| PB 0x0000000089500000| Complete 
| 120|0x0000000089600000, 0x0000000089700000, 0x0000000089700000|100%| E|  |TAMS 0x0000000089600000| PB 0x0000000089600000| Complete 
| 121|0x0000000089700000, 0x0000000089800000, 0x0000000089800000|100%| E|CS|TAMS 0x0000000089700000| PB 0x0000000089700000| Complete 
| 122|0x0000000089800000, 0x0000000089900000, 0x0000000089900000|100%| E|CS|TAMS 0x0000000089800000| PB 0x0000000089800000| Complete 
| 123|0x0000000089900000, 0x0000000089a00000, 0x0000000089a00000|100%| E|CS|TAMS 0x0000000089900000| PB 0x0000000089900000| Complete 
| 124|0x0000000089a00000, 0x0000000089b00000, 0x0000000089b00000|100%| E|CS|TAMS 0x0000000089a00000| PB 0x0000000089a00000| Complete 
| 125|0x0000000089b00000, 0x0000000089c00000, 0x0000000089c00000|100%| E|CS|TAMS 0x0000000089b00000| PB 0x0000000089b00000| Complete 
| 126|0x0000000089c00000, 0x0000000089d00000, 0x0000000089d00000|100%| E|CS|TAMS 0x0000000089c00000| PB 0x0000000089c00000| Complete 
| 127|0x0000000089d00000, 0x0000000089e00000, 0x0000000089e00000|100%| E|CS|TAMS 0x0000000089d00000| PB 0x0000000089d00000| Complete 

Card table byte_map: [0x00000207bd8b0000,0x00000207bdcb0000] _byte_map_base: 0x00000207bd4a1000

Marking Bits: (CMBitMap*) 0x00000207aa83b480
 Bits: [0x00000207bdcb0000, 0x00000207bfc38000)

Polling page: 0x00000207a88c0000

Metaspace:

Usage:
  Non-class:     10.67 MB used.
      Class:      1.46 MB used.
       Both:     12.14 MB used.

Virtual space:
  Non-class space:       64.00 MB reserved,      10.88 MB ( 17%) committed,  1 nodes.
      Class space:        1.00 GB reserved,       1.62 MB ( <1%) committed,  1 nodes.
             Both:        1.06 GB reserved,      12.50 MB (  1%) committed. 

Chunk freelists:
   Non-Class:  4.27 MB
       Class:  14.36 MB
        Both:  18.62 MB

MaxMetaspaceSize: unlimited
CompressedClassSpaceSize: 1.00 GB
Initial GC threshold: 21.00 MB
Current GC threshold: 21.00 MB
CDS: on
 - commit_granule_bytes: 65536.
 - commit_granule_words: 8192.
 - virtual_space_node_default_size: 8388608.
 - enlarge_chunks_in_place: 1.
 - use_allocation_guard: 0.


Internal statistics:

num_allocs_failed_limit: 0.
num_arena_births: 334.
num_arena_deaths: 0.
num_vsnodes_births: 2.
num_vsnodes_deaths: 0.
num_space_committed: 200.
num_space_uncommitted: 0.
num_chunks_returned_to_freelist: 0.
num_chunks_taken_from_freelist: 622.
num_chunk_merges: 0.
num_chunk_splits: 363.
num_chunks_enlarged: 196.
num_inconsistent_stats: 0.

CodeHeap 'non-profiled nmethods': size=120000Kb used=615Kb max_used=615Kb free=119384Kb
 bounds [0x00000207b5c50000, 0x00000207b5ec0000, 0x00000207bd180000]
CodeHeap 'profiled nmethods': size=120000Kb used=3497Kb max_used=3497Kb free=116502Kb
 bounds [0x00000207ae180000, 0x00000207ae4f0000, 0x00000207b56b0000]
CodeHeap 'non-nmethods': size=5760Kb used=1462Kb max_used=1471Kb free=4297Kb
 bounds [0x00000207b56b0000, 0x00000207b5920000, 0x00000207b5c50000]
CodeCache: size=245760Kb, used=5574Kb, max_used=5583Kb, free=240183Kb
 total_blobs=2431, nmethods=1889, adapters=446, full_count=0
Compilation: enabled, stopped_count=0, restarted_count=0

Compilation events (20 events):
Event: 4.585 Thread 0x00000207c26a6d00 1886       3       java.lang.Thread::isVirtual (5 bytes)
Event: 4.585 Thread 0x00000207c26a6d00 nmethod 1886 0x00000207ae4e4690 code [0x00000207ae4e4840, 0x00000207ae4e4a48]
Event: 4.585 Thread 0x00000207c26a6d00 1889       3       java.util.TreeMap::successor (66 bytes)
Event: 4.586 Thread 0x00000207c26a6d00 nmethod 1889 0x00000207ae4e4b10 code [0x00000207ae4e4ce0, 0x00000207ae4e5010]
Event: 4.586 Thread 0x00000207c26a6d00 1887       3       java.lang.StringLatin1::trim (76 bytes)
Event: 4.587 Thread 0x00000207c26a6d00 nmethod 1887 0x00000207ae4e5190 code [0x00000207ae4e5360, 0x00000207ae4e5710]
Event: 4.587 Thread 0x00000207c26a6d00 1888       3       java.util.TreeMap$PrivateEntryIterator::nextEntry (54 bytes)
Event: 4.588 Thread 0x00000207c26a6d00 nmethod 1888 0x00000207ae4e5890 code [0x00000207ae4e5a80, 0x00000207ae4e5e58]
Event: 4.588 Thread 0x00000207c26a6d00 1890       1       java.util.concurrent.atomic.AtomicReference::get (5 bytes)
Event: 4.588 Thread 0x00000207c26a6d00 nmethod 1890 0x00000207b5ce9890 code [0x00000207b5ce9a20, 0x00000207b5ce9ae8]
Event: 4.588 Thread 0x00000207c26a6d00 1891       3       jdk.internal.net.http.common.MinimalFuture::<init> (20 bytes)
Event: 4.589 Thread 0x00000207c26a6d00 nmethod 1891 0x00000207ae4e6010 code [0x00000207ae4e61e0, 0x00000207ae4e6450]
Event: 4.589 Thread 0x00000207c26a6d00 1892       3       java.lang.invoke.VarHandleGuards::guard_LL_V (123 bytes)
Event: 4.594 Thread 0x00000207c26a6d00 nmethod 1892 0x00000207ae4e6590 code [0x00000207ae4e69c0, 0x00000207ae4e8eb8]
Event: 4.594 Thread 0x00000207c26a6d00 1894       3       java.util.Collections$UnmodifiableMap::get (11 bytes)
Event: 4.595 Thread 0x00000207c26a6d00 nmethod 1894 0x00000207ae4e9990 code [0x00000207ae4e9b40, 0x00000207ae4e9d18]
Event: 4.595 Thread 0x00000207c26a6d00 1896       3       java.util.ImmutableCollections$AbstractImmutableList::<init> (5 bytes)
Event: 4.595 Thread 0x00000207c26a6d00 nmethod 1896 0x00000207ae4e9e10 code [0x00000207ae4e9fc0, 0x00000207ae4ea1e8]
Event: 4.595 Thread 0x00000207c26a6d00 1895       3       java.util.Formatter$Flags::contains (13 bytes)
Event: 4.595 Thread 0x00000207c26a6d00 nmethod 1895 0x00000207ae4ea310 code [0x00000207ae4ea4a0, 0x00000207ae4ea5e0]

GC Heap History (2 events):
Event: 2.041 GC heap before
{Heap before GC invocations=0 (full 0):
 garbage-first heap   total 131072K, used 25600K [0x0000000081e00000, 0x0000000100000000)
  region size 1024K, 23 young (23552K), 0 survivors (0K)
 Metaspace       used 6843K, committed 7040K, reserved 1114112K
  class space    used 785K, committed 896K, reserved 1048576K
}
Event: 2.064 GC heap after
{Heap after GC invocations=1 (full 0):
 garbage-first heap   total 131072K, used 10240K [0x0000000081e00000, 0x0000000100000000)
  region size 1024K, 3 young (3072K), 3 survivors (3072K)
 Metaspace       used 6843K, committed 7040K, reserved 1114112K
  class space    used 785K, committed 896K, reserved 1048576K
}

Dll operation events (10 events):
Event: 0.022 Loaded shared library C:\Users\Kavya Rajendran\.p2\pool\plugins\org.eclipse.justj.openjdk.hotspot.jre.full.win32.x86_64_21.0.8.v20250724-1412\jre\bin\java.dll
Event: 0.082 Loaded shared library C:\Users\Kavya Rajendran\.p2\pool\plugins\org.eclipse.justj.openjdk.hotspot.jre.full.win32.x86_64_21.0.8.v20250724-1412\jre\bin\zip.dll
Event: 0.238 Loaded shared library C:\Users\Kavya Rajendran\.p2\pool\plugins\org.eclipse.justj.openjdk.hotspot.jre.full.win32.x86_64_21.0.8.v20250724-1412\jre\bin\net.dll
Event: 0.243 Loaded shared library C:\Users\Kavya Rajendran\.p2\pool\plugins\org.eclipse.justj.openjdk.hotspot.jre.full.win32.x86_64_21.0.8.v20250724-1412\jre\bin\nio.dll
Event: 0.249 Loaded shared library C:\Users\Kavya Rajendran\.p2\pool\plugins\org.eclipse.justj.openjdk.hotspot.jre.full.win32.x86_64_21.0.8.v20250724-1412\jre\bin\zip.dll
Event: 0.432 Loaded shared library C:\Users\Kavya Rajendran\.p2\pool\plugins\org.eclipse.justj.openjdk.hotspot.jre.full.win32.x86_64_21.0.8.v20250724-1412\jre\bin\jimage.dll
Event: 0.676 Loaded shared library C:\Users\Kavya Rajendran\.p2\pool\plugins\org.eclipse.justj.openjdk.hotspot.jre.full.win32.x86_64_21.0.8.v20250724-1412\jre\bin\extnet.dll
Event: 0.763 Loaded shared library C:\Users\Kavya Rajendran\.p2\pool\plugins\org.eclipse.justj.openjdk.hotspot.jre.full.win32.x86_64_21.0.8.v20250724-1412\jre\bin\management.dll
Event: 0.769 Loaded shared library C:\Users\Kavya Rajendran\.p2\pool\plugins\org.eclipse.justj.openjdk.hotspot.jre.full.win32.x86_64_21.0.8.v20250724-1412\jre\bin\management_ext.dll
Event: 1.703 Loaded shared library C:\Users\Kavya Rajendran\.p2\pool\plugins\org.eclipse.justj.openjdk.hotspot.jre.full.win32.x86_64_21.0.8.v20250724-1412\jre\bin\sunmscapi.dll

Deoptimization events (20 events):
Event: 2.491 Thread 0x00000207a849a2f0 Uncommon trap: trap_request=0xffffffde fr.pc=0x00000207b5c7f614 relative=0x0000000000000334
Event: 2.491 Thread 0x00000207a849a2f0 Uncommon trap: reason=class_check action=maybe_recompile pc=0x00000207b5c7f614 method=java.util.regex.Pattern$BmpCharPropertyGreedy.match(Ljava/util/regex/Matcher;ILjava/lang/CharSequence;)Z @ 26 c2
Event: 2.491 Thread 0x00000207a849a2f0 DEOPT PACKING pc=0x00000207b5c7f614 sp=0x000000bba40fdf40
Event: 2.491 Thread 0x00000207a849a2f0 DEOPT UNPACKING pc=0x00000207b57046a2 sp=0x000000bba40fdef8 mode 2
Event: 2.491 Thread 0x00000207a849a2f0 Uncommon trap: trap_request=0xffffffde fr.pc=0x00000207b5c7f614 relative=0x0000000000000334
Event: 2.491 Thread 0x00000207a849a2f0 Uncommon trap: reason=class_check action=maybe_recompile pc=0x00000207b5c7f614 method=java.util.regex.Pattern$BmpCharPropertyGreedy.match(Ljava/util/regex/Matcher;ILjava/lang/CharSequence;)Z @ 26 c2
Event: 2.491 Thread 0x00000207a849a2f0 DEOPT PACKING pc=0x00000207b5c7f614 sp=0x000000bba40fdf40
Event: 2.491 Thread 0x00000207a849a2f0 DEOPT UNPACKING pc=0x00000207b57046a2 sp=0x000000bba40fdef8 mode 2
Event: 2.526 Thread 0x000002080885f470 Uncommon trap: trap_request=0xffffffde fr.pc=0x00000207b5c7f614 relative=0x0000000000000334
Event: 2.526 Thread 0x000002080885f470 Uncommon trap: reason=class_check action=maybe_recompile pc=0x00000207b5c7f614 method=java.util.regex.Pattern$BmpCharPropertyGreedy.match(Ljava/util/regex/Matcher;ILjava/lang/CharSequence;)Z @ 26 c2
Event: 2.526 Thread 0x000002080885f470 DEOPT PACKING pc=0x00000207b5c7f614 sp=0x000000bba5ffe060
Event: 2.526 Thread 0x000002080885f470 DEOPT UNPACKING pc=0x00000207b57046a2 sp=0x000000bba5ffdff8 mode 2
Event: 2.534 Thread 0x000002080885f470 Uncommon trap: trap_request=0xffffff45 fr.pc=0x00000207b5cc4bfc relative=0x000000000000019c
Event: 2.534 Thread 0x000002080885f470 Uncommon trap: reason=unstable_if action=reinterpret pc=0x00000207b5cc4bfc method=java.lang.invoke.VarHandle.checkAccessModeThenIsDirect(Ljava/lang/invoke/VarHandle$AccessDescriptor;)Z @ 4 c2
Event: 2.534 Thread 0x000002080885f470 DEOPT PACKING pc=0x00000207b5cc4bfc sp=0x000000bba5ffe5f0
Event: 2.534 Thread 0x000002080885f470 DEOPT UNPACKING pc=0x00000207b57046a2 sp=0x000000bba5ffe548 mode 2
Event: 4.134 Thread 0x00000207a849a2f0 Uncommon trap: trap_request=0xffffffde fr.pc=0x00000207b5caf520 relative=0x0000000000000480
Event: 4.134 Thread 0x00000207a849a2f0 Uncommon trap: reason=class_check action=maybe_recompile pc=0x00000207b5caf520 method=java.util.HashMap.putVal(ILjava/lang/Object;Ljava/lang/Object;ZZ)Ljava/lang/Object; @ 253 c2
Event: 4.134 Thread 0x00000207a849a2f0 DEOPT PACKING pc=0x00000207b5caf520 sp=0x000000bba40fe430
Event: 4.134 Thread 0x00000207a849a2f0 DEOPT UNPACKING pc=0x00000207b57046a2 sp=0x000000bba40fe3c0 mode 2

Classes loaded (20 events):
Event: 4.421 Loading class java/util/ResourceBundle$CacheKeyReference done
Event: 4.421 Loading class java/util/ResourceBundle$KeyElementReference done
Event: 4.422 Loading class java/util/ResourceBundle$3
Event: 4.422 Loading class java/util/ResourceBundle$3 done
Event: 4.423 Loading class sun/util/logging/resources/logging
Event: 4.423 Loading class sun/util/logging/resources/logging done
Event: 4.423 Loading class java/util/ResourceBundle$BundleReference
Event: 4.424 Loading class java/util/ResourceBundle$BundleReference done
Event: 4.424 Loading class sun/util/logging/resources/logging_en
Event: 4.424 Loading class sun/util/logging/resources/logging_en done
Event: 4.424 Loading class sun/util/logging/resources/logging_en
Event: 4.424 Loading class sun/util/logging/resources/logging_en done
Event: 4.427 Loading class sun/util/logging/resources/logging_en_IN
Event: 4.427 Loading class sun/util/logging/resources/logging_en_IN done
Event: 4.427 Loading class sun/util/logging/resources/logging_en_IN
Event: 4.427 Loading class sun/util/logging/resources/logging_en_IN done
Event: 4.429 Loading class java/util/Formatter$DateTime
Event: 4.429 Loading class java/util/Formatter$DateTime done
Event: 4.430 Loading class java/time/ZonedDateTime$1
Event: 4.430 Loading class java/time/ZonedDateTime$1 done

Classes unloaded (0 events):
No events

Classes redefined (0 events):
No events

Internal exceptions (20 events):
Event: 1.930 Thread 0x00000207a849a2f0 Exception <a 'java/lang/NoSuchMethodError'{0x0000000088bd5610}: 'void java.lang.invoke.DirectMethodHandle$Holder.invokeVirtual(java.lang.Object, java.lang.Object)'> (0x0000000088bd5610) 
thrown [s\src\hotspot\share\interpreter\linkResolver.cpp, line 773]
Event: 2.118 Thread 0x00000207a849a2f0 Exception <a 'java/lang/NoSuchMethodError'{0x0000000089b91e48}: 'java.lang.Object java.lang.invoke.DirectMethodHandle$Holder.invokeStaticInit(java.lang.Object, int, int, int, int)'> (0x0000000089b91e48) 
thrown [s\src\hotspot\share\interpreter\linkResolver.cpp, line 773]
Event: 2.167 Thread 0x00000207a849a2f0 Exception <a 'java/lang/NoSuchMethodError'{0x0000000089a59718}: 'java.lang.Object java.lang.invoke.DirectMethodHandle$Holder.invokeStaticInit(java.lang.Object, java.lang.Object, int, int, int, int)'> (0x0000000089a59718) 
thrown [s\src\hotspot\share\interpreter\linkResolver.cpp, line 773]
Event: 2.488 Thread 0x00000207a849a2f0 Exception <a 'java/lang/NoSuchMethodError'{0x0000000089828c38}: 'java.lang.Object java.lang.invoke.DirectMethodHandle$Holder.invokeInterface(java.lang.Object, java.lang.Object, java.lang.Object)'> (0x0000000089828c38) 
thrown [s\src\hotspot\share\interpreter\linkResolver.cpp, line 773]
Event: 2.488 Thread 0x00000207a849a2f0 Exception <a 'java/lang/IncompatibleClassChangeError'{0x000000008982c040}: Found class java.lang.Object, but interface was expected> (0x000000008982c040) 
thrown [s\src\hotspot\share\interpreter\linkResolver.cpp, line 840]
Event: 2.490 Thread 0x00000207a849a2f0 Exception <a 'java/lang/NoSuchMethodError'{0x0000000089833670}: 'int java.lang.invoke.DirectMethodHandle$Holder.invokeSpecialIFC(java.lang.Object, java.lang.Object, java.lang.Object, java.lang.Object)'> (0x0000000089833670) 
thrown [s\src\hotspot\share\interpreter\linkResolver.cpp, line 773]
Event: 2.499 Thread 0x00000207a849a2f0 Exception <a 'java/lang/NoSuchMethodError'{0x0000000089851dc8}: 'java.lang.Object java.lang.invoke.DirectMethodHandle$Holder.invokeVirtual(java.lang.Object, java.lang.Object, java.lang.Object, java.lang.Object)'> (0x0000000089851dc8) 
thrown [s\src\hotspot\share\interpreter\linkResolver.cpp, line 773]
Event: 2.535 Thread 0x000002080885f470 Exception <a 'java/net/ConnectException'{0x000000008970aea8}: Connection refused: getsockopt> (0x000000008970aea8) 
thrown [s\src\hotspot\share\prims\jni.cpp, line 539]
Event: 2.548 Thread 0x000002080885f470 Exception <a 'java/net/ConnectException'{0x000000008970bff8}: Connection refused: getsockopt> (0x000000008970bff8) 
thrown [s\src\hotspot\share\prims\jni.cpp, line 539]
Event: 2.593 Thread 0x000002080885f470 Exception <a 'java/net/ConnectException'{0x000000008970cf40}: Connection refused: getsockopt> (0x000000008970cf40) 
thrown [s\src\hotspot\share\prims\jni.cpp, line 539]
Event: 2.765 Thread 0x00000207a849a2f0 Exception <a 'java/lang/NoSuchMethodError'{0x0000000089783698}: 'java.lang.Object java.lang.invoke.DirectMethodHandle$Holder.newInvokeSpecial(java.lang.Object, java.lang.Object, int, int)'> (0x0000000089783698) 
thrown [s\src\hotspot\share\interpreter\linkResolver.cpp, line 773]
Event: 2.772 Thread 0x00000207a849a2f0 Exception <a 'java/lang/NoSuchMethodError'{0x000000008978e180}: 'void java.lang.invoke.DirectMethodHandle$Holder.invokeStatic(java.lang.Object, java.lang.Object, int)'> (0x000000008978e180) 
thrown [s\src\hotspot\share\interpreter\linkResolver.cpp, line 773]
Event: 2.814 Thread 0x00000207a849a2f0 Exception <a 'java/lang/NoSuchMethodError'{0x0000000089609300}: 'java.lang.Object java.lang.invoke.DirectMethodHandle$Holder.newInvokeSpecial(java.lang.Object, java.lang.Object, java.lang.Object, java.lang.Object, java.lang.Object)'> (0x0000000089609300) 
thrown [s\src\hotspot\share\interpreter\linkResolver.cpp, line 773]
Event: 2.982 Thread 0x00000208088888c0 Exception <a 'java/lang/NoSuchMethodError'{0x000000008943c050}: 'java.lang.Object java.lang.invoke.DirectMethodHandle$Holder.invokeSpecial(java.lang.Object, java.lang.Object, java.lang.Object, java.lang.Object, int)'> (0x000000008943c050) 
thrown [s\src\hotspot\share\interpreter\linkResolver.cpp, line 773]
Event: 2.982 Thread 0x00000208088888c0 Exception <a 'java/lang/NoSuchMethodError'{0x000000008943f9b8}: 'java.lang.Object java.lang.invoke.Invokers$Holder.linkToTargetMethod(java.lang.Object, java.lang.Object, int, java.lang.Object)'> (0x000000008943f9b8) 
thrown [s\src\hotspot\share\interpreter\linkResolver.cpp, line 773]
Event: 3.004 Thread 0x00000208088888c0 Exception <a 'java/lang/NoSuchMethodError'{0x00000000894b3268}: 'void java.lang.invoke.DirectMethodHandle$Holder.invokeSpecial(java.lang.Object, java.lang.Object, java.lang.Object)'> (0x00000000894b3268) 
thrown [s\src\hotspot\share\interpreter\linkResolver.cpp, line 773]
Event: 3.018 Thread 0x00000208088888c0 Exception <a 'java/lang/NoSuchMethodError'{0x0000000089359488}: 'void java.lang.invoke.DirectMethodHandle$Holder.invokeSpecial(java.lang.Object, java.lang.Object, java.lang.Object, java.lang.Object, java.lang.Object)'> (0x0000000089359488) 
thrown [s\src\hotspot\share\interpreter\linkResolver.cpp, line 773]
Event: 4.071 Thread 0x00000208088c5400 Exception <a 'java/lang/NoSuchMethodError'{0x00000000892f1948}: 'void java.lang.invoke.DirectMethodHandle$Holder.invokeSpecial(java.lang.Object, java.lang.Object, java.lang.Object, java.lang.Object, java.lang.Object, java.lang.Object, java.lang.Object)'> (0x00000000892f1948) 
thrown [s\src\hotspot\share\interpreter\linkResolver.cpp, line 773]
Event: 4.112 Thread 0x00000207a849a2f0 Exception <a 'java/lang/NoSuchMethodError'{0x00000000891760c8}: 'java.lang.Object java.lang.invoke.DirectMethodHandle$Holder.invokeSpecialIFC(java.lang.Object, java.lang.Object, java.lang.Object)'> (0x00000000891760c8) 
thrown [s\src\hotspot\share\interpreter\linkResolver.cpp, line 773]
Event: 4.422 Thread 0x00000207a849a2f0 Exception <a 'java/lang/ClassNotFoundException'{0x0000000088c44990}: sun/util/logging/resources/spi/loggingProvider> (0x0000000088c44990) 
thrown [s\src\hotspot\share\classfile\systemDictionary.cpp, line 312]

ZGC Phase Switch (0 events):
No events

VM Operations (20 events):
Event: 1.716 Executing VM operation: HandshakeAllThreads (Deoptimize)
Event: 1.717 Executing VM operation: HandshakeAllThreads (Deoptimize) done
Event: 2.040 Executing VM operation: G1CollectForAllocation (G1 Evacuation Pause)
Event: 2.064 Executing VM operation: G1CollectForAllocation (G1 Evacuation Pause) done
Event: 2.514 Executing VM operation: HandshakeAllThreads (Deoptimize)
Event: 2.514 Executing VM operation: HandshakeAllThreads (Deoptimize) done
Event: 2.657 Executing VM operation: HandshakeAllThreads (Deoptimize)
Event: 2.657 Executing VM operation: HandshakeAllThreads (Deoptimize) done
Event: 3.660 Executing VM operation: Cleanup
Event: 3.660 Executing VM operation: Cleanup done
Event: 4.029 Executing VM operation: HandshakeAllThreads (Deoptimize)
Event: 4.030 Executing VM operation: HandshakeAllThreads (Deoptimize) done
Event: 4.036 Executing VM operation: HandshakeAllThreads (Deoptimize)
Event: 4.036 Executing VM operation: HandshakeAllThreads (Deoptimize) done
Event: 4.389 Executing VM operation: HandshakeAllThreads (Deoptimize)
Event: 4.389 Executing VM operation: HandshakeAllThreads (Deoptimize) done
Event: 4.406 Executing VM operation: HandshakeAllThreads (Deoptimize)
Event: 4.406 Executing VM operation: HandshakeAllThreads (Deoptimize) done
Event: 5.417 Executing VM operation: Cleanup
Event: 5.417 Executing VM operation: Cleanup done

Memory protections (0 events):
No events

Nmethod flushes (0 events):
No events

Events (20 events):
Event: 1.144 Thread 0x00000207c2996fd0 Thread exited: 0x00000207c2996fd0
Event: 1.368 Thread 0x00000207a849a2f0 Thread added: 0x00000207c2a35260
Event: 2.013 Thread 0x00000207c26a6d00 Thread added: 0x000002080877a770
Event: 2.447 Thread 0x00000207a849a2f0 Thread added: 0x00000208088282e0
Event: 2.511 Thread 0x00000207a849a2f0 Thread added: 0x00000208088084b0
Event: 2.515 Thread 0x00000207a849a2f0 Thread added: 0x0000020808816770
Event: 2.516 Thread 0x00000207a849a2f0 Thread added: 0x00000208088171e0
Event: 2.522 Thread 0x0000020808816770 Thread added: 0x000002080885f470
Event: 2.640 Thread 0x000002080877a770 Thread exited: 0x000002080877a770
Event: 2.655 Thread 0x000002080885f470 Thread added: 0x000002080877a770
Event: 2.852 Thread 0x00000207a849a2f0 Thread added: 0x00000208088888c0
Event: 2.866 Thread 0x00000207a849a2f0 Thread added: 0x00000208088c6120
Event: 3.034 Thread 0x00000208088282e0 Thread added: 0x00000208088c5400
Event: 3.039 Thread 0x00000208088282e0 Thread added: 0x00000208088c5a90
Event: 3.040 Thread 0x00000208088282e0 Thread added: 0x00000208088c39c0
Event: 4.234 Thread 0x00000207a849a2f0 Thread added: 0x00000208088c4d70
Event: 4.235 Thread 0x00000207a849a2f0 Thread added: 0x00000208088c2ca0
Event: 4.239 Thread 0x00000208088c4d70 Thread added: 0x00000208088c3330
Event: 4.241 Thread 0x00000208088c4d70 Thread added: 0x00000208088c4050
Event: 4.241 Thread 0x00000208088c4d70 Thread added: 0x00000208088c46e0


Dynamic libraries:
0x00007ff6eb6f0000 - 0x00007ff6eb6fe000 	C:\Users\Kavya Rajendran\.p2\pool\plugins\org.eclipse.justj.openjdk.hotspot.jre.full.win32.x86_64_21.0.8.v20250724-1412\jre\bin\javaw.exe
0x00007ffe691e0000 - 0x00007ffe69447000 	C:\WINDOWS\SYSTEM32\ntdll.dll
0x00007ffe67cb0000 - 0x00007ffe67d79000 	C:\WINDOWS\System32\KERNEL32.DLL
0x00007ffe65ac0000 - 0x00007ffe65eb1000 	C:\WINDOWS\System32\KERNELBASE.dll
0x00007ffe661b0000 - 0x00007ffe662fb000 	C:\WINDOWS\System32\ucrtbase.dll
0x00007ffe5c880000 - 0x00007ffe5c898000 	C:\Users\Kavya Rajendran\.p2\pool\plugins\org.eclipse.justj.openjdk.hotspot.jre.full.win32.x86_64_21.0.8.v20250724-1412\jre\bin\jli.dll
0x00007ffe566f0000 - 0x00007ffe5670e000 	C:\Users\Kavya Rajendran\.p2\pool\plugins\org.eclipse.justj.openjdk.hotspot.jre.full.win32.x86_64_21.0.8.v20250724-1412\jre\bin\VCRUNTIME140.dll
0x00007ffe68330000 - 0x00007ffe684f5000 	C:\WINDOWS\System32\USER32.dll
0x00007ffe66f50000 - 0x00007ffe66f77000 	C:\WINDOWS\System32\win32u.dll
0x00007ffe522c0000 - 0x00007ffe52553000 	C:\WINDOWS\WinSxS\amd64_microsoft.windows.common-controls_6595b64144ccf1df_6.0.26100.8037_none_3e092faae333b53b\COMCTL32.dll
0x00007ffe67ff0000 - 0x00007ffe6801b000 	C:\WINDOWS\System32\GDI32.dll
0x00007ffe66e20000 - 0x00007ffe66f4b000 	C:\WINDOWS\System32\gdi32full.dll
0x00007ffe66b70000 - 0x00007ffe66c13000 	C:\WINDOWS\System32\msvcp_win.dll
0x00007ffe67ab0000 - 0x00007ffe67b59000 	C:\WINDOWS\System32\msvcrt.dll
0x00007ffe67940000 - 0x00007ffe67971000 	C:\WINDOWS\System32\IMM32.DLL
0x00007ffe5c870000 - 0x00007ffe5c87c000 	C:\Users\Kavya Rajendran\.p2\pool\plugins\org.eclipse.justj.openjdk.hotspot.jre.full.win32.x86_64_21.0.8.v20250724-1412\jre\bin\vcruntime140_1.dll
0x00007ffe33ad0000 - 0x00007ffe33b5d000 	C:\Users\Kavya Rajendran\.p2\pool\plugins\org.eclipse.justj.openjdk.hotspot.jre.full.win32.x86_64_21.0.8.v20250724-1412\jre\bin\msvcp140.dll
0x00007ffe169b0000 - 0x00007ffe17747000 	C:\Users\Kavya Rajendran\.p2\pool\plugins\org.eclipse.justj.openjdk.hotspot.jre.full.win32.x86_64_21.0.8.v20250724-1412\jre\bin\server\jvm.dll
0x00007ffe67b70000 - 0x00007ffe67c2b000 	C:\WINDOWS\System32\ADVAPI32.dll
0x00007ffe680b0000 - 0x00007ffe68157000 	C:\WINDOWS\System32\sechost.dll
0x00007ffe67480000 - 0x00007ffe67598000 	C:\WINDOWS\System32\RPCRT4.dll
0x00007ffe67c30000 - 0x00007ffe67ca4000 	C:\WINDOWS\System32\WS2_32.dll
0x00007ffe65940000 - 0x00007ffe6599e000 	C:\WINDOWS\SYSTEM32\POWRPROF.dll
0x00007ffe520a0000 - 0x00007ffe520d5000 	C:\WINDOWS\SYSTEM32\WINMM.dll
0x00007ffe5cb00000 - 0x00007ffe5cb0b000 	C:\WINDOWS\SYSTEM32\VERSION.dll
0x00007ffe65920000 - 0x00007ffe65934000 	C:\WINDOWS\SYSTEM32\UMPDC.dll
0x00007ffe64810000 - 0x00007ffe6482b000 	C:\WINDOWS\SYSTEM32\kernel.appcore.dll
0x00007ffe57130000 - 0x00007ffe5713a000 	C:\Users\Kavya Rajendran\.p2\pool\plugins\org.eclipse.justj.openjdk.hotspot.jre.full.win32.x86_64_21.0.8.v20250724-1412\jre\bin\jimage.dll
0x00007ffe63c10000 - 0x00007ffe63e52000 	C:\WINDOWS\SYSTEM32\DBGHELP.DLL
0x00007ffe66f80000 - 0x00007ffe67302000 	C:\WINDOWS\System32\combase.dll
0x00007ffe67790000 - 0x00007ffe67867000 	C:\WINDOWS\System32\OLEAUT32.dll
0x00007ffe3fea0000 - 0x00007ffe3fedb000 	C:\WINDOWS\SYSTEM32\dbgcore.DLL
0x00007ffe66d70000 - 0x00007ffe66e15000 	C:\WINDOWS\System32\bcryptPrimitives.dll
0x00007ffe56290000 - 0x00007ffe562af000 	C:\Users\Kavya Rajendran\.p2\pool\plugins\org.eclipse.justj.openjdk.hotspot.jre.full.win32.x86_64_21.0.8.v20250724-1412\jre\bin\java.dll
0x00007ffe68990000 - 0x00007ffe690ef000 	C:\WINDOWS\System32\SHELL32.dll
0x00007ffe65ec0000 - 0x00007ffe6602a000 	C:\WINDOWS\System32\wintypes.dll
0x00007ffe66300000 - 0x00007ffe66b64000 	C:\WINDOWS\System32\windows.storage.dll
0x00007ffe68160000 - 0x00007ffe68257000 	C:\WINDOWS\System32\SHCORE.dll
0x00007ffe68260000 - 0x00007ffe682c7000 	C:\WINDOWS\System32\shlwapi.dll
0x00007ffe659e0000 - 0x00007ffe65a09000 	C:\WINDOWS\SYSTEM32\profapi.dll
0x00007ffe56180000 - 0x00007ffe56198000 	C:\Users\Kavya Rajendran\.p2\pool\plugins\org.eclipse.justj.openjdk.hotspot.jre.full.win32.x86_64_21.0.8.v20250724-1412\jre\bin\zip.dll
0x00007ffe569a0000 - 0x00007ffe569b0000 	C:\Users\Kavya Rajendran\.p2\pool\plugins\org.eclipse.justj.openjdk.hotspot.jre.full.win32.x86_64_21.0.8.v20250724-1412\jre\bin\net.dll
0x00007ffe5c360000 - 0x00007ffe5c487000 	C:\WINDOWS\SYSTEM32\WINHTTP.dll
0x00007ffe64d60000 - 0x00007ffe64dcb000 	C:\WINDOWS\system32\mswsock.dll
0x00007ffe55a10000 - 0x00007ffe55a26000 	C:\Users\Kavya Rajendran\.p2\pool\plugins\org.eclipse.justj.openjdk.hotspot.jre.full.win32.x86_64_21.0.8.v20250724-1412\jre\bin\nio.dll
0x00007ffe56540000 - 0x00007ffe56549000 	C:\Users\Kavya Rajendran\.p2\pool\plugins\org.eclipse.justj.openjdk.hotspot.jre.full.win32.x86_64_21.0.8.v20250724-1412\jre\bin\extnet.dll
0x00007ffe64290000 - 0x00007ffe643ba000 	C:\WINDOWS\SYSTEM32\DNSAPI.dll
0x00007ffe64120000 - 0x00007ffe64153000 	C:\WINDOWS\SYSTEM32\IPHLPAPI.DLL
0x00007ffe67310000 - 0x00007ffe6731a000 	C:\WINDOWS\System32\NSI.dll
0x00007ffe560b0000 - 0x00007ffe560bb000 	C:\Windows\System32\rasadhlp.dll
0x00007ffe571d0000 - 0x00007ffe57256000 	C:\WINDOWS\System32\fwpuclnt.dll
0x00007ffe56220000 - 0x00007ffe5622a000 	C:\Users\Kavya Rajendran\.p2\pool\plugins\org.eclipse.justj.openjdk.hotspot.jre.full.win32.x86_64_21.0.8.v20250724-1412\jre\bin\management.dll
0x00007ffe55ce0000 - 0x00007ffe55ceb000 	C:\Users\Kavya Rajendran\.p2\pool\plugins\org.eclipse.justj.openjdk.hotspot.jre.full.win32.x86_64_21.0.8.v20250724-1412\jre\bin\management_ext.dll
0x00007ffe67b60000 - 0x00007ffe67b68000 	C:\WINDOWS\System32\PSAPI.DLL
0x00007ffe55be0000 - 0x00007ffe55bee000 	C:\Users\Kavya Rajendran\.p2\pool\plugins\org.eclipse.justj.openjdk.hotspot.jre.full.win32.x86_64_21.0.8.v20250724-1412\jre\bin\sunmscapi.dll
0x00007ffe66030000 - 0x00007ffe661a7000 	C:\WINDOWS\System32\CRYPT32.dll
0x00007ffe652c0000 - 0x00007ffe652f0000 	C:\WINDOWS\SYSTEM32\ncrypt.dll
0x00007ffe65270000 - 0x00007ffe652af000 	C:\WINDOWS\SYSTEM32\NTASN1.dll
0x00007ffe65160000 - 0x00007ffe6517b000 	C:\WINDOWS\SYSTEM32\CRYPTSP.dll
0x00007ffe64770000 - 0x00007ffe647a9000 	C:\WINDOWS\system32\rsaenh.dll
0x00007ffe64e10000 - 0x00007ffe64e42000 	C:\WINDOWS\SYSTEM32\USERENV.dll
0x00007ffe659b0000 - 0x00007ffe659da000 	C:\WINDOWS\SYSTEM32\bcrypt.dll
0x00007ffe64fc0000 - 0x00007ffe64fcc000 	C:\WINDOWS\SYSTEM32\CRYPTBASE.dll
0x00007ffe51770000 - 0x00007ffe51778000 	C:\WINDOWS\system32\wshunix.dll

JVMTI agents: none

dbghelp: loaded successfully - version: 4.0.5 - missing functions: none
symbol engine: initialized successfully - sym options: 0x614 - pdb path: .;C:\Users\Kavya Rajendran\.p2\pool\plugins\org.eclipse.justj.openjdk.hotspot.jre.full.win32.x86_64_21.0.8.v20250724-1412\jre\bin;C:\WINDOWS\SYSTEM32;C:\WINDOWS\WinSxS\amd64_microsoft.windows.common-controls_6595b64144ccf1df_6.0.26100.8037_none_3e092faae333b53b;C:\Users\Kavya Rajendran\.p2\pool\plugins\org.eclipse.justj.openjdk.hotspot.jre.full.win32.x86_64_21.0.8.v20250724-1412\jre\bin\server

VM Arguments:
jvm_args: -Dfile.encoding=UTF-8 -Dstdout.encoding=UTF-8 -Dstderr.encoding=UTF-8 -XX:+ShowCodeDetailsInExceptionMessages 
java_command: shopperStack.ShopperStack1
java_class_path (initial): C:\Users\Kavya Rajendran\git\repository2\Selenium\target\test-classes;C:\Users\Kavya Rajendran\git\repository2\Selenium\target\classes;C:\Users\Kavya Rajendran\.m2\repository\org\seleniumhq\selenium\selenium-java\4.38.0\selenium-java-4.38.0.jar;C:\Users\Kavya Rajendran\.m2\repository\org\seleniumhq\selenium\selenium-api\4.38.0\selenium-api-4.38.0.jar;C:\Users\Kavya Rajendran\.m2\repository\org\jspecify\jspecify\1.0.0\jspecify-1.0.0.jar;C:\Users\Kavya Rajendran\.m2\repository\org\seleniumhq\selenium\selenium-chrome-driver\4.38.0\selenium-chrome-driver-4.38.0.jar;C:\Users\Kavya Rajendran\.m2\repository\com\google\auto\service\auto-service-annotations\1.1.1\auto-service-annotations-1.1.1.jar;C:\Users\Kavya Rajendran\.m2\repository\org\seleniumhq\selenium\selenium-chromium-driver\4.38.0\selenium-chromium-driver-4.38.0.jar;C:\Users\Kavya Rajendran\.m2\repository\org\seleniumhq\selenium\selenium-json\4.38.0\selenium-json-4.38.0.jar;C:\Users\Kavya Rajendran\.m2\repository\org\seleniumhq\selenium\selenium-manager\4.38.0\selenium-manager-4.38.0.jar;C:\Users\Kavya Rajendran\.m2\repository\org\seleniumhq\selenium\selenium-devtools-v140\4.38.0\selenium-devtools-v140-4.38.0.jar;C:\Users\Kavya Rajendran\.m2\repository\org\seleniumhq\selenium\selenium-devtools-v141\4.38.0\selenium-devtools-v141-4.38.0.jar;C:\Users\Kavya Rajendran\.m2\repository\org\seleniumhq\selenium\selenium-devtools-v142\4.38.0\selenium-devtools-v142-4.38.0.jar;C:\Users\Kavya Rajendran\.m2\repository\org\seleniumhq\selenium\selenium-edge-driver\4.38.0\selenium-edge-driver-4.38.0.jar;C:\Users\Kavya Rajendran\.m2\repository\org\seleniumhq\selenium\selenium-firefox-driver\4.38.0\selenium-firefox-driver-4.38.0.jar;C:\Users\Kavya Rajendran\.m2\repository\org\seleniumhq\selenium\selenium-http\4.38.0\selenium-http-4.38.0.jar;C:\Users\Kavya Rajendran\.m2\repository\org\seleniumhq\selenium\selenium-ie-driver\4.38.0\selenium-ie-driver-4.38.0.jar;C:\Users\Kavya Rajendran\.m2\repository\org\seleniumhq\selenium\selenium-remote-driver\4.38.0\selenium-remote-driver-4.38.0.jar;C:\Users\Kavya Rajendran\.m2\repository\com\google\guava\guava\33.5.0-jre\guava-33.5.0-jre.jar;C:\Users\Kavya Rajendran\.m2\repository\com\google\guava\failureaccess\1.0.3\failureaccess-1.0.3.jar;C:\Users\Kavya Rajendran\.m2\repository\com\google\guava\listenablefuture\9999.0-empty-to-avoid-conflict-with-guava\listenablefuture-9999.0-empty-to-avoid-conflict-with-guava.jar;C:\Users\Kavya Rajendran\.m2\repository\com\google\errorprone\error_prone_annotations\2.41.0\error_prone_annotations-2.41.0.jar;C:\Users\Kavya Rajendran\.m2\repository\com\google\j2objc\j2objc-annotations\3.1\j2objc-annotations-3.1.jar;C:\Users\Kavya Rajendran\.m2\repository\io\opentelemetry\opentelemetry-api\1.55.0\opentelemetry-api-1.55.0.jar;C:\Users\Kavya Rajendran\.m2\repository\io\opentelemetry\opentelemetry-context\1.55.0\opentelemetry-context-1.55.0.jar;C:\Users\Kavya Rajendran\.m2\repository\io\opentelemetry\opentelemetry-common\1.55.0\opentelemetry-common-1.55.0.jar;C:\Users\Kavya Rajendran\.m2\repository\io\opentelemetry\opentelemetry-exporter-logging\1.55.0\opentelemetry-exporter-logging-1.55.0.jar;C:\Users\Kavya Rajendran\.m2\repository\io\opentelemetry\opentelemetry-sdk-common\1.55.0\opentelemetry-sdk-common-1.55.0.jar;C:\Users\Kavya Rajendran\.m2\repository\io\opentelemetry\opentelemetry-sdk-extension-autoconfigure-spi\1.55.0\opentelemetry-sdk-extension-autoconfigure-spi-1.55.0.jar;C:\Users\Kavya Rajendran\.m2\repository\io\opentelemetry\opentelemetry-sdk-extension-autoconfigure\1.55.0\opentelemetry-sdk-extension-autoconfigure-1.55.0.jar;C:\Users\Kavya Rajendran\.m2\repository\io\opentelemetry\opentelemetry-sdk-trace\1.55.0\opentelemetry-sdk-trace-1.55.0.jar;C:\Users\Kavya Rajendran\.m2\repository\io\opentelemetry\opentelemetry-sdk\1.55.0\opentelemetry-sdk-1.55.0.jar;C:\Users\Kavya Rajendran\.m2\repository\io\opentelemetry\opentelemetry-sdk-metrics\1.55.0\opentelemetry-sdk-metrics-1.55.0.jar;C:\Users\Kavya Rajendran\.m2\repository\io\opentelemetry\opentelemetry-sdk-logs\1.55.0\opentelemetry-sdk-logs-1.55.0.jar;C:\Users\Kavya Rajendran\.m2\repository\net\bytebuddy\byte-buddy\1.17.8\byte-buddy-1.17.8.jar;C:\Users\Kavya Rajendran\.m2\repository\org\seleniumhq\selenium\selenium-os\4.38.0\selenium-os-4.38.0.jar;C:\Users\Kavya Rajendran\.m2\repository\org\apache\commons\commons-exec\1.5.0\commons-exec-1.5.0.jar;C:\Users\Kavya Rajendran\.m2\repository\org\seleniumhq\selenium\selenium-safari-driver\4.38.0\selenium-safari-driver-4.38.0.jar;C:\Users\Kavya Rajendran\.m2\repository\org\seleniumhq\selenium\selenium-support\4.38.0\selenium-support-4.38.0.jar;C:\Users\Kavya Rajendran\.m2\repository\org\apache\poi\poi\5.5.1\poi-5.5.1.jar;C:\Users\Kavya Rajendran\.m2\repository\commons-codec\commons-codec\1.20.0\commons-codec-1.20.0.jar;C:\Users\Kavya Rajendran\.m2\repository\org\apache\commons\commons-collections4\4.5.0\commons-collections4-4.5.0.jar;C:\Users\Kavya Rajendran\.m2\repository\org\apache\commons\commons-math3\3.6.1\commons-math3-3.6.1.jar;C:\Users\Kavya Rajendran\.m2\repository\commons-io\commons-io\2.21.0\commons-io-2.21.0.jar;C:\Users\Kavya Rajendran\.m2\repository\com\zaxxer\SparseBitSet\1.3\SparseBitSet-1.3.jar;C:\Users\Kavya Rajendran\.m2\repository\org\apache\logging\log4j\log4j-api\2.24.3\log4j-api-2.24.3.jar;C:\Users\Kavya Rajendran\.m2\repository\org\apache\poi\poi-ooxml\5.5.1\poi-ooxml-5.5.1.jar;C:\Users\Kavya Rajendran\.m2\repository\org\apache\poi\poi-ooxml-lite\5.5.1\poi-ooxml-lite-5.5.1.jar;C:\Users\Kavya Rajendran\.m2\repository\org\apache\xmlbeans\xmlbeans\5.3.0\xmlbeans-5.3.0.jar;C:\Users\Kavya Rajendran\.m2\repository\org\apache\commons\commons-compress\1.28.0\commons-compress-1.28.0.jar;C:\Users\Kavya Rajendran\.m2\repository\org\apache\commons\commons-lang3\3.18.0\commons-lang3-3.18.0.jar;C:\Users\Kavya Rajendran\.m2\repository\com\github\virtuald\curvesapi\1.08\curvesapi-1.08.jar;C:\Users\Kavya Rajendran\.m2\repository\com\googlecode\json-simple\json-simple\1.1\json-simple-1.1.jar;C:\Users\Kavya Rajendran\.m2\repository\org\testng\testng\7.12.0\testng-7.12.0.jar;C:\Users\Kavya Rajendran\.m2\repository\org\slf4j\slf4j-api\2.0.16\slf4j-api-2.0.16.jar;C:\Users\Kavya Rajendran\.m2\repository\org\jcommander\jcommander\1.83\jcommander-1.83.jar;C:\Users\Kavya Rajendran\.m2\repository\org\webjars\jquery\3.7.1\jquery-3.7.1.jar;C:\Users\Kavya Rajendran\.m2\repository\net\sourceforge\tess4j\tess4j\5.18.0\tess4j-5.18.0.jar;C:\Users\Kavya Rajendran\.m2\repository\net\java\dev\jna\jna\5.18.1\jna-5.18.1.jar;C:\Users\Kavya Rajendran\.m2\repository\com\github\jai-imageio\jai-imageio-core\1.4.0\jai-imageio-core-1.4.0.jar;C:\Users\Kavya Rajendran\.m2\repository\org\apache\pdfbox\pdfbox\3.0.6\pdfbox-3.0.6.jar;C:\Users\Kavya Rajendran\.m2\repository\org\apache\pdfbox\pdfbox-io\3.0.6\pdfbox-io-3.0.6.jar;C:\Users\Kavya Rajendran\.m2\repository\org\apache\pdfbox\fontbox\3.0.6\fontbox-3.0.6.jar;C:\Users\Kavya Rajendran\.m2\repository\commons-logging\commons-logging\1.3.5\commons-logging-1.3.5.jar;C:\Users\Kavya Rajendran\.m2\repository\org\apache\pdfbox\pdfbox-tools\3.0.6\pdfbox-tools-3.0.6.jar;C:\Users\Kavya Rajendran\.m2\repository\org\apache\pdfbox\pdfbox-debugger\3.0.6\pdfbox-debugger-3.0.6.jar;C:\Users\Kavya Rajendran\.m2\repository\org\bouncycastle\bcpkix-jdk18on\1.82\bcpkix-jdk18on-1.82.jar;C:\Users\Kavya Rajendran\.m2\repository\org\bouncycastle\bcutil-jdk18on\1.82\bcutil-jdk18on-1.82.jar;C:\Users\Kavya Rajendran\.m2\repository\org\bouncycastle\bcprov-jdk18on\1.82\bcprov-jdk18on-1.82.jar;C:\Users\Kavya Rajendran\.m2\repository\info\picocli\picocli\4.7.7\picocli-4.7.7.jar;C:\Users\Kavya Rajendran\.m2\repository\org\apache\pdfbox\jbig2-imageio\3.0.4\jbig2-imageio-3.0.4.jar;C:\Users\Kavya Rajendran\.m2\repository\net\sourceforge\lept4j\lept4j\1.23.0\lept4j-1.23.0.jar;C:\Users\Kavya Rajendran\.m2\repository\org\jboss\jboss-vfs\3.2.17.Final\jboss-vfs-3.2.17.Final.jar;C:\Users\Kavya Rajendran\.m2\repository\org\jboss\logging\jboss-logging\3.1.4.GA\jboss-logging-3.1.4.GA.jar
Launcher Type: SUN_STANDARD

[Global flags]
     intx CICompilerCount                          = 4                                         {product} {ergonomic}
     uint ConcGCThreads                            = 2                                         {product} {ergonomic}
     uint G1ConcRefinementThreads                  = 8                                         {product} {ergonomic}
   size_t G1HeapRegionSize                         = 1048576                                   {product} {ergonomic}
    uintx GCDrainStackTargetSize                   = 64                                        {product} {ergonomic}
   size_t InitialHeapSize                          = 134217728                                 {product} {ergonomic}
   size_t MarkStackSize                            = 4194304                                   {product} {ergonomic}
   size_t MaxHeapSize                              = 2116026368                                {product} {ergonomic}
   size_t MaxNewSize                               = 1268776960                                {product} {ergonomic}
   size_t MinHeapDeltaBytes                        = 1048576                                   {product} {ergonomic}
   size_t MinHeapSize                              = 8388608                                   {product} {ergonomic}
    uintx NonNMethodCodeHeapSize                   = 5839372                                {pd product} {ergonomic}
    uintx NonProfiledCodeHeapSize                  = 122909434                              {pd product} {ergonomic}
    uintx ProfiledCodeHeapSize                     = 122909434                              {pd product} {ergonomic}
    uintx ReservedCodeCacheSize                    = 251658240                              {pd product} {ergonomic}
     bool SegmentedCodeCache                       = true                                      {product} {ergonomic}
     bool ShowCodeDetailsInExceptionMessages       = true                                   {manageable} {command line}
   size_t SoftMaxHeapSize                          = 2116026368                             {manageable} {ergonomic}
     bool UseCompressedOops                        = true                           {product lp64_product} {ergonomic}
     bool UseG1GC                                  = true                                      {product} {ergonomic}
     bool UseLargePagesIndividualAllocation        = false                                  {pd product} {ergonomic}

Logging:
Log output configuration:
 #0: stdout all=warning uptime,level,tags foldmultilines=false
 #1: stderr all=off uptime,level,tags foldmultilines=false

Environment Variables:
PATH=C:/Users/Kavya Rajendran/.p2/pool/plugins/org.eclipse.justj.openjdk.hotspot.jre.full.win32.x86_64_21.0.10.v20260205-0638/jre/bin/server;C:/Users/Kavya Rajendran/.p2/pool/plugins/org.eclipse.justj.openjdk.hotspot.jre.full.win32.x86_64_21.0.10.v20260205-0638/jre/bin;C:\oracle\product\10.2.0\db_1\bin;C:\Program Files\Common Files\Oracle\Java\javapath;C:\WINDOWS\system32;C:\WINDOWS;C:\WINDOWS\System32\Wbem;C:\WINDOWS\System32\WindowsPowerShell\v1.0\;C:\WINDOWS\System32\OpenSSH\;C:\Users\Kavya Rajendran\AppData\Local\Microsoft\WindowsApps;;C:\Users\Kavya Rajendran\OneDrive\Desktop;
USERNAME=Kavya Rajendran
OS=Windows_NT
PROCESSOR_IDENTIFIER=Intel64 Family 6 Model 142 Stepping 10, GenuineIntel
TMP=C:\Users\KAVYAR~1\AppData\Local\Temp
TEMP=C:\Users\KAVYAR~1\AppData\Local\Temp




Periodic native trim disabled

---------------  S Y S T E M  ---------------

OS:
 Windows 11 , 64 bit Build 26100 (10.0.26100.7920)
OS uptime: 4 days 20:06 hours
Hyper-V role detected

CPU: total 8 (initial active 8) (4 cores per cpu, 2 threads per core) family 6 model 142 stepping 10 microcode 0xf4, cx8, cmov, fxsr, ht, mmx, 3dnowpref, sse, sse2, sse3, ssse3, sse4.1, sse4.2, popcnt, lzcnt, tsc, tscinvbit, avx, avx2, aes, erms, clmul, bmi1, bmi2, rtm, adx, fma, vzeroupper, clflush, clflushopt, hv, rdtscp, f16c
Processor Information for the first 8 processors :
  Max Mhz: 1896, Current Mhz: 1496, Mhz Limit: 1687

Memory: 4k page, system-wide physical 8070M (1286M free)
TotalPageFile size 10118M (AvailPageFile size 5M)
current process WorkingSet (physical memory assigned to process): 116M, peak: 127M
current process commit charge ("private bytes"): 245M, peak: 255M

vm_info: OpenJDK 64-Bit Server VM (21.0.8+9-LTS) for windows-amd64 JRE (21.0.8+9-LTS), built on 2025-07-15T00:00:00Z by "admin" with MS VC++ 17.7 (VS2022)

END.
